[2025-07-26T18:16:57.270+0000] {taskinstance.py:1956} INFO - Dependencies all met for dep_context=non-requeueable deps ti=<TaskInstance: pl001_ingest_crypto_postgres.dbt_curated_transformation manual__2025-07-26T18:16:56.362462+00:00 [queued]>
[2025-07-26T18:16:57.291+0000] {taskinstance.py:1956} INFO - Dependencies all met for dep_context=requeueable deps ti=<TaskInstance: pl001_ingest_crypto_postgres.dbt_curated_transformation manual__2025-07-26T18:16:56.362462+00:00 [queued]>
[2025-07-26T18:16:57.294+0000] {taskinstance.py:2170} INFO - Starting attempt 1 of 1
[2025-07-26T18:16:57.325+0000] {taskinstance.py:2191} INFO - Executing <Task(BashOperator): dbt_curated_transformation> on 2025-07-26 18:16:56.362462+00:00
[2025-07-26T18:16:57.337+0000] {standard_task_runner.py:60} INFO - Started process 1388 to run task
[2025-07-26T18:16:57.346+0000] {standard_task_runner.py:87} INFO - Running: ['***', 'tasks', 'run', 'pl001_ingest_crypto_postgres', 'dbt_curated_transformation', 'manual__2025-07-26T18:16:56.362462+00:00', '--job-id', '83', '--raw', '--subdir', 'DAGS_FOLDER/***_pipeline.py', '--cfg-path', '/tmp/tmp0d4zxeuk']
[2025-07-26T18:16:57.354+0000] {standard_task_runner.py:88} INFO - Job 83: Subtask dbt_curated_transformation
[2025-07-26T18:16:57.409+0000] {logging_mixin.py:188} WARNING - /home/***/.local/lib/python3.10/site-packages/***/settings.py:194 DeprecationWarning: The sql_alchemy_conn option in [core] has been moved to the sql_alchemy_conn option in [database] - the old setting has been used, but please update your config.
[2025-07-26T18:16:57.501+0000] {task_command.py:423} INFO - Running <TaskInstance: pl001_ingest_crypto_postgres.dbt_curated_transformation manual__2025-07-26T18:16:56.362462+00:00 [running]> on host dfd1c4a1c4e4
[2025-07-26T18:16:58.005+0000] {taskinstance.py:2480} INFO - Exporting env vars: AIRFLOW_CTX_DAG_OWNER='***' AIRFLOW_CTX_DAG_ID='pl001_ingest_crypto_postgres' AIRFLOW_CTX_TASK_ID='dbt_curated_transformation' AIRFLOW_CTX_EXECUTION_DATE='2025-07-26T18:16:56.362462+00:00' AIRFLOW_CTX_TRY_NUMBER='1' AIRFLOW_CTX_DAG_RUN_ID='manual__2025-07-26T18:16:56.362462+00:00'
[2025-07-26T18:16:58.121+0000] {subprocess.py:63} INFO - Tmp dir root location: /tmp
[2025-07-26T18:16:58.183+0000] {subprocess.py:75} INFO - Running command: ['/usr/bin/bash', '-c', '\n        export DBT_LOG_PATH=/tmp/dbt &&         mkdir -p /tmp/dbt &&         cd /opt/***/dbt &&         dbt run \n        ']
[2025-07-26T18:16:58.313+0000] {subprocess.py:86} INFO - Output:
[2025-07-26T18:17:10.071+0000] {subprocess.py:93} INFO - [0m18:17:10  Running with dbt=1.7.14
[2025-07-26T18:17:10.572+0000] {subprocess.py:93} INFO - [0m18:17:10  Registered adapter: postgres=1.7.14
[2025-07-26T18:17:14.171+0000] {subprocess.py:93} INFO - [0m18:17:14  Found 5 models, 5 tests, 2 sources, 0 exposures, 0 metrics, 401 macros, 0 groups, 0 semantic models
[2025-07-26T18:17:14.176+0000] {subprocess.py:93} INFO - [0m18:17:14
[2025-07-26T18:17:14.360+0000] {subprocess.py:93} INFO - [0m18:17:14  Concurrency: 4 threads (target='dev')
[2025-07-26T18:17:14.361+0000] {subprocess.py:93} INFO - [0m18:17:14
[2025-07-26T18:17:14.377+0000] {subprocess.py:93} INFO - [0m18:17:14  1 of 5 START sql table model core_curated.historical_data ...................... [RUN]
[2025-07-26T18:17:14.378+0000] {subprocess.py:93} INFO - [0m18:17:14  2 of 5 START sql table model core_curated.market_data .......................... [RUN]
[2025-07-26T18:17:14.771+0000] {subprocess.py:93} INFO - [0m18:17:14  2 of 5 OK created sql table model core_curated.market_data ..................... [[32mSELECT 10[0m in 0.39s]
[2025-07-26T18:17:14.774+0000] {subprocess.py:93} INFO - [0m18:17:14  1 of 5 OK created sql table model core_curated.historical_data ................. [[32mSELECT 1209[0m in 0.39s]
[2025-07-26T18:17:14.784+0000] {subprocess.py:93} INFO - [0m18:17:14  3 of 5 START sql table model core_pro.dim_coin ................................. [RUN]
[2025-07-26T18:17:14.786+0000] {subprocess.py:93} INFO - [0m18:17:14  4 of 5 START sql table model core_pro.dim_date ................................. [RUN]
[2025-07-26T18:17:15.036+0000] {subprocess.py:93} INFO - [0m18:17:15  4 of 5 OK created sql table model core_pro.dim_date ............................ [[32mSELECT 6[0m in 0.25s]
[2025-07-26T18:17:15.047+0000] {subprocess.py:93} INFO - [0m18:17:15  3 of 5 OK created sql table model core_pro.dim_coin ............................ [[32mSELECT 10[0m in 0.26s]
[2025-07-26T18:17:15.050+0000] {subprocess.py:93} INFO - [0m18:17:15  5 of 5 START sql incremental model core_pro.fact_coins ......................... [RUN]
[2025-07-26T18:17:15.069+0000] {subprocess.py:93} INFO - [0m18:17:15  5 of 5 ERROR creating sql incremental model core_pro.fact_coins ................ [[31mERROR[0m in 0.02s]
[2025-07-26T18:17:15.094+0000] {subprocess.py:93} INFO - [0m18:17:15
[2025-07-26T18:17:15.100+0000] {subprocess.py:93} INFO - [0m18:17:15  Finished running 4 table models, 1 incremental model in 0 hours 0 minutes and 0.92 seconds (0.92s).
[2025-07-26T18:17:15.131+0000] {subprocess.py:93} INFO - [0m18:17:15
[2025-07-26T18:17:15.131+0000] {subprocess.py:93} INFO - [0m18:17:15  [31mCompleted with 1 error and 0 warnings:[0m
[2025-07-26T18:17:15.134+0000] {subprocess.py:93} INFO - [0m18:17:15
[2025-07-26T18:17:15.135+0000] {subprocess.py:93} INFO - [0m18:17:15    Compilation Error in model fact_coins (models/processed/fact_coins.sql)
[2025-07-26T18:17:15.137+0000] {subprocess.py:93} INFO -   'dbt_utils' is undefined. This can happen when calling a macro that does not exist. Check for typos and/or install package dependencies with "dbt deps".
[2025-07-26T18:17:15.139+0000] {subprocess.py:93} INFO - [0m18:17:15
[2025-07-26T18:17:15.142+0000] {subprocess.py:93} INFO - [0m18:17:15  Done. PASS=4 WARN=0 ERROR=1 SKIP=0 TOTAL=5
[2025-07-26T18:17:16.996+0000] {subprocess.py:97} INFO - Command exited with return code 1
[2025-07-26T18:17:17.032+0000] {taskinstance.py:2698} ERROR - Task failed with exception
Traceback (most recent call last):
  File "/home/airflow/.local/lib/python3.10/site-packages/airflow/models/taskinstance.py", line 433, in _execute_task
    result = execute_callable(context=context, **execute_callable_kwargs)
  File "/home/airflow/.local/lib/python3.10/site-packages/airflow/operators/bash.py", line 212, in execute
    raise AirflowException(
airflow.exceptions.AirflowException: Bash command failed. The command returned a non-zero exit code 1.
[2025-07-26T18:17:17.040+0000] {taskinstance.py:1138} INFO - Marking task as FAILED. dag_id=pl001_ingest_crypto_postgres, task_id=dbt_curated_transformation, execution_date=20250726T181656, start_date=20250726T181657, end_date=20250726T181717
[2025-07-26T18:17:17.064+0000] {standard_task_runner.py:107} ERROR - Failed to execute job 83 for task dbt_curated_transformation (Bash command failed. The command returned a non-zero exit code 1.; 1388)
[2025-07-26T18:17:17.100+0000] {local_task_job_runner.py:234} INFO - Task exited with return code 1
[2025-07-26T18:17:17.138+0000] {taskinstance.py:3280} INFO - 0 downstream tasks scheduled from follow-on schedule check
