[2025-07-25T14:14:57.820+0000] {taskinstance.py:1956} INFO - Dependencies all met for dep_context=non-requeueable deps ti=<TaskInstance: pl001_ingest_crypto_postgres.dbt_curated_transformation manual__2025-07-25T14:12:26.936951+00:00 [queued]>
[2025-07-25T14:14:57.835+0000] {taskinstance.py:1956} INFO - Dependencies all met for dep_context=requeueable deps ti=<TaskInstance: pl001_ingest_crypto_postgres.dbt_curated_transformation manual__2025-07-25T14:12:26.936951+00:00 [queued]>
[2025-07-25T14:14:57.836+0000] {taskinstance.py:2170} INFO - Starting attempt 1 of 1
[2025-07-25T14:14:57.857+0000] {taskinstance.py:2191} INFO - Executing <Task(BashOperator): dbt_curated_transformation> on 2025-07-25 14:12:26.936951+00:00
[2025-07-25T14:14:57.866+0000] {standard_task_runner.py:60} INFO - Started process 738 to run task
[2025-07-25T14:14:57.873+0000] {standard_task_runner.py:87} INFO - Running: ['***', 'tasks', 'run', 'pl001_ingest_crypto_postgres', 'dbt_curated_transformation', 'manual__2025-07-25T14:12:26.936951+00:00', '--job-id', '20', '--raw', '--subdir', 'DAGS_FOLDER/***_pipeline.py', '--cfg-path', '/tmp/tmpjk0fecy9']
[2025-07-25T14:14:57.877+0000] {standard_task_runner.py:88} INFO - Job 20: Subtask dbt_curated_transformation
[2025-07-25T14:14:57.905+0000] {logging_mixin.py:188} WARNING - /home/***/.local/lib/python3.10/site-packages/***/settings.py:194 DeprecationWarning: The sql_alchemy_conn option in [core] has been moved to the sql_alchemy_conn option in [database] - the old setting has been used, but please update your config.
[2025-07-25T14:14:57.981+0000] {task_command.py:423} INFO - Running <TaskInstance: pl001_ingest_crypto_postgres.dbt_curated_transformation manual__2025-07-25T14:12:26.936951+00:00 [running]> on host f4ef4bddc65d
[2025-07-25T14:14:58.138+0000] {taskinstance.py:2480} INFO - Exporting env vars: AIRFLOW_CTX_DAG_OWNER='***' AIRFLOW_CTX_DAG_ID='pl001_ingest_crypto_postgres' AIRFLOW_CTX_TASK_ID='dbt_curated_transformation' AIRFLOW_CTX_EXECUTION_DATE='2025-07-25T14:12:26.936951+00:00' AIRFLOW_CTX_TRY_NUMBER='1' AIRFLOW_CTX_DAG_RUN_ID='manual__2025-07-25T14:12:26.936951+00:00'
[2025-07-25T14:14:58.140+0000] {subprocess.py:63} INFO - Tmp dir root location: /tmp
[2025-07-25T14:14:58.142+0000] {subprocess.py:75} INFO - Running command: ['/usr/bin/bash', '-c', 'cd /opt/***/dbt/dbt_crypto_project && dbt run']
[2025-07-25T14:14:58.162+0000] {subprocess.py:86} INFO - Output:
[2025-07-25T14:14:58.170+0000] {subprocess.py:93} INFO - /usr/bin/bash: line 1: cd: /opt/***/dbt/dbt_crypto_project: No such file or directory
[2025-07-25T14:14:58.172+0000] {subprocess.py:97} INFO - Command exited with return code 1
[2025-07-25T14:14:58.207+0000] {taskinstance.py:2698} ERROR - Task failed with exception
Traceback (most recent call last):
  File "/home/airflow/.local/lib/python3.10/site-packages/airflow/models/taskinstance.py", line 433, in _execute_task
    result = execute_callable(context=context, **execute_callable_kwargs)
  File "/home/airflow/.local/lib/python3.10/site-packages/airflow/operators/bash.py", line 212, in execute
    raise AirflowException(
airflow.exceptions.AirflowException: Bash command failed. The command returned a non-zero exit code 1.
[2025-07-25T14:14:58.215+0000] {taskinstance.py:1138} INFO - Marking task as FAILED. dag_id=pl001_ingest_crypto_postgres, task_id=dbt_curated_transformation, execution_date=20250725T141226, start_date=20250725T141457, end_date=20250725T141458
[2025-07-25T14:14:58.245+0000] {standard_task_runner.py:107} ERROR - Failed to execute job 20 for task dbt_curated_transformation (Bash command failed. The command returned a non-zero exit code 1.; 738)
[2025-07-25T14:14:58.285+0000] {local_task_job_runner.py:234} INFO - Task exited with return code 1
[2025-07-25T14:14:58.313+0000] {taskinstance.py:3280} INFO - 0 downstream tasks scheduled from follow-on schedule check
