[2025-07-26T18:25:14.366+0000] {taskinstance.py:1956} INFO - Dependencies all met for dep_context=non-requeueable deps ti=<TaskInstance: pl001_ingest_crypto_postgres.dbt_curated_transformation manual__2025-07-26T18:25:12.483871+00:00 [queued]>
[2025-07-26T18:25:14.464+0000] {taskinstance.py:1956} INFO - Dependencies all met for dep_context=requeueable deps ti=<TaskInstance: pl001_ingest_crypto_postgres.dbt_curated_transformation manual__2025-07-26T18:25:12.483871+00:00 [queued]>
[2025-07-26T18:25:14.466+0000] {taskinstance.py:2170} INFO - Starting attempt 1 of 1
[2025-07-26T18:25:14.524+0000] {taskinstance.py:2191} INFO - Executing <Task(BashOperator): dbt_curated_transformation> on 2025-07-26 18:25:12.483871+00:00
[2025-07-26T18:25:14.535+0000] {standard_task_runner.py:60} INFO - Started process 1523 to run task
[2025-07-26T18:25:14.543+0000] {standard_task_runner.py:87} INFO - Running: ['***', 'tasks', 'run', 'pl001_ingest_crypto_postgres', 'dbt_curated_transformation', 'manual__2025-07-26T18:25:12.483871+00:00', '--job-id', '86', '--raw', '--subdir', 'DAGS_FOLDER/***_pipeline.py', '--cfg-path', '/tmp/tmp7ze6_u19']
[2025-07-26T18:25:14.546+0000] {standard_task_runner.py:88} INFO - Job 86: Subtask dbt_curated_transformation
[2025-07-26T18:25:14.577+0000] {logging_mixin.py:188} WARNING - /home/***/.local/lib/python3.10/site-packages/***/settings.py:194 DeprecationWarning: The sql_alchemy_conn option in [core] has been moved to the sql_alchemy_conn option in [database] - the old setting has been used, but please update your config.
[2025-07-26T18:25:14.657+0000] {task_command.py:423} INFO - Running <TaskInstance: pl001_ingest_crypto_postgres.dbt_curated_transformation manual__2025-07-26T18:25:12.483871+00:00 [running]> on host dfd1c4a1c4e4
[2025-07-26T18:25:14.796+0000] {taskinstance.py:2480} INFO - Exporting env vars: AIRFLOW_CTX_DAG_OWNER='***' AIRFLOW_CTX_DAG_ID='pl001_ingest_crypto_postgres' AIRFLOW_CTX_TASK_ID='dbt_curated_transformation' AIRFLOW_CTX_EXECUTION_DATE='2025-07-26T18:25:12.483871+00:00' AIRFLOW_CTX_TRY_NUMBER='1' AIRFLOW_CTX_DAG_RUN_ID='manual__2025-07-26T18:25:12.483871+00:00'
[2025-07-26T18:25:14.799+0000] {subprocess.py:63} INFO - Tmp dir root location: /tmp
[2025-07-26T18:25:14.801+0000] {subprocess.py:75} INFO - Running command: ['/usr/bin/bash', '-c', '\n        export DBT_LOG_PATH=/tmp/dbt &&         mkdir -p /tmp/dbt &&         cd /opt/***/dbt &&         dbt run \n        ']
[2025-07-26T18:25:14.816+0000] {subprocess.py:86} INFO - Output:
[2025-07-26T18:25:24.291+0000] {subprocess.py:93} INFO - [0m18:25:24  Running with dbt=1.7.14
[2025-07-26T18:25:25.317+0000] {subprocess.py:93} INFO - [0m18:25:25  Registered adapter: postgres=1.7.14
[2025-07-26T18:25:25.323+0000] {subprocess.py:93} INFO - [0m18:25:25  Encountered an error:
[2025-07-26T18:25:25.324+0000] {subprocess.py:93} INFO - Compilation Error
[2025-07-26T18:25:25.324+0000] {subprocess.py:93} INFO -   dbt found 1 package(s) specified in packages.yml, but only 0 package(s) installed in dbt_packages. Run "dbt deps" to install package dependencies.
[2025-07-26T18:25:26.885+0000] {subprocess.py:97} INFO - Command exited with return code 2
[2025-07-26T18:25:26.905+0000] {taskinstance.py:2698} ERROR - Task failed with exception
Traceback (most recent call last):
  File "/home/airflow/.local/lib/python3.10/site-packages/airflow/models/taskinstance.py", line 433, in _execute_task
    result = execute_callable(context=context, **execute_callable_kwargs)
  File "/home/airflow/.local/lib/python3.10/site-packages/airflow/operators/bash.py", line 212, in execute
    raise AirflowException(
airflow.exceptions.AirflowException: Bash command failed. The command returned a non-zero exit code 2.
[2025-07-26T18:25:26.910+0000] {taskinstance.py:1138} INFO - Marking task as FAILED. dag_id=pl001_ingest_crypto_postgres, task_id=dbt_curated_transformation, execution_date=20250726T182512, start_date=20250726T182514, end_date=20250726T182526
[2025-07-26T18:25:26.928+0000] {standard_task_runner.py:107} ERROR - Failed to execute job 86 for task dbt_curated_transformation (Bash command failed. The command returned a non-zero exit code 2.; 1523)
[2025-07-26T18:25:26.952+0000] {local_task_job_runner.py:234} INFO - Task exited with return code 1
[2025-07-26T18:25:26.985+0000] {taskinstance.py:3280} INFO - 0 downstream tasks scheduled from follow-on schedule check
