[2025-07-26T06:16:59.526+0000] {taskinstance.py:1956} INFO - Dependencies all met for dep_context=non-requeueable deps ti=<TaskInstance: pl001_ingest_crypto_postgres.python_ingestion manual__2025-07-26T06:16:57.664518+00:00 [queued]>
[2025-07-26T06:16:59.544+0000] {taskinstance.py:1956} INFO - Dependencies all met for dep_context=requeueable deps ti=<TaskInstance: pl001_ingest_crypto_postgres.python_ingestion manual__2025-07-26T06:16:57.664518+00:00 [queued]>
[2025-07-26T06:16:59.545+0000] {taskinstance.py:2170} INFO - Starting attempt 1 of 1
[2025-07-26T06:16:59.572+0000] {taskinstance.py:2191} INFO - Executing <Task(BashOperator): python_ingestion> on 2025-07-26 06:16:57.664518+00:00
[2025-07-26T06:16:59.583+0000] {standard_task_runner.py:60} INFO - Started process 516 to run task
[2025-07-26T06:16:59.592+0000] {standard_task_runner.py:87} INFO - Running: ['***', 'tasks', 'run', 'pl001_ingest_crypto_postgres', 'python_ingestion', 'manual__2025-07-26T06:16:57.664518+00:00', '--job-id', '63', '--raw', '--subdir', 'DAGS_FOLDER/***_pipeline.py', '--cfg-path', '/tmp/tmptgde58ta']
[2025-07-26T06:16:59.600+0000] {standard_task_runner.py:88} INFO - Job 63: Subtask python_ingestion
[2025-07-26T06:16:59.655+0000] {logging_mixin.py:188} WARNING - /home/***/.local/lib/python3.10/site-packages/***/settings.py:194 DeprecationWarning: The sql_alchemy_conn option in [core] has been moved to the sql_alchemy_conn option in [database] - the old setting has been used, but please update your config.
[2025-07-26T06:16:59.750+0000] {task_command.py:423} INFO - Running <TaskInstance: pl001_ingest_crypto_postgres.python_ingestion manual__2025-07-26T06:16:57.664518+00:00 [running]> on host ebcd77d52c19
[2025-07-26T06:17:00.134+0000] {taskinstance.py:2480} INFO - Exporting env vars: AIRFLOW_CTX_DAG_OWNER='***' AIRFLOW_CTX_DAG_ID='pl001_ingest_crypto_postgres' AIRFLOW_CTX_TASK_ID='python_ingestion' AIRFLOW_CTX_EXECUTION_DATE='2025-07-26T06:16:57.664518+00:00' AIRFLOW_CTX_TRY_NUMBER='1' AIRFLOW_CTX_DAG_RUN_ID='manual__2025-07-26T06:16:57.664518+00:00'
[2025-07-26T06:17:00.140+0000] {subprocess.py:63} INFO - Tmp dir root location: /tmp
[2025-07-26T06:17:00.144+0000] {subprocess.py:75} INFO - Running command: ['/usr/bin/bash', '-c', 'python /opt/scripts/ingest_crypto_data.py']
[2025-07-26T06:17:00.184+0000] {subprocess.py:86} INFO - Output:
[2025-07-26T06:17:00.233+0000] {subprocess.py:93} INFO - python: can't open file '/opt/scripts/ingest_crypto_data.py': [Errno 2] No such file or directory
[2025-07-26T06:17:00.240+0000] {subprocess.py:97} INFO - Command exited with return code 2
[2025-07-26T06:17:00.265+0000] {taskinstance.py:2698} ERROR - Task failed with exception
Traceback (most recent call last):
  File "/home/airflow/.local/lib/python3.10/site-packages/airflow/models/taskinstance.py", line 433, in _execute_task
    result = execute_callable(context=context, **execute_callable_kwargs)
  File "/home/airflow/.local/lib/python3.10/site-packages/airflow/operators/bash.py", line 212, in execute
    raise AirflowException(
airflow.exceptions.AirflowException: Bash command failed. The command returned a non-zero exit code 2.
[2025-07-26T06:17:00.271+0000] {taskinstance.py:1138} INFO - Marking task as FAILED. dag_id=pl001_ingest_crypto_postgres, task_id=python_ingestion, execution_date=20250726T061657, start_date=20250726T061659, end_date=20250726T061700
[2025-07-26T06:17:00.298+0000] {standard_task_runner.py:107} ERROR - Failed to execute job 63 for task python_ingestion (Bash command failed. The command returned a non-zero exit code 2.; 516)
[2025-07-26T06:17:00.345+0000] {local_task_job_runner.py:234} INFO - Task exited with return code 1
[2025-07-26T06:17:00.391+0000] {taskinstance.py:3280} INFO - 0 downstream tasks scheduled from follow-on schedule check
