[2025-07-25T15:41:01.697+0000] {taskinstance.py:1956} INFO - Dependencies all met for dep_context=non-requeueable deps ti=<TaskInstance: pl001_ingest_crypto_postgres.dbt_curated_transformation manual__2025-07-25T15:40:59.564638+00:00 [queued]>
[2025-07-25T15:41:01.727+0000] {taskinstance.py:1956} INFO - Dependencies all met for dep_context=requeueable deps ti=<TaskInstance: pl001_ingest_crypto_postgres.dbt_curated_transformation manual__2025-07-25T15:40:59.564638+00:00 [queued]>
[2025-07-25T15:41:01.728+0000] {taskinstance.py:2170} INFO - Starting attempt 1 of 1
[2025-07-25T15:41:01.783+0000] {taskinstance.py:2191} INFO - Executing <Task(BashOperator): dbt_curated_transformation> on 2025-07-25 15:40:59.564638+00:00
[2025-07-25T15:41:01.792+0000] {standard_task_runner.py:60} INFO - Started process 176 to run task
[2025-07-25T15:41:01.798+0000] {standard_task_runner.py:87} INFO - Running: ['***', 'tasks', 'run', 'pl001_ingest_crypto_postgres', 'dbt_curated_transformation', 'manual__2025-07-25T15:40:59.564638+00:00', '--job-id', '38', '--raw', '--subdir', 'DAGS_FOLDER/***_pipeline.py', '--cfg-path', '/tmp/tmpavhl4834']
[2025-07-25T15:41:01.816+0000] {standard_task_runner.py:88} INFO - Job 38: Subtask dbt_curated_transformation
[2025-07-25T15:41:01.911+0000] {logging_mixin.py:188} WARNING - /home/***/.local/lib/python3.10/site-packages/***/settings.py:194 DeprecationWarning: The sql_alchemy_conn option in [core] has been moved to the sql_alchemy_conn option in [database] - the old setting has been used, but please update your config.
[2025-07-25T15:41:01.991+0000] {task_command.py:423} INFO - Running <TaskInstance: pl001_ingest_crypto_postgres.dbt_curated_transformation manual__2025-07-25T15:40:59.564638+00:00 [running]> on host ed010a24f9cb
[2025-07-25T15:41:02.208+0000] {taskinstance.py:2480} INFO - Exporting env vars: AIRFLOW_CTX_DAG_OWNER='***' AIRFLOW_CTX_DAG_ID='pl001_ingest_crypto_postgres' AIRFLOW_CTX_TASK_ID='dbt_curated_transformation' AIRFLOW_CTX_EXECUTION_DATE='2025-07-25T15:40:59.564638+00:00' AIRFLOW_CTX_TRY_NUMBER='1' AIRFLOW_CTX_DAG_RUN_ID='manual__2025-07-25T15:40:59.564638+00:00'
[2025-07-25T15:41:02.210+0000] {subprocess.py:63} INFO - Tmp dir root location: /tmp
[2025-07-25T15:41:02.211+0000] {subprocess.py:75} INFO - Running command: ['/usr/bin/bash', '-c', 'cd /opt/dbt && dbt run']
[2025-07-25T15:41:02.224+0000] {subprocess.py:86} INFO - Output:
[2025-07-25T15:41:07.232+0000] {subprocess.py:93} INFO - Usage: dbt run [OPTIONS]
[2025-07-25T15:41:07.233+0000] {subprocess.py:93} INFO - Try 'dbt run -h' for help.
[2025-07-25T15:41:07.234+0000] {subprocess.py:93} INFO - 
[2025-07-25T15:41:07.235+0000] {subprocess.py:93} INFO - Error: Invalid value for '--profiles-dir': Path '/home/***/.dbt' does not exist.
[2025-07-25T15:41:07.592+0000] {subprocess.py:97} INFO - Command exited with return code 2
[2025-07-25T15:41:07.633+0000] {taskinstance.py:2698} ERROR - Task failed with exception
Traceback (most recent call last):
  File "/home/airflow/.local/lib/python3.10/site-packages/airflow/models/taskinstance.py", line 433, in _execute_task
    result = execute_callable(context=context, **execute_callable_kwargs)
  File "/home/airflow/.local/lib/python3.10/site-packages/airflow/operators/bash.py", line 212, in execute
    raise AirflowException(
airflow.exceptions.AirflowException: Bash command failed. The command returned a non-zero exit code 2.
[2025-07-25T15:41:07.637+0000] {taskinstance.py:1138} INFO - Marking task as FAILED. dag_id=pl001_ingest_crypto_postgres, task_id=dbt_curated_transformation, execution_date=20250725T154059, start_date=20250725T154101, end_date=20250725T154107
[2025-07-25T15:41:07.657+0000] {standard_task_runner.py:107} ERROR - Failed to execute job 38 for task dbt_curated_transformation (Bash command failed. The command returned a non-zero exit code 2.; 176)
[2025-07-25T15:41:07.697+0000] {local_task_job_runner.py:234} INFO - Task exited with return code 1
[2025-07-25T15:41:07.722+0000] {taskinstance.py:3280} INFO - 0 downstream tasks scheduled from follow-on schedule check
