[2025-07-26T19:45:13.277+0000] {taskinstance.py:1956} INFO - Dependencies all met for dep_context=non-requeueable deps ti=<TaskInstance: pl001_ingest_crypto_postgres.python_ingestion manual__2025-07-26T19:45:10.005773+00:00 [queued]>
[2025-07-26T19:45:13.305+0000] {taskinstance.py:1956} INFO - Dependencies all met for dep_context=requeueable deps ti=<TaskInstance: pl001_ingest_crypto_postgres.python_ingestion manual__2025-07-26T19:45:10.005773+00:00 [queued]>
[2025-07-26T19:45:13.307+0000] {taskinstance.py:2170} INFO - Starting attempt 1 of 1
[2025-07-26T19:45:13.338+0000] {taskinstance.py:2191} INFO - Executing <Task(BashOperator): python_ingestion> on 2025-07-26 19:45:10.005773+00:00
[2025-07-26T19:45:13.352+0000] {standard_task_runner.py:60} INFO - Started process 2394 to run task
[2025-07-26T19:45:13.359+0000] {standard_task_runner.py:87} INFO - Running: ['***', 'tasks', 'run', 'pl001_ingest_crypto_postgres', 'python_ingestion', 'manual__2025-07-26T19:45:10.005773+00:00', '--job-id', '94', '--raw', '--subdir', 'DAGS_FOLDER/***_pipeline.py', '--cfg-path', '/tmp/tmpu4dsw8iq']
[2025-07-26T19:45:13.364+0000] {standard_task_runner.py:88} INFO - Job 94: Subtask python_ingestion
[2025-07-26T19:45:13.404+0000] {logging_mixin.py:188} WARNING - /home/***/.local/lib/python3.10/site-packages/***/settings.py:194 DeprecationWarning: The sql_alchemy_conn option in [core] has been moved to the sql_alchemy_conn option in [database] - the old setting has been used, but please update your config.
[2025-07-26T19:45:13.461+0000] {task_command.py:423} INFO - Running <TaskInstance: pl001_ingest_crypto_postgres.python_ingestion manual__2025-07-26T19:45:10.005773+00:00 [running]> on host dfd1c4a1c4e4
[2025-07-26T19:45:13.619+0000] {taskinstance.py:2480} INFO - Exporting env vars: AIRFLOW_CTX_DAG_OWNER='***' AIRFLOW_CTX_DAG_ID='pl001_ingest_crypto_postgres' AIRFLOW_CTX_TASK_ID='python_ingestion' AIRFLOW_CTX_EXECUTION_DATE='2025-07-26T19:45:10.005773+00:00' AIRFLOW_CTX_TRY_NUMBER='1' AIRFLOW_CTX_DAG_RUN_ID='manual__2025-07-26T19:45:10.005773+00:00'
[2025-07-26T19:45:13.624+0000] {subprocess.py:63} INFO - Tmp dir root location: /tmp
[2025-07-26T19:45:13.627+0000] {subprocess.py:75} INFO - Running command: ['/usr/bin/bash', '-c', 'python /opt/scripts/ingest_crypto_data.py']
[2025-07-26T19:45:13.656+0000] {subprocess.py:86} INFO - Output:
[2025-07-26T19:47:23.062+0000] {subprocess.py:93} INFO - Loaded 10 rows into market_metrics table
[2025-07-26T19:47:23.063+0000] {subprocess.py:93} INFO - coin id: binancecoin
[2025-07-26T19:47:23.064+0000] {subprocess.py:93} INFO - Sleeping.....
[2025-07-26T19:47:23.065+0000] {subprocess.py:93} INFO - coin id: binancecoin
[2025-07-26T19:47:23.066+0000] {subprocess.py:93} INFO - Sleeping.....
[2025-07-26T19:47:23.067+0000] {subprocess.py:93} INFO - coin id: binancecoin
[2025-07-26T19:47:23.068+0000] {subprocess.py:93} INFO - Sleeping.....
[2025-07-26T19:47:23.069+0000] {subprocess.py:93} INFO - coin id: usd-coin
[2025-07-26T19:47:23.070+0000] {subprocess.py:93} INFO - Sleeping.....
[2025-07-26T19:47:23.071+0000] {subprocess.py:93} INFO - coin id: usd-coin
[2025-07-26T19:47:23.072+0000] {subprocess.py:93} INFO - Sleeping.....
[2025-07-26T19:47:23.073+0000] {subprocess.py:93} INFO - coin id: usd-coin
[2025-07-26T19:47:23.074+0000] {subprocess.py:93} INFO - Sleeping.....
[2025-07-26T19:47:23.075+0000] {subprocess.py:93} INFO - Loaded 1208 rows into coin_historical table
[2025-07-26T19:47:23.268+0000] {subprocess.py:97} INFO - Command exited with return code 0
[2025-07-26T19:47:23.333+0000] {taskinstance.py:1138} INFO - Marking task as SUCCESS. dag_id=pl001_ingest_crypto_postgres, task_id=python_ingestion, execution_date=20250726T194510, start_date=20250726T194513, end_date=20250726T194723
[2025-07-26T19:47:23.399+0000] {local_task_job_runner.py:234} INFO - Task exited with return code 0
[2025-07-26T19:47:23.506+0000] {taskinstance.py:3280} INFO - 0 downstream tasks scheduled from follow-on schedule check
