[2025-07-26T16:38:16.830+0000] {taskinstance.py:1956} INFO - Dependencies all met for dep_context=non-requeueable deps ti=<TaskInstance: pl001_ingest_crypto_postgres.dbt_curated_transformation manual__2025-07-26T16:36:01.112670+00:00 [queued]>
[2025-07-26T16:38:16.842+0000] {taskinstance.py:1956} INFO - Dependencies all met for dep_context=requeueable deps ti=<TaskInstance: pl001_ingest_crypto_postgres.dbt_curated_transformation manual__2025-07-26T16:36:01.112670+00:00 [queued]>
[2025-07-26T16:38:16.843+0000] {taskinstance.py:2170} INFO - Starting attempt 1 of 1
[2025-07-26T16:38:16.860+0000] {taskinstance.py:2191} INFO - Executing <Task(BashOperator): dbt_curated_transformation> on 2025-07-26 16:36:01.112670+00:00
[2025-07-26T16:38:16.867+0000] {standard_task_runner.py:60} INFO - Started process 218 to run task
[2025-07-26T16:38:16.872+0000] {standard_task_runner.py:87} INFO - Running: ['***', 'tasks', 'run', 'pl001_ingest_crypto_postgres', 'dbt_curated_transformation', 'manual__2025-07-26T16:36:01.112670+00:00', '--job-id', '72', '--raw', '--subdir', 'DAGS_FOLDER/***_pipeline.py', '--cfg-path', '/tmp/tmpysxldjtc']
[2025-07-26T16:38:16.875+0000] {standard_task_runner.py:88} INFO - Job 72: Subtask dbt_curated_transformation
[2025-07-26T16:38:16.904+0000] {logging_mixin.py:188} WARNING - /home/***/.local/lib/python3.10/site-packages/***/settings.py:194 DeprecationWarning: The sql_alchemy_conn option in [core] has been moved to the sql_alchemy_conn option in [database] - the old setting has been used, but please update your config.
[2025-07-26T16:38:16.959+0000] {task_command.py:423} INFO - Running <TaskInstance: pl001_ingest_crypto_postgres.dbt_curated_transformation manual__2025-07-26T16:36:01.112670+00:00 [running]> on host dfd1c4a1c4e4
[2025-07-26T16:38:17.136+0000] {taskinstance.py:2480} INFO - Exporting env vars: AIRFLOW_CTX_DAG_OWNER='***' AIRFLOW_CTX_DAG_ID='pl001_ingest_crypto_postgres' AIRFLOW_CTX_TASK_ID='dbt_curated_transformation' AIRFLOW_CTX_EXECUTION_DATE='2025-07-26T16:36:01.112670+00:00' AIRFLOW_CTX_TRY_NUMBER='1' AIRFLOW_CTX_DAG_RUN_ID='manual__2025-07-26T16:36:01.112670+00:00'
[2025-07-26T16:38:17.138+0000] {subprocess.py:63} INFO - Tmp dir root location: /tmp
[2025-07-26T16:38:17.140+0000] {subprocess.py:75} INFO - Running command: ['/usr/bin/bash', '-c', '\n        export DBT_LOG_PATH=/tmp/dbt &&         mkdir -p /tmp/dbt &&         cd /opt/***/dbt &&         dbt run \n        ']
[2025-07-26T16:38:17.162+0000] {subprocess.py:86} INFO - Output:
[2025-07-26T16:38:24.467+0000] {subprocess.py:93} INFO - [0m16:38:24  Running with dbt=1.7.14
[2025-07-26T16:38:24.948+0000] {subprocess.py:93} INFO - [0m16:38:24  Registered adapter: postgres=1.7.14
[2025-07-26T16:38:25.417+0000] {subprocess.py:93} INFO - [0m16:38:25  Found 3 models, 2 sources, 0 exposures, 0 metrics, 401 macros, 0 groups, 0 semantic models
[2025-07-26T16:38:25.420+0000] {subprocess.py:93} INFO - [0m16:38:25
[2025-07-26T16:38:25.674+0000] {subprocess.py:93} INFO - [0m16:38:25  Concurrency: 4 threads (target='dev')
[2025-07-26T16:38:25.675+0000] {subprocess.py:93} INFO - [0m16:38:25
[2025-07-26T16:38:25.691+0000] {subprocess.py:93} INFO - [0m16:38:25  1 of 3 START sql table model core_curated.market_data .......................... [RUN]
[2025-07-26T16:38:25.693+0000] {subprocess.py:93} INFO - [0m16:38:25  2 of 3 START sql table model core.my_first_dbt_model ........................... [RUN]
[2025-07-26T16:38:26.149+0000] {subprocess.py:93} INFO - [0m16:38:26  1 of 3 OK created sql table model core_curated.market_data ..................... [[32mSELECT 10[0m in 0.45s]
[2025-07-26T16:38:26.151+0000] {subprocess.py:93} INFO - [0m16:38:26  2 of 3 OK created sql table model core.my_first_dbt_model ...................... [[32mSELECT 2[0m in 0.45s]
[2025-07-26T16:38:26.157+0000] {subprocess.py:93} INFO - [0m16:38:26  3 of 3 START sql view model core.my_second_dbt_model ........................... [RUN]
[2025-07-26T16:38:26.270+0000] {subprocess.py:93} INFO - [0m16:38:26  3 of 3 OK created sql view model core.my_second_dbt_model ...................... [[32mCREATE VIEW[0m in 0.11s]
[2025-07-26T16:38:26.295+0000] {subprocess.py:93} INFO - [0m16:38:26
[2025-07-26T16:38:26.297+0000] {subprocess.py:93} INFO - [0m16:38:26  Finished running 2 table models, 1 view model in 0 hours 0 minutes and 0.87 seconds (0.87s).
[2025-07-26T16:38:26.339+0000] {subprocess.py:93} INFO - [0m16:38:26
[2025-07-26T16:38:26.340+0000] {subprocess.py:93} INFO - [0m16:38:26  [32mCompleted successfully[0m
[2025-07-26T16:38:26.341+0000] {subprocess.py:93} INFO - [0m16:38:26
[2025-07-26T16:38:26.341+0000] {subprocess.py:93} INFO - [0m16:38:26  Done. PASS=3 WARN=0 ERROR=0 SKIP=0 TOTAL=3
[2025-07-26T16:38:29.068+0000] {subprocess.py:97} INFO - Command exited with return code 0
[2025-07-26T16:38:29.111+0000] {taskinstance.py:1138} INFO - Marking task as SUCCESS. dag_id=pl001_ingest_crypto_postgres, task_id=dbt_curated_transformation, execution_date=20250726T163601, start_date=20250726T163816, end_date=20250726T163829
[2025-07-26T16:38:29.160+0000] {local_task_job_runner.py:234} INFO - Task exited with return code 0
[2025-07-26T16:38:29.185+0000] {taskinstance.py:3280} INFO - 0 downstream tasks scheduled from follow-on schedule check
