[2025-07-26T06:16:59.534+0000] {taskinstance.py:1956} INFO - Dependencies all met for dep_context=non-requeueable deps ti=<TaskInstance: pl001_ingest_crypto_postgres.dbt_curated_transformation manual__2025-07-26T06:16:57.664518+00:00 [queued]>
[2025-07-26T06:16:59.550+0000] {taskinstance.py:1956} INFO - Dependencies all met for dep_context=requeueable deps ti=<TaskInstance: pl001_ingest_crypto_postgres.dbt_curated_transformation manual__2025-07-26T06:16:57.664518+00:00 [queued]>
[2025-07-26T06:16:59.551+0000] {taskinstance.py:2170} INFO - Starting attempt 1 of 1
[2025-07-26T06:16:59.580+0000] {taskinstance.py:2191} INFO - Executing <Task(BashOperator): dbt_curated_transformation> on 2025-07-26 06:16:57.664518+00:00
[2025-07-26T06:16:59.592+0000] {standard_task_runner.py:60} INFO - Started process 517 to run task
[2025-07-26T06:16:59.599+0000] {standard_task_runner.py:87} INFO - Running: ['***', 'tasks', 'run', 'pl001_ingest_crypto_postgres', 'dbt_curated_transformation', 'manual__2025-07-26T06:16:57.664518+00:00', '--job-id', '64', '--raw', '--subdir', 'DAGS_FOLDER/***_pipeline.py', '--cfg-path', '/tmp/tmpq01br67k']
[2025-07-26T06:16:59.607+0000] {standard_task_runner.py:88} INFO - Job 64: Subtask dbt_curated_transformation
[2025-07-26T06:16:59.661+0000] {logging_mixin.py:188} WARNING - /home/***/.local/lib/python3.10/site-packages/***/settings.py:194 DeprecationWarning: The sql_alchemy_conn option in [core] has been moved to the sql_alchemy_conn option in [database] - the old setting has been used, but please update your config.
[2025-07-26T06:16:59.745+0000] {task_command.py:423} INFO - Running <TaskInstance: pl001_ingest_crypto_postgres.dbt_curated_transformation manual__2025-07-26T06:16:57.664518+00:00 [running]> on host ebcd77d52c19
[2025-07-26T06:17:00.133+0000] {taskinstance.py:2480} INFO - Exporting env vars: AIRFLOW_CTX_DAG_OWNER='***' AIRFLOW_CTX_DAG_ID='pl001_ingest_crypto_postgres' AIRFLOW_CTX_TASK_ID='dbt_curated_transformation' AIRFLOW_CTX_EXECUTION_DATE='2025-07-26T06:16:57.664518+00:00' AIRFLOW_CTX_TRY_NUMBER='1' AIRFLOW_CTX_DAG_RUN_ID='manual__2025-07-26T06:16:57.664518+00:00'
[2025-07-26T06:17:00.137+0000] {subprocess.py:63} INFO - Tmp dir root location: /tmp
[2025-07-26T06:17:00.147+0000] {subprocess.py:75} INFO - Running command: ['/usr/bin/bash', '-c', '\n        export DBT_LOG_PATH=/tmp/dbt &&         mkdir -p /tmp/dbt &&         cd /opt/***/dbt &&         dbt run \n        ']
[2025-07-26T06:17:00.184+0000] {subprocess.py:86} INFO - Output:
[2025-07-26T06:17:12.777+0000] {subprocess.py:93} INFO - [0m06:17:12  Running with dbt=1.7.14
[2025-07-26T06:17:13.901+0000] {subprocess.py:93} INFO - [0m06:17:13  Registered adapter: postgres=1.7.14
[2025-07-26T06:17:14.243+0000] {subprocess.py:93} INFO - [0m06:17:14  Found 3 models, 2 sources, 0 exposures, 0 metrics, 401 macros, 0 groups, 0 semantic models
[2025-07-26T06:17:14.246+0000] {subprocess.py:93} INFO - [0m06:17:14
[2025-07-26T06:17:14.456+0000] {subprocess.py:93} INFO - [0m06:17:14  Concurrency: 4 threads (target='dev')
[2025-07-26T06:17:14.458+0000] {subprocess.py:93} INFO - [0m06:17:14
[2025-07-26T06:17:14.471+0000] {subprocess.py:93} INFO - [0m06:17:14  1 of 3 START sql table model core_curated.market_data .......................... [RUN]
[2025-07-26T06:17:14.473+0000] {subprocess.py:93} INFO - [0m06:17:14  2 of 3 START sql table model core.my_first_dbt_model ........................... [RUN]
[2025-07-26T06:17:14.852+0000] {subprocess.py:93} INFO - [0m06:17:14  2 of 3 OK created sql table model core.my_first_dbt_model ...................... [[32mSELECT 2[0m in 0.37s]
[2025-07-26T06:17:14.856+0000] {subprocess.py:93} INFO - [0m06:17:14  3 of 3 START sql view model core.my_second_dbt_model ........................... [RUN]
[2025-07-26T06:17:14.873+0000] {subprocess.py:93} INFO - [0m06:17:14  1 of 3 OK created sql table model core_curated.market_data ..................... [[32mSELECT 10[0m in 0.40s]
[2025-07-26T06:17:14.981+0000] {subprocess.py:93} INFO - [0m06:17:14  3 of 3 OK created sql view model core.my_second_dbt_model ...................... [[32mCREATE VIEW[0m in 0.12s]
[2025-07-26T06:17:15.009+0000] {subprocess.py:93} INFO - [0m06:17:15
[2025-07-26T06:17:15.012+0000] {subprocess.py:93} INFO - [0m06:17:15  Finished running 2 table models, 1 view model in 0 hours 0 minutes and 0.76 seconds (0.76s).
[2025-07-26T06:17:15.050+0000] {subprocess.py:93} INFO - [0m06:17:15
[2025-07-26T06:17:15.051+0000] {subprocess.py:93} INFO - [0m06:17:15  [32mCompleted successfully[0m
[2025-07-26T06:17:15.052+0000] {subprocess.py:93} INFO - [0m06:17:15
[2025-07-26T06:17:15.053+0000] {subprocess.py:93} INFO - [0m06:17:15  Done. PASS=3 WARN=0 ERROR=0 SKIP=0 TOTAL=3
[2025-07-26T06:17:16.661+0000] {subprocess.py:97} INFO - Command exited with return code 0
[2025-07-26T06:17:16.706+0000] {taskinstance.py:1138} INFO - Marking task as SUCCESS. dag_id=pl001_ingest_crypto_postgres, task_id=dbt_curated_transformation, execution_date=20250726T061657, start_date=20250726T061659, end_date=20250726T061716
[2025-07-26T06:17:16.769+0000] {local_task_job_runner.py:234} INFO - Task exited with return code 0
[2025-07-26T06:17:16.795+0000] {taskinstance.py:3280} INFO - 0 downstream tasks scheduled from follow-on schedule check
