[2025-07-26T17:59:26.421+0000] {taskinstance.py:1956} INFO - Dependencies all met for dep_context=non-requeueable deps ti=<TaskInstance: pl001_ingest_crypto_postgres.dbt_curated_transformation manual__2025-07-26T17:59:24.817958+00:00 [queued]>
[2025-07-26T17:59:26.435+0000] {taskinstance.py:1956} INFO - Dependencies all met for dep_context=requeueable deps ti=<TaskInstance: pl001_ingest_crypto_postgres.dbt_curated_transformation manual__2025-07-26T17:59:24.817958+00:00 [queued]>
[2025-07-26T17:59:26.436+0000] {taskinstance.py:2170} INFO - Starting attempt 1 of 1
[2025-07-26T17:59:26.459+0000] {taskinstance.py:2191} INFO - Executing <Task(BashOperator): dbt_curated_transformation> on 2025-07-26 17:59:24.817958+00:00
[2025-07-26T17:59:26.468+0000] {standard_task_runner.py:60} INFO - Started process 1117 to run task
[2025-07-26T17:59:26.475+0000] {standard_task_runner.py:87} INFO - Running: ['***', 'tasks', 'run', 'pl001_ingest_crypto_postgres', 'dbt_curated_transformation', 'manual__2025-07-26T17:59:24.817958+00:00', '--job-id', '78', '--raw', '--subdir', 'DAGS_FOLDER/***_pipeline.py', '--cfg-path', '/tmp/tmpw13zshpn']
[2025-07-26T17:59:26.480+0000] {standard_task_runner.py:88} INFO - Job 78: Subtask dbt_curated_transformation
[2025-07-26T17:59:26.526+0000] {logging_mixin.py:188} WARNING - /home/***/.local/lib/python3.10/site-packages/***/settings.py:194 DeprecationWarning: The sql_alchemy_conn option in [core] has been moved to the sql_alchemy_conn option in [database] - the old setting has been used, but please update your config.
[2025-07-26T17:59:26.614+0000] {task_command.py:423} INFO - Running <TaskInstance: pl001_ingest_crypto_postgres.dbt_curated_transformation manual__2025-07-26T17:59:24.817958+00:00 [running]> on host dfd1c4a1c4e4
[2025-07-26T17:59:26.749+0000] {taskinstance.py:2480} INFO - Exporting env vars: AIRFLOW_CTX_DAG_OWNER='***' AIRFLOW_CTX_DAG_ID='pl001_ingest_crypto_postgres' AIRFLOW_CTX_TASK_ID='dbt_curated_transformation' AIRFLOW_CTX_EXECUTION_DATE='2025-07-26T17:59:24.817958+00:00' AIRFLOW_CTX_TRY_NUMBER='1' AIRFLOW_CTX_DAG_RUN_ID='manual__2025-07-26T17:59:24.817958+00:00'
[2025-07-26T17:59:26.751+0000] {subprocess.py:63} INFO - Tmp dir root location: /tmp
[2025-07-26T17:59:26.752+0000] {subprocess.py:75} INFO - Running command: ['/usr/bin/bash', '-c', '\n        export DBT_LOG_PATH=/tmp/dbt &&         mkdir -p /tmp/dbt &&         cd /opt/***/dbt &&         dbt run \n        ']
[2025-07-26T17:59:26.767+0000] {subprocess.py:86} INFO - Output:
[2025-07-26T17:59:35.738+0000] {subprocess.py:93} INFO - [0m17:59:35  Running with dbt=1.7.14
[2025-07-26T17:59:36.844+0000] {subprocess.py:93} INFO - [0m17:59:36  Registered adapter: postgres=1.7.14
[2025-07-26T17:59:37.958+0000] {subprocess.py:93} INFO - [0m17:59:37  Found 5 models, 5 tests, 2 sources, 0 exposures, 0 metrics, 401 macros, 0 groups, 0 semantic models
[2025-07-26T17:59:37.961+0000] {subprocess.py:93} INFO - [0m17:59:37
[2025-07-26T17:59:38.265+0000] {subprocess.py:93} INFO - [0m17:59:38  Concurrency: 4 threads (target='dev')
[2025-07-26T17:59:38.266+0000] {subprocess.py:93} INFO - [0m17:59:38
[2025-07-26T17:59:38.285+0000] {subprocess.py:93} INFO - [0m17:59:38  1 of 5 START sql table model core_curated.historical_data ...................... [RUN]
[2025-07-26T17:59:38.288+0000] {subprocess.py:93} INFO - [0m17:59:38  2 of 5 START sql table model core_curated.market_data .......................... [RUN]
[2025-07-26T17:59:38.678+0000] {subprocess.py:93} INFO - [0m17:59:38  2 of 5 OK created sql table model core_curated.market_data ..................... [[32mSELECT 10[0m in 0.38s]
[2025-07-26T17:59:38.679+0000] {subprocess.py:93} INFO - [0m17:59:38  1 of 5 OK created sql table model core_curated.historical_data ................. [[32mSELECT 1209[0m in 0.39s]
[2025-07-26T17:59:38.686+0000] {subprocess.py:93} INFO - [0m17:59:38  3 of 5 START sql table model core_pro.dim_coin ................................. [RUN]
[2025-07-26T17:59:38.688+0000] {subprocess.py:93} INFO - [0m17:59:38  4 of 5 START sql table model core_processed.dim_date ........................... [RUN]
[2025-07-26T17:59:38.787+0000] {subprocess.py:93} INFO - [0m17:59:38  3 of 5 ERROR creating sql table model core_pro.dim_coin ........................ [[31mERROR[0m in 0.10s]
[2025-07-26T17:59:38.827+0000] {subprocess.py:93} INFO - [0m17:59:38  4 of 5 OK created sql table model core_processed.dim_date ...................... [[32mSELECT 6[0m in 0.13s]
[2025-07-26T17:59:38.831+0000] {subprocess.py:93} INFO - [0m17:59:38  5 of 5 SKIP relation core_pro.fact_coins ....................................... [[33mSKIP[0m]
[2025-07-26T17:59:38.857+0000] {subprocess.py:93} INFO - [0m17:59:38
[2025-07-26T17:59:38.858+0000] {subprocess.py:93} INFO - [0m17:59:38  Finished running 4 table models, 1 incremental model in 0 hours 0 minutes and 0.89 seconds (0.89s).
[2025-07-26T17:59:38.901+0000] {subprocess.py:93} INFO - [0m17:59:38
[2025-07-26T17:59:38.902+0000] {subprocess.py:93} INFO - [0m17:59:38  [31mCompleted with 1 error and 0 warnings:[0m
[2025-07-26T17:59:38.902+0000] {subprocess.py:93} INFO - [0m17:59:38
[2025-07-26T17:59:38.903+0000] {subprocess.py:93} INFO - [0m17:59:38    Database Error in model dim_coin (models/processed/dim_coin.sql)
[2025-07-26T17:59:38.904+0000] {subprocess.py:93} INFO -   syntax error at or near ""crypto""
[2025-07-26T17:59:38.904+0000] {subprocess.py:93} INFO -   LINE 25: left "crypto"."core_curated"."historical_data" h
[2025-07-26T17:59:38.905+0000] {subprocess.py:93} INFO -                 ^
[2025-07-26T17:59:38.906+0000] {subprocess.py:93} INFO -   compiled Code at target/run/dbt_crypto_project/models/processed/dim_coin.sql
[2025-07-26T17:59:38.907+0000] {subprocess.py:93} INFO - [0m17:59:38
[2025-07-26T17:59:38.908+0000] {subprocess.py:93} INFO - [0m17:59:38  Done. PASS=3 WARN=0 ERROR=1 SKIP=1 TOTAL=5
[2025-07-26T17:59:41.597+0000] {subprocess.py:97} INFO - Command exited with return code 1
[2025-07-26T17:59:41.619+0000] {taskinstance.py:2698} ERROR - Task failed with exception
Traceback (most recent call last):
  File "/home/airflow/.local/lib/python3.10/site-packages/airflow/models/taskinstance.py", line 433, in _execute_task
    result = execute_callable(context=context, **execute_callable_kwargs)
  File "/home/airflow/.local/lib/python3.10/site-packages/airflow/operators/bash.py", line 212, in execute
    raise AirflowException(
airflow.exceptions.AirflowException: Bash command failed. The command returned a non-zero exit code 1.
[2025-07-26T17:59:41.624+0000] {taskinstance.py:1138} INFO - Marking task as FAILED. dag_id=pl001_ingest_crypto_postgres, task_id=dbt_curated_transformation, execution_date=20250726T175924, start_date=20250726T175926, end_date=20250726T175941
[2025-07-26T17:59:41.646+0000] {standard_task_runner.py:107} ERROR - Failed to execute job 78 for task dbt_curated_transformation (Bash command failed. The command returned a non-zero exit code 1.; 1117)
[2025-07-26T17:59:41.695+0000] {local_task_job_runner.py:234} INFO - Task exited with return code 1
[2025-07-26T17:59:41.728+0000] {taskinstance.py:3280} INFO - 0 downstream tasks scheduled from follow-on schedule check
