[2025-07-26T06:43:41.256+0000] {taskinstance.py:1956} INFO - Dependencies all met for dep_context=non-requeueable deps ti=<TaskInstance: pl001_ingest_crypto_postgres.dbt_curated_transformation manual__2025-07-26T06:41:16.324915+00:00 [queued]>
[2025-07-26T06:43:41.270+0000] {taskinstance.py:1956} INFO - Dependencies all met for dep_context=requeueable deps ti=<TaskInstance: pl001_ingest_crypto_postgres.dbt_curated_transformation manual__2025-07-26T06:41:16.324915+00:00 [queued]>
[2025-07-26T06:43:41.271+0000] {taskinstance.py:2170} INFO - Starting attempt 1 of 1
[2025-07-26T06:43:41.295+0000] {taskinstance.py:2191} INFO - Executing <Task(BashOperator): dbt_curated_transformation> on 2025-07-26 06:41:16.324915+00:00
[2025-07-26T06:43:41.306+0000] {standard_task_runner.py:60} INFO - Started process 202 to run task
[2025-07-26T06:43:41.312+0000] {standard_task_runner.py:87} INFO - Running: ['***', 'tasks', 'run', 'pl001_ingest_crypto_postgres', 'dbt_curated_transformation', 'manual__2025-07-26T06:41:16.324915+00:00', '--job-id', '69', '--raw', '--subdir', 'DAGS_FOLDER/***_pipeline.py', '--cfg-path', '/tmp/tmpfbi9xoro']
[2025-07-26T06:43:41.315+0000] {standard_task_runner.py:88} INFO - Job 69: Subtask dbt_curated_transformation
[2025-07-26T06:43:41.342+0000] {logging_mixin.py:188} WARNING - /home/***/.local/lib/python3.10/site-packages/***/settings.py:194 DeprecationWarning: The sql_alchemy_conn option in [core] has been moved to the sql_alchemy_conn option in [database] - the old setting has been used, but please update your config.
[2025-07-26T06:43:41.396+0000] {task_command.py:423} INFO - Running <TaskInstance: pl001_ingest_crypto_postgres.dbt_curated_transformation manual__2025-07-26T06:41:16.324915+00:00 [running]> on host 74550b21a8fe
[2025-07-26T06:43:41.523+0000] {taskinstance.py:2480} INFO - Exporting env vars: AIRFLOW_CTX_DAG_OWNER='***' AIRFLOW_CTX_DAG_ID='pl001_ingest_crypto_postgres' AIRFLOW_CTX_TASK_ID='dbt_curated_transformation' AIRFLOW_CTX_EXECUTION_DATE='2025-07-26T06:41:16.324915+00:00' AIRFLOW_CTX_TRY_NUMBER='1' AIRFLOW_CTX_DAG_RUN_ID='manual__2025-07-26T06:41:16.324915+00:00'
[2025-07-26T06:43:41.525+0000] {subprocess.py:63} INFO - Tmp dir root location: /tmp
[2025-07-26T06:43:41.526+0000] {subprocess.py:75} INFO - Running command: ['/usr/bin/bash', '-c', '\n        export DBT_LOG_PATH=/tmp/dbt &&         mkdir -p /tmp/dbt &&         cd /opt/***/dbt &&         dbt run \n        ']
[2025-07-26T06:43:41.539+0000] {subprocess.py:86} INFO - Output:
[2025-07-26T06:43:48.478+0000] {subprocess.py:93} INFO - [0m06:43:48  Running with dbt=1.7.14
[2025-07-26T06:43:49.196+0000] {subprocess.py:93} INFO - [0m06:43:49  Registered adapter: postgres=1.7.14
[2025-07-26T06:43:49.575+0000] {subprocess.py:93} INFO - [0m06:43:49  Found 3 models, 2 sources, 0 exposures, 0 metrics, 401 macros, 0 groups, 0 semantic models
[2025-07-26T06:43:49.578+0000] {subprocess.py:93} INFO - [0m06:43:49
[2025-07-26T06:43:49.862+0000] {subprocess.py:93} INFO - [0m06:43:49  Concurrency: 4 threads (target='dev')
[2025-07-26T06:43:49.863+0000] {subprocess.py:93} INFO - [0m06:43:49
[2025-07-26T06:43:49.880+0000] {subprocess.py:93} INFO - [0m06:43:49  1 of 3 START sql table model core_curated.market_data .......................... [RUN]
[2025-07-26T06:43:49.882+0000] {subprocess.py:93} INFO - [0m06:43:49  2 of 3 START sql table model core.my_first_dbt_model ........................... [RUN]
[2025-07-26T06:43:50.553+0000] {subprocess.py:93} INFO - [0m06:43:50  1 of 3 OK created sql table model core_curated.market_data ..................... [[32mSELECT 10[0m in 0.67s]
[2025-07-26T06:43:50.555+0000] {subprocess.py:93} INFO - [0m06:43:50  2 of 3 OK created sql table model core.my_first_dbt_model ...................... [[32mSELECT 2[0m in 0.67s]
[2025-07-26T06:43:50.561+0000] {subprocess.py:93} INFO - [0m06:43:50  3 of 3 START sql view model core.my_second_dbt_model ........................... [RUN]
[2025-07-26T06:43:50.689+0000] {subprocess.py:93} INFO - [0m06:43:50  3 of 3 OK created sql view model core.my_second_dbt_model ...................... [[32mCREATE VIEW[0m in 0.13s]
[2025-07-26T06:43:50.719+0000] {subprocess.py:93} INFO - [0m06:43:50
[2025-07-26T06:43:50.720+0000] {subprocess.py:93} INFO - [0m06:43:50  Finished running 2 table models, 1 view model in 0 hours 0 minutes and 1.14 seconds (1.14s).
[2025-07-26T06:43:50.763+0000] {subprocess.py:93} INFO - [0m06:43:50
[2025-07-26T06:43:50.767+0000] {subprocess.py:93} INFO - [0m06:43:50  [32mCompleted successfully[0m
[2025-07-26T06:43:50.768+0000] {subprocess.py:93} INFO - [0m06:43:50
[2025-07-26T06:43:50.769+0000] {subprocess.py:93} INFO - [0m06:43:50  Done. PASS=3 WARN=0 ERROR=0 SKIP=0 TOTAL=3
[2025-07-26T06:43:53.429+0000] {subprocess.py:97} INFO - Command exited with return code 0
[2025-07-26T06:43:53.492+0000] {taskinstance.py:1138} INFO - Marking task as SUCCESS. dag_id=pl001_ingest_crypto_postgres, task_id=dbt_curated_transformation, execution_date=20250726T064116, start_date=20250726T064341, end_date=20250726T064353
[2025-07-26T06:43:53.559+0000] {local_task_job_runner.py:234} INFO - Task exited with return code 0
[2025-07-26T06:43:53.583+0000] {taskinstance.py:3280} INFO - 0 downstream tasks scheduled from follow-on schedule check
