[2025-07-26T16:36:03.674+0000] {taskinstance.py:1956} INFO - Dependencies all met for dep_context=non-requeueable deps ti=<TaskInstance: pl001_ingest_crypto_postgres.python_ingestion manual__2025-07-26T16:36:01.112670+00:00 [queued]>
[2025-07-26T16:36:03.690+0000] {taskinstance.py:1956} INFO - Dependencies all met for dep_context=requeueable deps ti=<TaskInstance: pl001_ingest_crypto_postgres.python_ingestion manual__2025-07-26T16:36:01.112670+00:00 [queued]>
[2025-07-26T16:36:03.691+0000] {taskinstance.py:2170} INFO - Starting attempt 1 of 1
[2025-07-26T16:36:03.714+0000] {taskinstance.py:2191} INFO - Executing <Task(BashOperator): python_ingestion> on 2025-07-26 16:36:01.112670+00:00
[2025-07-26T16:36:03.726+0000] {standard_task_runner.py:60} INFO - Started process 191 to run task
[2025-07-26T16:36:03.737+0000] {standard_task_runner.py:87} INFO - Running: ['***', 'tasks', 'run', 'pl001_ingest_crypto_postgres', 'python_ingestion', 'manual__2025-07-26T16:36:01.112670+00:00', '--job-id', '71', '--raw', '--subdir', 'DAGS_FOLDER/***_pipeline.py', '--cfg-path', '/tmp/tmpq6zug5xu']
[2025-07-26T16:36:03.741+0000] {standard_task_runner.py:88} INFO - Job 71: Subtask python_ingestion
[2025-07-26T16:36:03.787+0000] {logging_mixin.py:188} WARNING - /home/***/.local/lib/python3.10/site-packages/***/settings.py:194 DeprecationWarning: The sql_alchemy_conn option in [core] has been moved to the sql_alchemy_conn option in [database] - the old setting has been used, but please update your config.
[2025-07-26T16:36:03.871+0000] {task_command.py:423} INFO - Running <TaskInstance: pl001_ingest_crypto_postgres.python_ingestion manual__2025-07-26T16:36:01.112670+00:00 [running]> on host dfd1c4a1c4e4
[2025-07-26T16:36:04.071+0000] {taskinstance.py:2480} INFO - Exporting env vars: AIRFLOW_CTX_DAG_OWNER='***' AIRFLOW_CTX_DAG_ID='pl001_ingest_crypto_postgres' AIRFLOW_CTX_TASK_ID='python_ingestion' AIRFLOW_CTX_EXECUTION_DATE='2025-07-26T16:36:01.112670+00:00' AIRFLOW_CTX_TRY_NUMBER='1' AIRFLOW_CTX_DAG_RUN_ID='manual__2025-07-26T16:36:01.112670+00:00'
[2025-07-26T16:36:04.073+0000] {subprocess.py:63} INFO - Tmp dir root location: /tmp
[2025-07-26T16:36:04.074+0000] {subprocess.py:75} INFO - Running command: ['/usr/bin/bash', '-c', 'python /opt/scripts/ingest_crypto_data.py']
[2025-07-26T16:36:04.088+0000] {subprocess.py:86} INFO - Output:
[2025-07-26T16:38:16.147+0000] {subprocess.py:93} INFO - Loaded 10 rows into market_metrics table
[2025-07-26T16:38:16.152+0000] {subprocess.py:93} INFO - coin id: binancecoin
[2025-07-26T16:38:16.152+0000] {subprocess.py:93} INFO - Sleeping.....
[2025-07-26T16:38:16.153+0000] {subprocess.py:93} INFO - coin id: binancecoin
[2025-07-26T16:38:16.154+0000] {subprocess.py:93} INFO - Sleeping.....
[2025-07-26T16:38:16.155+0000] {subprocess.py:93} INFO - coin id: binancecoin
[2025-07-26T16:38:16.155+0000] {subprocess.py:93} INFO - Sleeping.....
[2025-07-26T16:38:16.156+0000] {subprocess.py:93} INFO - coin id: usd-coin
[2025-07-26T16:38:16.157+0000] {subprocess.py:93} INFO - Sleeping.....
[2025-07-26T16:38:16.157+0000] {subprocess.py:93} INFO - coin id: usd-coin
[2025-07-26T16:38:16.158+0000] {subprocess.py:93} INFO - Sleeping.....
[2025-07-26T16:38:16.159+0000] {subprocess.py:93} INFO - coin id: usd-coin
[2025-07-26T16:38:16.159+0000] {subprocess.py:93} INFO - Sleeping.....
[2025-07-26T16:38:16.160+0000] {subprocess.py:93} INFO - Loaded 1209 rows into coin_historical table
[2025-07-26T16:38:16.309+0000] {subprocess.py:97} INFO - Command exited with return code 0
[2025-07-26T16:38:16.355+0000] {taskinstance.py:1138} INFO - Marking task as SUCCESS. dag_id=pl001_ingest_crypto_postgres, task_id=python_ingestion, execution_date=20250726T163601, start_date=20250726T163603, end_date=20250726T163816
[2025-07-26T16:38:16.393+0000] {local_task_job_runner.py:234} INFO - Task exited with return code 0
[2025-07-26T16:38:16.423+0000] {taskinstance.py:3280} INFO - 1 downstream tasks scheduled from follow-on schedule check
