[2025-07-26T18:35:36.244+0000] {taskinstance.py:1956} INFO - Dependencies all met for dep_context=non-requeueable deps ti=<TaskInstance: pl001_ingest_crypto_postgres.dbt_curated_transformation manual__2025-07-26T18:35:26.329306+00:00 [queued]>
[2025-07-26T18:35:36.296+0000] {taskinstance.py:1956} INFO - Dependencies all met for dep_context=requeueable deps ti=<TaskInstance: pl001_ingest_crypto_postgres.dbt_curated_transformation manual__2025-07-26T18:35:26.329306+00:00 [queued]>
[2025-07-26T18:35:36.306+0000] {taskinstance.py:2170} INFO - Starting attempt 1 of 1
[2025-07-26T18:35:36.412+0000] {taskinstance.py:2191} INFO - Executing <Task(BashOperator): dbt_curated_transformation> on 2025-07-26 18:35:26.329306+00:00
[2025-07-26T18:35:36.487+0000] {standard_task_runner.py:60} INFO - Started process 1654 to run task
[2025-07-26T18:35:36.527+0000] {standard_task_runner.py:87} INFO - Running: ['***', 'tasks', 'run', 'pl001_ingest_crypto_postgres', 'dbt_curated_transformation', 'manual__2025-07-26T18:35:26.329306+00:00', '--job-id', '90', '--raw', '--subdir', 'DAGS_FOLDER/***_pipeline.py', '--cfg-path', '/tmp/tmpz283w6mg']
[2025-07-26T18:35:36.553+0000] {standard_task_runner.py:88} INFO - Job 90: Subtask dbt_curated_transformation
[2025-07-26T18:35:36.758+0000] {logging_mixin.py:188} WARNING - /home/***/.local/lib/python3.10/site-packages/***/settings.py:194 DeprecationWarning: The sql_alchemy_conn option in [core] has been moved to the sql_alchemy_conn option in [database] - the old setting has been used, but please update your config.
[2025-07-26T18:35:37.098+0000] {task_command.py:423} INFO - Running <TaskInstance: pl001_ingest_crypto_postgres.dbt_curated_transformation manual__2025-07-26T18:35:26.329306+00:00 [running]> on host dfd1c4a1c4e4
[2025-07-26T18:35:37.791+0000] {taskinstance.py:2480} INFO - Exporting env vars: AIRFLOW_CTX_DAG_OWNER='***' AIRFLOW_CTX_DAG_ID='pl001_ingest_crypto_postgres' AIRFLOW_CTX_TASK_ID='dbt_curated_transformation' AIRFLOW_CTX_EXECUTION_DATE='2025-07-26T18:35:26.329306+00:00' AIRFLOW_CTX_TRY_NUMBER='1' AIRFLOW_CTX_DAG_RUN_ID='manual__2025-07-26T18:35:26.329306+00:00'
[2025-07-26T18:35:37.827+0000] {subprocess.py:63} INFO - Tmp dir root location: /tmp
[2025-07-26T18:35:37.839+0000] {subprocess.py:75} INFO - Running command: ['/usr/bin/bash', '-c', '\n        export DBT_LOG_PATH=/tmp/dbt &&         mkdir -p /tmp/dbt &&         cd /opt/***/dbt &&         dbt run \n        ']
[2025-07-26T18:35:37.963+0000] {subprocess.py:86} INFO - Output:
[2025-07-26T18:36:19.489+0000] {subprocess.py:93} INFO - [0m18:36:19  Running with dbt=1.7.14
[2025-07-26T18:36:24.996+0000] {subprocess.py:93} INFO - [0m18:36:24  Registered adapter: postgres=1.7.14
[2025-07-26T18:36:31.262+0000] {subprocess.py:93} INFO - [0m18:36:31  Found 5 models, 5 tests, 2 sources, 0 exposures, 0 metrics, 401 macros, 0 groups, 0 semantic models
[2025-07-26T18:36:31.270+0000] {subprocess.py:93} INFO - [0m18:36:31
[2025-07-26T18:36:31.891+0000] {subprocess.py:93} INFO - [0m18:36:31  Concurrency: 4 threads (target='dev')
[2025-07-26T18:36:31.903+0000] {subprocess.py:93} INFO - [0m18:36:31
[2025-07-26T18:36:31.992+0000] {subprocess.py:93} INFO - [0m18:36:31  1 of 5 START sql table model core_curated.historical_data ...................... [RUN]
[2025-07-26T18:36:32.016+0000] {subprocess.py:93} INFO - [0m18:36:31  2 of 5 START sql table model core_curated.market_data .......................... [RUN]
[2025-07-26T18:36:36.281+0000] {subprocess.py:93} INFO - [0m18:36:36  2 of 5 OK created sql table model core_curated.market_data ..................... [[32mSELECT 10[0m in 4.18s]
[2025-07-26T18:36:36.304+0000] {subprocess.py:93} INFO - [0m18:36:36  1 of 5 OK created sql table model core_curated.historical_data ................. [[32mSELECT 1209[0m in 4.22s]
[2025-07-26T18:36:36.448+0000] {subprocess.py:93} INFO - [0m18:36:36  3 of 5 START sql table model core_pro.dim_date ................................. [RUN]
[2025-07-26T18:36:36.477+0000] {subprocess.py:93} INFO - [0m18:36:36  4 of 5 START sql table model core_pro.dim_coin ................................. [RUN]
[2025-07-26T18:36:37.733+0000] {subprocess.py:93} INFO - [0m18:36:37  3 of 5 OK created sql table model core_pro.dim_date ............................ [[32mSELECT 6[0m in 1.26s]
[2025-07-26T18:36:38.172+0000] {subprocess.py:93} INFO - [0m18:36:38  4 of 5 OK created sql table model core_pro.dim_coin ............................ [[32mSELECT 10[0m in 1.67s]
[2025-07-26T18:36:38.187+0000] {subprocess.py:93} INFO - [0m18:36:38  5 of 5 START sql incremental model core_pro.fact_coins ......................... [RUN]
[2025-07-26T18:36:43.865+0000] {subprocess.py:93} INFO - [0m18:36:43  5 of 5 ERROR creating sql incremental model core_pro.fact_coins ................ [[31mERROR[0m in 5.66s]
[2025-07-26T18:36:44.301+0000] {subprocess.py:93} INFO - [0m18:36:44
[2025-07-26T18:36:44.348+0000] {subprocess.py:93} INFO - [0m18:36:44  Finished running 4 table models, 1 incremental model in 0 hours 0 minutes and 13.02 seconds (13.02s).
[2025-07-26T18:36:44.689+0000] {subprocess.py:93} INFO - [0m18:36:44
[2025-07-26T18:36:44.691+0000] {subprocess.py:93} INFO - [0m18:36:44  [31mCompleted with 1 error and 0 warnings:[0m
[2025-07-26T18:36:44.692+0000] {subprocess.py:93} INFO - [0m18:36:44
[2025-07-26T18:36:44.694+0000] {subprocess.py:93} INFO - [0m18:36:44    Database Error in model fact_coins (models/processed/fact_coins.sql)
[2025-07-26T18:36:44.695+0000] {subprocess.py:93} INFO -   column "fact_key" does not exist
[2025-07-26T18:36:44.696+0000] {subprocess.py:93} INFO -   LINE 7:                 fact_key) in (
[2025-07-26T18:36:44.696+0000] {subprocess.py:93} INFO -                           ^
[2025-07-26T18:36:44.697+0000] {subprocess.py:93} INFO -   compiled Code at target/run/dbt_crypto_project/models/processed/fact_coins.sql
[2025-07-26T18:36:44.698+0000] {subprocess.py:93} INFO - [0m18:36:44
[2025-07-26T18:36:44.698+0000] {subprocess.py:93} INFO - [0m18:36:44  Done. PASS=4 WARN=0 ERROR=1 SKIP=0 TOTAL=5
[2025-07-26T18:36:48.755+0000] {subprocess.py:97} INFO - Command exited with return code 1
[2025-07-26T18:36:48.895+0000] {taskinstance.py:2698} ERROR - Task failed with exception
Traceback (most recent call last):
  File "/home/airflow/.local/lib/python3.10/site-packages/airflow/models/taskinstance.py", line 433, in _execute_task
    result = execute_callable(context=context, **execute_callable_kwargs)
  File "/home/airflow/.local/lib/python3.10/site-packages/airflow/operators/bash.py", line 212, in execute
    raise AirflowException(
airflow.exceptions.AirflowException: Bash command failed. The command returned a non-zero exit code 1.
[2025-07-26T18:36:48.927+0000] {taskinstance.py:1138} INFO - Marking task as FAILED. dag_id=pl001_ingest_crypto_postgres, task_id=dbt_curated_transformation, execution_date=20250726T183526, start_date=20250726T183536, end_date=20250726T183648
[2025-07-26T18:36:49.080+0000] {standard_task_runner.py:107} ERROR - Failed to execute job 90 for task dbt_curated_transformation (Bash command failed. The command returned a non-zero exit code 1.; 1654)
[2025-07-26T18:36:49.160+0000] {local_task_job_runner.py:234} INFO - Task exited with return code 1
[2025-07-26T18:36:49.196+0000] {taskinstance.py:3280} INFO - 0 downstream tasks scheduled from follow-on schedule check
