[2025-07-26T17:01:10.741+0000] {taskinstance.py:1956} INFO - Dependencies all met for dep_context=non-requeueable deps ti=<TaskInstance: pl001_ingest_crypto_postgres.dbt_curated_transformation manual__2025-07-26T17:01:08.298077+00:00 [queued]>
[2025-07-26T17:01:10.760+0000] {taskinstance.py:1956} INFO - Dependencies all met for dep_context=requeueable deps ti=<TaskInstance: pl001_ingest_crypto_postgres.dbt_curated_transformation manual__2025-07-26T17:01:08.298077+00:00 [queued]>
[2025-07-26T17:01:10.761+0000] {taskinstance.py:2170} INFO - Starting attempt 1 of 1
[2025-07-26T17:01:10.788+0000] {taskinstance.py:2191} INFO - Executing <Task(BashOperator): dbt_curated_transformation> on 2025-07-26 17:01:08.298077+00:00
[2025-07-26T17:01:10.797+0000] {standard_task_runner.py:60} INFO - Started process 470 to run task
[2025-07-26T17:01:10.805+0000] {standard_task_runner.py:87} INFO - Running: ['***', 'tasks', 'run', 'pl001_ingest_crypto_postgres', 'dbt_curated_transformation', 'manual__2025-07-26T17:01:08.298077+00:00', '--job-id', '73', '--raw', '--subdir', 'DAGS_FOLDER/***_pipeline.py', '--cfg-path', '/tmp/tmp03qlg3bn']
[2025-07-26T17:01:10.815+0000] {standard_task_runner.py:88} INFO - Job 73: Subtask dbt_curated_transformation
[2025-07-26T17:01:10.870+0000] {logging_mixin.py:188} WARNING - /home/***/.local/lib/python3.10/site-packages/***/settings.py:194 DeprecationWarning: The sql_alchemy_conn option in [core] has been moved to the sql_alchemy_conn option in [database] - the old setting has been used, but please update your config.
[2025-07-26T17:01:10.971+0000] {task_command.py:423} INFO - Running <TaskInstance: pl001_ingest_crypto_postgres.dbt_curated_transformation manual__2025-07-26T17:01:08.298077+00:00 [running]> on host dfd1c4a1c4e4
[2025-07-26T17:01:11.185+0000] {taskinstance.py:2480} INFO - Exporting env vars: AIRFLOW_CTX_DAG_OWNER='***' AIRFLOW_CTX_DAG_ID='pl001_ingest_crypto_postgres' AIRFLOW_CTX_TASK_ID='dbt_curated_transformation' AIRFLOW_CTX_EXECUTION_DATE='2025-07-26T17:01:08.298077+00:00' AIRFLOW_CTX_TRY_NUMBER='1' AIRFLOW_CTX_DAG_RUN_ID='manual__2025-07-26T17:01:08.298077+00:00'
[2025-07-26T17:01:11.188+0000] {subprocess.py:63} INFO - Tmp dir root location: /tmp
[2025-07-26T17:01:11.191+0000] {subprocess.py:75} INFO - Running command: ['/usr/bin/bash', '-c', '\n        export DBT_LOG_PATH=/tmp/dbt &&         mkdir -p /tmp/dbt &&         cd /opt/***/dbt &&         dbt run \n        ']
[2025-07-26T17:01:11.209+0000] {subprocess.py:86} INFO - Output:
[2025-07-26T17:01:17.025+0000] {subprocess.py:93} INFO - [0m17:01:17  Running with dbt=1.7.14
[2025-07-26T17:01:17.502+0000] {subprocess.py:93} INFO - [0m17:01:17  Registered adapter: postgres=1.7.14
[2025-07-26T17:01:18.156+0000] {subprocess.py:93} INFO - [0m17:01:18  Found 2 models, 2 sources, 0 exposures, 0 metrics, 401 macros, 0 groups, 0 semantic models
[2025-07-26T17:01:18.160+0000] {subprocess.py:93} INFO - [0m17:01:18
[2025-07-26T17:01:18.294+0000] {subprocess.py:93} INFO - [0m17:01:18  Concurrency: 4 threads (target='dev')
[2025-07-26T17:01:18.295+0000] {subprocess.py:93} INFO - [0m17:01:18
[2025-07-26T17:01:18.309+0000] {subprocess.py:93} INFO - [0m17:01:18  1 of 2 START sql table model core_curated.historical_data ...................... [RUN]
[2025-07-26T17:01:18.311+0000] {subprocess.py:93} INFO - [0m17:01:18  2 of 2 START sql table model core_curated.market_data .......................... [RUN]
[2025-07-26T17:01:18.612+0000] {subprocess.py:93} INFO - [0m17:01:18  1 of 2 OK created sql table model core_curated.historical_data ................. [[32mSELECT 1209[0m in 0.30s]
[2025-07-26T17:01:18.623+0000] {subprocess.py:93} INFO - [0m17:01:18  2 of 2 OK created sql table model core_curated.market_data ..................... [[32mSELECT 10[0m in 0.31s]
[2025-07-26T17:01:18.650+0000] {subprocess.py:93} INFO - [0m17:01:18
[2025-07-26T17:01:18.650+0000] {subprocess.py:93} INFO - [0m17:01:18  Finished running 2 table models in 0 hours 0 minutes and 0.49 seconds (0.49s).
[2025-07-26T17:01:18.685+0000] {subprocess.py:93} INFO - [0m17:01:18
[2025-07-26T17:01:18.686+0000] {subprocess.py:93} INFO - [0m17:01:18  [32mCompleted successfully[0m
[2025-07-26T17:01:18.687+0000] {subprocess.py:93} INFO - [0m17:01:18
[2025-07-26T17:01:18.688+0000] {subprocess.py:93} INFO - [0m17:01:18  Done. PASS=2 WARN=0 ERROR=0 SKIP=0 TOTAL=2
[2025-07-26T17:01:21.537+0000] {subprocess.py:97} INFO - Command exited with return code 0
[2025-07-26T17:01:21.588+0000] {taskinstance.py:1138} INFO - Marking task as SUCCESS. dag_id=pl001_ingest_crypto_postgres, task_id=dbt_curated_transformation, execution_date=20250726T170108, start_date=20250726T170110, end_date=20250726T170121
[2025-07-26T17:01:21.649+0000] {local_task_job_runner.py:234} INFO - Task exited with return code 0
[2025-07-26T17:01:21.675+0000] {taskinstance.py:3280} INFO - 0 downstream tasks scheduled from follow-on schedule check
