[2025-07-26T18:28:06.938+0000] {taskinstance.py:1956} INFO - Dependencies all met for dep_context=non-requeueable deps ti=<TaskInstance: pl001_ingest_crypto_postgres.dbt_install_pkgs manual__2025-07-26T18:28:01.832351+00:00 [queued]>
[2025-07-26T18:28:06.964+0000] {taskinstance.py:1956} INFO - Dependencies all met for dep_context=requeueable deps ti=<TaskInstance: pl001_ingest_crypto_postgres.dbt_install_pkgs manual__2025-07-26T18:28:01.832351+00:00 [queued]>
[2025-07-26T18:28:06.965+0000] {taskinstance.py:2170} INFO - Starting attempt 1 of 1
[2025-07-26T18:28:07.004+0000] {taskinstance.py:2191} INFO - Executing <Task(BashOperator): dbt_install_pkgs> on 2025-07-26 18:28:01.832351+00:00
[2025-07-26T18:28:07.017+0000] {standard_task_runner.py:60} INFO - Started process 1565 to run task
[2025-07-26T18:28:07.026+0000] {standard_task_runner.py:87} INFO - Running: ['***', 'tasks', 'run', 'pl001_ingest_crypto_postgres', 'dbt_install_pkgs', 'manual__2025-07-26T18:28:01.832351+00:00', '--job-id', '88', '--raw', '--subdir', 'DAGS_FOLDER/***_pipeline.py', '--cfg-path', '/tmp/tmpqg5676kp']
[2025-07-26T18:28:07.032+0000] {standard_task_runner.py:88} INFO - Job 88: Subtask dbt_install_pkgs
[2025-07-26T18:28:07.085+0000] {logging_mixin.py:188} WARNING - /home/***/.local/lib/python3.10/site-packages/***/settings.py:194 DeprecationWarning: The sql_alchemy_conn option in [core] has been moved to the sql_alchemy_conn option in [database] - the old setting has been used, but please update your config.
[2025-07-26T18:28:07.200+0000] {task_command.py:423} INFO - Running <TaskInstance: pl001_ingest_crypto_postgres.dbt_install_pkgs manual__2025-07-26T18:28:01.832351+00:00 [running]> on host dfd1c4a1c4e4
[2025-07-26T18:28:07.456+0000] {taskinstance.py:2480} INFO - Exporting env vars: AIRFLOW_CTX_DAG_OWNER='***' AIRFLOW_CTX_DAG_ID='pl001_ingest_crypto_postgres' AIRFLOW_CTX_TASK_ID='dbt_install_pkgs' AIRFLOW_CTX_EXECUTION_DATE='2025-07-26T18:28:01.832351+00:00' AIRFLOW_CTX_TRY_NUMBER='1' AIRFLOW_CTX_DAG_RUN_ID='manual__2025-07-26T18:28:01.832351+00:00'
[2025-07-26T18:28:07.461+0000] {subprocess.py:63} INFO - Tmp dir root location: /tmp
[2025-07-26T18:28:07.464+0000] {subprocess.py:75} INFO - Running command: ['/usr/bin/bash', '-c', '\n        cd /opt/***/dbt &&         dbt deps \n        ']
[2025-07-26T18:28:07.495+0000] {subprocess.py:86} INFO - Output:
[2025-07-26T18:28:25.717+0000] {subprocess.py:93} INFO - [0m18:28:25  Running with dbt=1.7.14
[2025-07-26T18:28:26.337+0000] {subprocess.py:93} INFO - [0m18:28:26  Updating lock file in file path: /opt/***/dbt/package-lock.yml
[2025-07-26T18:28:26.384+0000] {subprocess.py:93} INFO - [0m18:28:26  Installing dbt-labs/dbt_utils
[2025-07-26T18:29:16.126+0000] {subprocess.py:93} INFO - [0m18:29:16  Encountered an error:
[2025-07-26T18:29:16.127+0000] {subprocess.py:93} INFO - [Errno 13] Permission denied: 'integration_tests'
[2025-07-26T18:29:16.136+0000] {subprocess.py:93} INFO - [0m18:29:16  Traceback (most recent call last):
[2025-07-26T18:29:16.137+0000] {subprocess.py:93} INFO -   File "/usr/local/lib/python3.10/shutil.py", line 816, in move
[2025-07-26T18:29:16.138+0000] {subprocess.py:93} INFO -     os.rename(src, real_dst)
[2025-07-26T18:29:16.138+0000] {subprocess.py:93} INFO - PermissionError: [Errno 13] Permission denied: 'dbt_packages/dbt-utils-1.3.0' -> 'dbt_packages/dbt_utils'
[2025-07-26T18:29:16.140+0000] {subprocess.py:93} INFO - 
[2025-07-26T18:29:16.142+0000] {subprocess.py:93} INFO - During handling of the above exception, another exception occurred:
[2025-07-26T18:29:16.142+0000] {subprocess.py:93} INFO - 
[2025-07-26T18:29:16.143+0000] {subprocess.py:93} INFO - Traceback (most recent call last):
[2025-07-26T18:29:16.144+0000] {subprocess.py:93} INFO -   File "/home/***/.local/lib/python3.10/site-packages/dbt/cli/requires.py", line 91, in wrapper
[2025-07-26T18:29:16.145+0000] {subprocess.py:93} INFO -     result, success = func(*args, **kwargs)
[2025-07-26T18:29:16.145+0000] {subprocess.py:93} INFO -   File "/home/***/.local/lib/python3.10/site-packages/dbt/cli/requires.py", line 76, in wrapper
[2025-07-26T18:29:16.146+0000] {subprocess.py:93} INFO -     return func(*args, **kwargs)
[2025-07-26T18:29:16.146+0000] {subprocess.py:93} INFO -   File "/home/***/.local/lib/python3.10/site-packages/dbt/cli/requires.py", line 152, in wrapper
[2025-07-26T18:29:16.147+0000] {subprocess.py:93} INFO -     return func(*args, **kwargs)
[2025-07-26T18:29:16.148+0000] {subprocess.py:93} INFO -   File "/home/***/.local/lib/python3.10/site-packages/dbt/cli/requires.py", line 198, in wrapper
[2025-07-26T18:29:16.148+0000] {subprocess.py:93} INFO -     return func(*args, **kwargs)
[2025-07-26T18:29:16.149+0000] {subprocess.py:93} INFO -   File "/home/***/.local/lib/python3.10/site-packages/dbt/cli/main.py", line 492, in deps
[2025-07-26T18:29:16.150+0000] {subprocess.py:93} INFO -     results = task.run()
[2025-07-26T18:29:16.150+0000] {subprocess.py:93} INFO -   File "/home/***/.local/lib/python3.10/site-packages/dbt/task/deps.py", line 255, in run
[2025-07-26T18:29:16.151+0000] {subprocess.py:93} INFO -     package.install(self.project, renderer)
[2025-07-26T18:29:16.152+0000] {subprocess.py:93} INFO -   File "/home/***/.local/lib/python3.10/site-packages/dbt/deps/registry.py", line 66, in install
[2025-07-26T18:29:16.153+0000] {subprocess.py:93} INFO -     self._install(project, renderer)
[2025-07-26T18:29:16.154+0000] {subprocess.py:93} INFO -   File "/home/***/.local/lib/python3.10/site-packages/dbt/deps/base.py", line 121, in _install
[2025-07-26T18:29:16.155+0000] {subprocess.py:93} INFO -     connection_exception_retry(download_untar_fn, 5)
[2025-07-26T18:29:16.155+0000] {subprocess.py:93} INFO -   File "/home/***/.local/lib/python3.10/site-packages/dbt/utils.py", line 607, in _connection_exception_retry
[2025-07-26T18:29:16.157+0000] {subprocess.py:93} INFO -     return fn()
[2025-07-26T18:29:16.158+0000] {subprocess.py:93} INFO -   File "/home/***/.local/lib/python3.10/site-packages/dbt/deps/base.py", line 133, in download_and_untar
[2025-07-26T18:29:16.158+0000] {subprocess.py:93} INFO -     system.untar_package(tar_path, deps_path, package_name)
[2025-07-26T18:29:16.159+0000] {subprocess.py:93} INFO -   File "/home/***/.local/lib/python3.10/site-packages/dbt/clients/system.py", line 505, in untar_package
[2025-07-26T18:29:16.159+0000] {subprocess.py:93} INFO -     dbt.clients.system.rename(downloaded_path, desired_path, force=True)
[2025-07-26T18:29:16.160+0000] {subprocess.py:93} INFO -   File "/home/***/.local/lib/python3.10/site-packages/dbt/clients/system.py", line 493, in rename
[2025-07-26T18:29:16.160+0000] {subprocess.py:93} INFO -     shutil.move(from_path, to_path)
[2025-07-26T18:29:16.161+0000] {subprocess.py:93} INFO -   File "/usr/local/lib/python3.10/shutil.py", line 834, in move
[2025-07-26T18:29:16.161+0000] {subprocess.py:93} INFO -     rmtree(src)
[2025-07-26T18:29:16.162+0000] {subprocess.py:93} INFO -   File "/usr/local/lib/python3.10/shutil.py", line 725, in rmtree
[2025-07-26T18:29:16.162+0000] {subprocess.py:93} INFO -     _rmtree_safe_fd(fd, path, onerror)
[2025-07-26T18:29:16.163+0000] {subprocess.py:93} INFO -   File "/usr/local/lib/python3.10/shutil.py", line 664, in _rmtree_safe_fd
[2025-07-26T18:29:16.163+0000] {subprocess.py:93} INFO -     onerror(os.rmdir, fullname, sys.exc_info())
[2025-07-26T18:29:16.164+0000] {subprocess.py:93} INFO -   File "/usr/local/lib/python3.10/shutil.py", line 662, in _rmtree_safe_fd
[2025-07-26T18:29:16.164+0000] {subprocess.py:93} INFO -     os.rmdir(entry.name, dir_fd=topfd)
[2025-07-26T18:29:16.165+0000] {subprocess.py:93} INFO - PermissionError: [Errno 13] Permission denied: 'integration_tests'
[2025-07-26T18:29:16.165+0000] {subprocess.py:93} INFO - 
[2025-07-26T18:29:18.927+0000] {subprocess.py:97} INFO - Command exited with return code 2
[2025-07-26T18:29:18.955+0000] {taskinstance.py:2698} ERROR - Task failed with exception
Traceback (most recent call last):
  File "/home/airflow/.local/lib/python3.10/site-packages/airflow/models/taskinstance.py", line 433, in _execute_task
    result = execute_callable(context=context, **execute_callable_kwargs)
  File "/home/airflow/.local/lib/python3.10/site-packages/airflow/operators/bash.py", line 212, in execute
    raise AirflowException(
airflow.exceptions.AirflowException: Bash command failed. The command returned a non-zero exit code 2.
[2025-07-26T18:29:18.974+0000] {taskinstance.py:1138} INFO - Marking task as FAILED. dag_id=pl001_ingest_crypto_postgres, task_id=dbt_install_pkgs, execution_date=20250726T182801, start_date=20250726T182806, end_date=20250726T182918
[2025-07-26T18:29:19.042+0000] {standard_task_runner.py:107} ERROR - Failed to execute job 88 for task dbt_install_pkgs (Bash command failed. The command returned a non-zero exit code 2.; 1565)
[2025-07-26T18:29:19.073+0000] {local_task_job_runner.py:234} INFO - Task exited with return code 1
[2025-07-26T18:29:19.159+0000] {taskinstance.py:3280} INFO - 0 downstream tasks scheduled from follow-on schedule check
