[2025-07-26T06:12:21.478+0000] {taskinstance.py:1956} INFO - Dependencies all met for dep_context=non-requeueable deps ti=<TaskInstance: pl001_ingest_crypto_postgres.dbt_curated_transformation manual__2025-07-26T06:12:19.494007+00:00 [queued]>
[2025-07-26T06:12:21.502+0000] {taskinstance.py:1956} INFO - Dependencies all met for dep_context=requeueable deps ti=<TaskInstance: pl001_ingest_crypto_postgres.dbt_curated_transformation manual__2025-07-26T06:12:19.494007+00:00 [queued]>
[2025-07-26T06:12:21.503+0000] {taskinstance.py:2170} INFO - Starting attempt 1 of 1
[2025-07-26T06:12:21.527+0000] {taskinstance.py:2191} INFO - Executing <Task(BashOperator): dbt_curated_transformation> on 2025-07-26 06:12:19.494007+00:00
[2025-07-26T06:12:21.537+0000] {standard_task_runner.py:60} INFO - Started process 416 to run task
[2025-07-26T06:12:21.542+0000] {standard_task_runner.py:87} INFO - Running: ['***', 'tasks', 'run', 'pl001_ingest_crypto_postgres', 'dbt_curated_transformation', 'manual__2025-07-26T06:12:19.494007+00:00', '--job-id', '61', '--raw', '--subdir', 'DAGS_FOLDER/***_pipeline.py', '--cfg-path', '/tmp/tmpcys92t90']
[2025-07-26T06:12:21.548+0000] {standard_task_runner.py:88} INFO - Job 61: Subtask dbt_curated_transformation
[2025-07-26T06:12:21.586+0000] {logging_mixin.py:188} WARNING - /home/***/.local/lib/python3.10/site-packages/***/settings.py:194 DeprecationWarning: The sql_alchemy_conn option in [core] has been moved to the sql_alchemy_conn option in [database] - the old setting has been used, but please update your config.
[2025-07-26T06:12:21.698+0000] {task_command.py:423} INFO - Running <TaskInstance: pl001_ingest_crypto_postgres.dbt_curated_transformation manual__2025-07-26T06:12:19.494007+00:00 [running]> on host ebcd77d52c19
[2025-07-26T06:12:22.024+0000] {taskinstance.py:2480} INFO - Exporting env vars: AIRFLOW_CTX_DAG_OWNER='***' AIRFLOW_CTX_DAG_ID='pl001_ingest_crypto_postgres' AIRFLOW_CTX_TASK_ID='dbt_curated_transformation' AIRFLOW_CTX_EXECUTION_DATE='2025-07-26T06:12:19.494007+00:00' AIRFLOW_CTX_TRY_NUMBER='1' AIRFLOW_CTX_DAG_RUN_ID='manual__2025-07-26T06:12:19.494007+00:00'
[2025-07-26T06:12:22.029+0000] {subprocess.py:63} INFO - Tmp dir root location: /tmp
[2025-07-26T06:12:22.031+0000] {subprocess.py:75} INFO - Running command: ['/usr/bin/bash', '-c', '\n        export DBT_LOG_PATH=/tmp/dbt &&         mkdir -p /tmp/dbt &&         cd /opt/***/dbt &&         dbt run --profiles-dir /opt/***/dbt/profiles\n        ']
[2025-07-26T06:12:22.065+0000] {subprocess.py:86} INFO - Output:
[2025-07-26T06:12:28.217+0000] {subprocess.py:93} INFO - [0m06:12:28  Running with dbt=1.7.14
[2025-07-26T06:12:28.674+0000] {subprocess.py:93} INFO - [0m06:12:28  Registered adapter: postgres=1.7.14
[2025-07-26T06:12:29.055+0000] {subprocess.py:93} INFO - [0m06:12:29  Found 3 models, 2 sources, 0 exposures, 0 metrics, 401 macros, 0 groups, 0 semantic models
[2025-07-26T06:12:29.060+0000] {subprocess.py:93} INFO - [0m06:12:29
[2025-07-26T06:12:29.276+0000] {subprocess.py:93} INFO - [0m06:12:29  Concurrency: 4 threads (target='dev')
[2025-07-26T06:12:29.277+0000] {subprocess.py:93} INFO - [0m06:12:29
[2025-07-26T06:12:29.291+0000] {subprocess.py:93} INFO - [0m06:12:29  1 of 3 START sql table model core_curated.market_data .......................... [RUN]
[2025-07-26T06:12:29.293+0000] {subprocess.py:93} INFO - [0m06:12:29  2 of 3 START sql table model core.my_first_dbt_model ........................... [RUN]
[2025-07-26T06:12:29.832+0000] {subprocess.py:93} INFO - [0m06:12:29  2 of 3 OK created sql table model core.my_first_dbt_model ...................... [[32mSELECT 2[0m in 0.53s]
[2025-07-26T06:12:29.836+0000] {subprocess.py:93} INFO - [0m06:12:29  1 of 3 OK created sql table model core_curated.market_data ..................... [[32mSELECT 10[0m in 0.54s]
[2025-07-26T06:12:29.845+0000] {subprocess.py:93} INFO - [0m06:12:29  3 of 3 START sql view model core.my_second_dbt_model ........................... [RUN]
[2025-07-26T06:12:30.001+0000] {subprocess.py:93} INFO - [0m06:12:30  3 of 3 OK created sql view model core.my_second_dbt_model ...................... [[32mCREATE VIEW[0m in 0.15s]
[2025-07-26T06:12:30.054+0000] {subprocess.py:93} INFO - [0m06:12:30
[2025-07-26T06:12:30.055+0000] {subprocess.py:93} INFO - [0m06:12:30  Finished running 2 table models, 1 view model in 0 hours 0 minutes and 0.99 seconds (0.99s).
[2025-07-26T06:12:30.187+0000] {subprocess.py:93} INFO - [0m06:12:30
[2025-07-26T06:12:30.195+0000] {subprocess.py:93} INFO - [0m06:12:30  [32mCompleted successfully[0m
[2025-07-26T06:12:30.201+0000] {subprocess.py:93} INFO - [0m06:12:30
[2025-07-26T06:12:30.210+0000] {subprocess.py:93} INFO - [0m06:12:30  Done. PASS=3 WARN=0 ERROR=0 SKIP=0 TOTAL=3
[2025-07-26T06:12:33.505+0000] {subprocess.py:97} INFO - Command exited with return code 0
[2025-07-26T06:12:33.677+0000] {taskinstance.py:1138} INFO - Marking task as SUCCESS. dag_id=pl001_ingest_crypto_postgres, task_id=dbt_curated_transformation, execution_date=20250726T061219, start_date=20250726T061221, end_date=20250726T061233
[2025-07-26T06:12:33.737+0000] {local_task_job_runner.py:234} INFO - Task exited with return code 0
[2025-07-26T06:12:33.806+0000] {taskinstance.py:3280} INFO - 0 downstream tasks scheduled from follow-on schedule check
