[2025-07-26T19:51:35.491+0000] {taskinstance.py:1956} INFO - Dependencies all met for dep_context=non-requeueable deps ti=<TaskInstance: pl001_ingest_crypto_postgres.python_ingestion manual__2025-07-26T19:51:33.752715+00:00 [queued]>
[2025-07-26T19:51:35.508+0000] {taskinstance.py:1956} INFO - Dependencies all met for dep_context=requeueable deps ti=<TaskInstance: pl001_ingest_crypto_postgres.python_ingestion manual__2025-07-26T19:51:33.752715+00:00 [queued]>
[2025-07-26T19:51:35.509+0000] {taskinstance.py:2170} INFO - Starting attempt 1 of 1
[2025-07-26T19:51:35.548+0000] {taskinstance.py:2191} INFO - Executing <Task(BashOperator): python_ingestion> on 2025-07-26 19:51:33.752715+00:00
[2025-07-26T19:51:35.558+0000] {standard_task_runner.py:60} INFO - Started process 2466 to run task
[2025-07-26T19:51:35.563+0000] {standard_task_runner.py:87} INFO - Running: ['***', 'tasks', 'run', 'pl001_ingest_crypto_postgres', 'python_ingestion', 'manual__2025-07-26T19:51:33.752715+00:00', '--job-id', '96', '--raw', '--subdir', 'DAGS_FOLDER/***_pipeline.py', '--cfg-path', '/tmp/tmp8pm2mrea']
[2025-07-26T19:51:35.568+0000] {standard_task_runner.py:88} INFO - Job 96: Subtask python_ingestion
[2025-07-26T19:51:35.596+0000] {logging_mixin.py:188} WARNING - /home/***/.local/lib/python3.10/site-packages/***/settings.py:194 DeprecationWarning: The sql_alchemy_conn option in [core] has been moved to the sql_alchemy_conn option in [database] - the old setting has been used, but please update your config.
[2025-07-26T19:51:35.659+0000] {task_command.py:423} INFO - Running <TaskInstance: pl001_ingest_crypto_postgres.python_ingestion manual__2025-07-26T19:51:33.752715+00:00 [running]> on host dfd1c4a1c4e4
[2025-07-26T19:51:35.803+0000] {taskinstance.py:2480} INFO - Exporting env vars: AIRFLOW_CTX_DAG_OWNER='***' AIRFLOW_CTX_DAG_ID='pl001_ingest_crypto_postgres' AIRFLOW_CTX_TASK_ID='python_ingestion' AIRFLOW_CTX_EXECUTION_DATE='2025-07-26T19:51:33.752715+00:00' AIRFLOW_CTX_TRY_NUMBER='1' AIRFLOW_CTX_DAG_RUN_ID='manual__2025-07-26T19:51:33.752715+00:00'
[2025-07-26T19:51:35.805+0000] {subprocess.py:63} INFO - Tmp dir root location: /tmp
[2025-07-26T19:51:35.808+0000] {subprocess.py:75} INFO - Running command: ['/usr/bin/bash', '-c', 'python /opt/scripts/ingest_crypto_data.py']
[2025-07-26T19:51:35.826+0000] {subprocess.py:86} INFO - Output:
[2025-07-26T19:53:47.561+0000] {subprocess.py:93} INFO - Loaded 10 rows into market_metrics table
[2025-07-26T19:53:47.564+0000] {subprocess.py:93} INFO - coin id: binancecoin
[2025-07-26T19:53:47.565+0000] {subprocess.py:93} INFO - Sleeping.....
[2025-07-26T19:53:47.568+0000] {subprocess.py:93} INFO - coin id: binancecoin
[2025-07-26T19:53:47.569+0000] {subprocess.py:93} INFO - Sleeping.....
[2025-07-26T19:53:47.570+0000] {subprocess.py:93} INFO - coin id: binancecoin
[2025-07-26T19:53:47.571+0000] {subprocess.py:93} INFO - Sleeping.....
[2025-07-26T19:53:47.572+0000] {subprocess.py:93} INFO - coin id: staked-ether
[2025-07-26T19:53:47.573+0000] {subprocess.py:93} INFO - Sleeping.....
[2025-07-26T19:53:47.574+0000] {subprocess.py:93} INFO - coin id: staked-ether
[2025-07-26T19:53:47.575+0000] {subprocess.py:93} INFO - Sleeping.....
[2025-07-26T19:53:47.576+0000] {subprocess.py:93} INFO - coin id: staked-ether
[2025-07-26T19:53:47.577+0000] {subprocess.py:93} INFO - Sleeping.....
[2025-07-26T19:53:47.578+0000] {subprocess.py:93} INFO - Loaded 1208 rows into coin_historical table
[2025-07-26T19:53:47.706+0000] {subprocess.py:97} INFO - Command exited with return code 0
[2025-07-26T19:53:47.759+0000] {taskinstance.py:1138} INFO - Marking task as SUCCESS. dag_id=pl001_ingest_crypto_postgres, task_id=python_ingestion, execution_date=20250726T195133, start_date=20250726T195135, end_date=20250726T195347
[2025-07-26T19:53:47.811+0000] {local_task_job_runner.py:234} INFO - Task exited with return code 0
[2025-07-26T19:53:47.848+0000] {taskinstance.py:3280} INFO - 1 downstream tasks scheduled from follow-on schedule check
