[2025-07-26T19:53:48.354+0000] {taskinstance.py:1956} INFO - Dependencies all met for dep_context=non-requeueable deps ti=<TaskInstance: pl001_ingest_crypto_postgres.dbt_curated_transformation manual__2025-07-26T19:51:33.752715+00:00 [queued]>
[2025-07-26T19:53:48.371+0000] {taskinstance.py:1956} INFO - Dependencies all met for dep_context=requeueable deps ti=<TaskInstance: pl001_ingest_crypto_postgres.dbt_curated_transformation manual__2025-07-26T19:51:33.752715+00:00 [queued]>
[2025-07-26T19:53:48.372+0000] {taskinstance.py:2170} INFO - Starting attempt 1 of 1
[2025-07-26T19:53:48.390+0000] {taskinstance.py:2191} INFO - Executing <Task(BashOperator): dbt_curated_transformation> on 2025-07-26 19:51:33.752715+00:00
[2025-07-26T19:53:48.398+0000] {standard_task_runner.py:60} INFO - Started process 2498 to run task
[2025-07-26T19:53:48.403+0000] {standard_task_runner.py:87} INFO - Running: ['***', 'tasks', 'run', 'pl001_ingest_crypto_postgres', 'dbt_curated_transformation', 'manual__2025-07-26T19:51:33.752715+00:00', '--job-id', '97', '--raw', '--subdir', 'DAGS_FOLDER/***_pipeline.py', '--cfg-path', '/tmp/tmprpmxjids']
[2025-07-26T19:53:48.406+0000] {standard_task_runner.py:88} INFO - Job 97: Subtask dbt_curated_transformation
[2025-07-26T19:53:48.436+0000] {logging_mixin.py:188} WARNING - /home/***/.local/lib/python3.10/site-packages/***/settings.py:194 DeprecationWarning: The sql_alchemy_conn option in [core] has been moved to the sql_alchemy_conn option in [database] - the old setting has been used, but please update your config.
[2025-07-26T19:53:48.494+0000] {task_command.py:423} INFO - Running <TaskInstance: pl001_ingest_crypto_postgres.dbt_curated_transformation manual__2025-07-26T19:51:33.752715+00:00 [running]> on host dfd1c4a1c4e4
[2025-07-26T19:53:48.638+0000] {taskinstance.py:2480} INFO - Exporting env vars: AIRFLOW_CTX_DAG_OWNER='***' AIRFLOW_CTX_DAG_ID='pl001_ingest_crypto_postgres' AIRFLOW_CTX_TASK_ID='dbt_curated_transformation' AIRFLOW_CTX_EXECUTION_DATE='2025-07-26T19:51:33.752715+00:00' AIRFLOW_CTX_TRY_NUMBER='1' AIRFLOW_CTX_DAG_RUN_ID='manual__2025-07-26T19:51:33.752715+00:00'
[2025-07-26T19:53:48.641+0000] {subprocess.py:63} INFO - Tmp dir root location: /tmp
[2025-07-26T19:53:48.644+0000] {subprocess.py:75} INFO - Running command: ['/usr/bin/bash', '-c', '\n        export DBT_LOG_PATH=/tmp/dbt &&         mkdir -p /tmp/dbt &&         cd /opt/***/dbt &&         dbt run \n        ']
[2025-07-26T19:53:48.662+0000] {subprocess.py:86} INFO - Output:
[2025-07-26T19:53:55.123+0000] {subprocess.py:93} INFO - [0m19:53:55  Running with dbt=1.7.14
[2025-07-26T19:53:55.663+0000] {subprocess.py:93} INFO - [0m19:53:55  Registered adapter: postgres=1.7.14
[2025-07-26T19:53:56.086+0000] {subprocess.py:93} INFO - [0m19:53:56  [[33mWARNING[0m]: Did not find matching node for patch with name 'fact_trades' in the 'models' section of file 'models/processed/schema.yml'
[2025-07-26T19:53:56.311+0000] {subprocess.py:93} INFO - [0m19:53:56  [[33mWARNING[0m]: Test 'test.dbt_crypto_project.not_null_fact_trades_date_id.0a066b9bb6' (models/processed/schema.yml) depends on a node named 'fact_trades' in package '' which was not found
[2025-07-26T19:53:56.312+0000] {subprocess.py:93} INFO - [0m19:53:56  [[33mWARNING[0m]: Test 'test.dbt_crypto_project.relationships_fact_trades_date_id__date_id__ref_dim_date_.6df2a5a245' (models/processed/schema.yml) depends on a node named 'fact_trades' in package '' which was not found
[2025-07-26T19:53:56.313+0000] {subprocess.py:93} INFO - [0m19:53:56  [[33mWARNING[0m]: Test 'test.dbt_crypto_project.not_null_fact_trades_coin_id.889e79e752' (models/processed/schema.yml) depends on a node named 'fact_trades' in package '' which was not found
[2025-07-26T19:53:56.314+0000] {subprocess.py:93} INFO - [0m19:53:56  [[33mWARNING[0m]: Test 'test.dbt_crypto_project.relationships_fact_trades_coin_id__coin_id__ref_dim_coin_.764c317baf' (models/processed/schema.yml) depends on a node named 'fact_trades' in package '' which was not found
[2025-07-26T19:53:56.434+0000] {subprocess.py:93} INFO - [0m19:53:56  Found 8 models, 5 tests, 2 sources, 0 exposures, 0 metrics, 401 macros, 0 groups, 0 semantic models
[2025-07-26T19:53:56.440+0000] {subprocess.py:93} INFO - [0m19:53:56
[2025-07-26T19:53:56.706+0000] {subprocess.py:93} INFO - [0m19:53:56  Concurrency: 4 threads (target='dev')
[2025-07-26T19:53:56.707+0000] {subprocess.py:93} INFO - [0m19:53:56
[2025-07-26T19:53:56.722+0000] {subprocess.py:93} INFO - [0m19:53:56  1 of 8 START sql table model core_curated.historical_data ...................... [RUN]
[2025-07-26T19:53:56.723+0000] {subprocess.py:93} INFO - [0m19:53:56  2 of 8 START sql table model core_curated.market_data .......................... [RUN]
[2025-07-26T19:53:57.081+0000] {subprocess.py:93} INFO - [0m19:53:57  2 of 8 OK created sql table model core_curated.market_data ..................... [[32mSELECT 10[0m in 0.35s]
[2025-07-26T19:53:57.083+0000] {subprocess.py:93} INFO - [0m19:53:57  1 of 8 OK created sql table model core_curated.historical_data ................. [[32mSELECT 1208[0m in 0.35s]
[2025-07-26T19:53:57.089+0000] {subprocess.py:93} INFO - [0m19:53:57  3 of 8 START sql table model core_pro.dim_coin ................................. [RUN]
[2025-07-26T19:53:57.092+0000] {subprocess.py:93} INFO - [0m19:53:57  4 of 8 START sql table model core_pro.dim_date ................................. [RUN]
[2025-07-26T19:53:57.315+0000] {subprocess.py:93} INFO - [0m19:53:57  4 of 8 OK created sql table model core_pro.dim_date ............................ [[32mSELECT 6[0m in 0.22s]
[2025-07-26T19:53:57.320+0000] {subprocess.py:93} INFO - [0m19:53:57  3 of 8 OK created sql table model core_pro.dim_coin ............................ [[32mSELECT 10[0m in 0.22s]
[2025-07-26T19:53:57.325+0000] {subprocess.py:93} INFO - [0m19:53:57  5 of 8 START sql view model core_report.v_dim_date ............................. [RUN]
[2025-07-26T19:53:57.329+0000] {subprocess.py:93} INFO - [0m19:53:57  6 of 8 START sql incremental model core_pro.fact_coins ......................... [RUN]
[2025-07-26T19:53:57.331+0000] {subprocess.py:93} INFO - [0m19:53:57  7 of 8 START sql view model core_report.v_dim_coin ............................. [RUN]
[2025-07-26T19:53:57.577+0000] {subprocess.py:93} INFO - [0m19:53:57  5 of 8 OK created sql view model core_report.v_dim_date ........................ [[32mCREATE VIEW[0m in 0.25s]
[2025-07-26T19:53:57.596+0000] {subprocess.py:93} INFO - [0m19:53:57  7 of 8 OK created sql view model core_report.v_dim_coin ........................ [[32mCREATE VIEW[0m in 0.26s]
[2025-07-26T19:53:57.670+0000] {subprocess.py:93} INFO - [0m19:53:57  6 of 8 OK created sql incremental model core_pro.fact_coins .................... [[32mINSERT 0 40[0m in 0.34s]
[2025-07-26T19:53:57.675+0000] {subprocess.py:93} INFO - [0m19:53:57  8 of 8 START sql view model core_report.v_fact_coin ............................ [RUN]
[2025-07-26T19:53:57.826+0000] {subprocess.py:93} INFO - [0m19:53:57  8 of 8 OK created sql view model core_report.v_fact_coin ....................... [[32mCREATE VIEW[0m in 0.15s]
[2025-07-26T19:53:57.851+0000] {subprocess.py:93} INFO - [0m19:53:57
[2025-07-26T19:53:57.852+0000] {subprocess.py:93} INFO - [0m19:53:57  Finished running 4 table models, 3 view models, 1 incremental model in 0 hours 0 minutes and 1.41 seconds (1.41s).
[2025-07-26T19:53:57.894+0000] {subprocess.py:93} INFO - [0m19:53:57
[2025-07-26T19:53:57.895+0000] {subprocess.py:93} INFO - [0m19:53:57  [32mCompleted successfully[0m
[2025-07-26T19:53:57.896+0000] {subprocess.py:93} INFO - [0m19:53:57
[2025-07-26T19:53:57.896+0000] {subprocess.py:93} INFO - [0m19:53:57  Done. PASS=8 WARN=0 ERROR=0 SKIP=0 TOTAL=8
[2025-07-26T19:54:00.443+0000] {subprocess.py:97} INFO - Command exited with return code 0
[2025-07-26T19:54:00.487+0000] {taskinstance.py:1138} INFO - Marking task as SUCCESS. dag_id=pl001_ingest_crypto_postgres, task_id=dbt_curated_transformation, execution_date=20250726T195133, start_date=20250726T195348, end_date=20250726T195400
[2025-07-26T19:54:00.548+0000] {local_task_job_runner.py:234} INFO - Task exited with return code 0
[2025-07-26T19:54:00.572+0000] {taskinstance.py:3280} INFO - 0 downstream tasks scheduled from follow-on schedule check
