[2025-07-25T18:38:22.122+0000] {taskinstance.py:1956} INFO - Dependencies all met for dep_context=non-requeueable deps ti=<TaskInstance: pl001_ingest_crypto_postgres.dbt_run manual__2025-07-25T18:38:20.025443+00:00 [queued]>
[2025-07-25T18:38:22.150+0000] {taskinstance.py:1956} INFO - Dependencies all met for dep_context=requeueable deps ti=<TaskInstance: pl001_ingest_crypto_postgres.dbt_run manual__2025-07-25T18:38:20.025443+00:00 [queued]>
[2025-07-25T18:38:22.151+0000] {taskinstance.py:2170} INFO - Starting attempt 1 of 1
[2025-07-25T18:38:22.182+0000] {taskinstance.py:2191} INFO - Executing <Task(BashOperator): dbt_run> on 2025-07-25 18:38:20.025443+00:00
[2025-07-25T18:38:22.191+0000] {standard_task_runner.py:60} INFO - Started process 370 to run task
[2025-07-25T18:38:22.200+0000] {standard_task_runner.py:87} INFO - Running: ['***', 'tasks', 'run', 'pl001_ingest_crypto_postgres', 'dbt_run', 'manual__2025-07-25T18:38:20.025443+00:00', '--job-id', '43', '--raw', '--subdir', 'DAGS_FOLDER/***_pipeline.py', '--cfg-path', '/tmp/tmpylgxtfc3']
[2025-07-25T18:38:22.204+0000] {standard_task_runner.py:88} INFO - Job 43: Subtask dbt_run
[2025-07-25T18:38:22.236+0000] {logging_mixin.py:188} WARNING - /home/***/.local/lib/python3.10/site-packages/***/settings.py:194 DeprecationWarning: The sql_alchemy_conn option in [core] has been moved to the sql_alchemy_conn option in [database] - the old setting has been used, but please update your config.
[2025-07-25T18:38:22.308+0000] {task_command.py:423} INFO - Running <TaskInstance: pl001_ingest_crypto_postgres.dbt_run manual__2025-07-25T18:38:20.025443+00:00 [running]> on host 64bb790f69ea
[2025-07-25T18:38:22.442+0000] {taskinstance.py:2480} INFO - Exporting env vars: AIRFLOW_CTX_DAG_OWNER='***' AIRFLOW_CTX_DAG_ID='pl001_ingest_crypto_postgres' AIRFLOW_CTX_TASK_ID='dbt_run' AIRFLOW_CTX_EXECUTION_DATE='2025-07-25T18:38:20.025443+00:00' AIRFLOW_CTX_TRY_NUMBER='1' AIRFLOW_CTX_DAG_RUN_ID='manual__2025-07-25T18:38:20.025443+00:00'
[2025-07-25T18:38:22.444+0000] {subprocess.py:63} INFO - Tmp dir root location: /tmp
[2025-07-25T18:38:22.446+0000] {subprocess.py:75} INFO - Running command: ['/usr/bin/bash', '-c', '\n        mkdir -p /tmp/dbt_logs && chmod -R 777 /tmp/dbt_logs\n        cd /opt/dbt && dbt run --profiles-dir /home/***/.dbt --log-path /tmp/dbt_logs/dbt.log\n    ']
[2025-07-25T18:38:22.458+0000] {subprocess.py:86} INFO - Output:
[2025-07-25T18:38:27.531+0000] {subprocess.py:93} INFO - [0m18:38:27  Running with dbt=1.10.5
[2025-07-25T18:38:28.566+0000] {subprocess.py:93} INFO - [0m18:38:28  Registered adapter: postgres=1.9.0
[2025-07-25T18:38:32.333+0000] {subprocess.py:93} INFO - [0m18:38:32  Encountered an error:
[2025-07-25T18:38:32.334+0000] {subprocess.py:93} INFO - [Errno 13] Permission denied: '/opt/dbt/target/partial_parse.msgpack'
[2025-07-25T18:38:32.335+0000] {subprocess.py:93} INFO - [0m18:38:32  Traceback (most recent call last):
[2025-07-25T18:38:32.336+0000] {subprocess.py:93} INFO -   File "/home/***/.local/lib/python3.10/site-packages/dbt/cli/requires.py", line 178, in wrapper
[2025-07-25T18:38:32.337+0000] {subprocess.py:93} INFO -     result, success = func(*args, **kwargs)
[2025-07-25T18:38:32.338+0000] {subprocess.py:93} INFO -   File "/home/***/.local/lib/python3.10/site-packages/dbt/cli/requires.py", line 128, in wrapper
[2025-07-25T18:38:32.339+0000] {subprocess.py:93} INFO -     return func(*args, **kwargs)
[2025-07-25T18:38:32.340+0000] {subprocess.py:93} INFO -   File "/home/***/.local/lib/python3.10/site-packages/dbt/cli/requires.py", line 272, in wrapper
[2025-07-25T18:38:32.341+0000] {subprocess.py:93} INFO -     return func(*args, **kwargs)
[2025-07-25T18:38:32.342+0000] {subprocess.py:93} INFO -   File "/home/***/.local/lib/python3.10/site-packages/dbt/cli/requires.py", line 303, in wrapper
[2025-07-25T18:38:32.344+0000] {subprocess.py:93} INFO -     return func(*args, **kwargs)
[2025-07-25T18:38:32.347+0000] {subprocess.py:93} INFO -   File "/home/***/.local/lib/python3.10/site-packages/dbt/cli/requires.py", line 373, in wrapper
[2025-07-25T18:38:32.348+0000] {subprocess.py:93} INFO -     return func(*args, **kwargs)
[2025-07-25T18:38:32.349+0000] {subprocess.py:93} INFO -   File "/home/***/.local/lib/python3.10/site-packages/dbt/cli/requires.py", line 350, in wrapper
[2025-07-25T18:38:32.350+0000] {subprocess.py:93} INFO -     return func(*args, **kwargs)
[2025-07-25T18:38:32.351+0000] {subprocess.py:93} INFO -   File "/home/***/.local/lib/python3.10/site-packages/dbt/cli/requires.py", line 389, in wrapper
[2025-07-25T18:38:32.352+0000] {subprocess.py:93} INFO -     setup_manifest(ctx, write=write, write_perf_info=write_perf_info)
[2025-07-25T18:38:32.353+0000] {subprocess.py:93} INFO -   File "/home/***/.local/lib/python3.10/site-packages/dbt/cli/requires.py", line 416, in setup_manifest
[2025-07-25T18:38:32.353+0000] {subprocess.py:93} INFO -     ctx.obj["manifest"] = parse_manifest(
[2025-07-25T18:38:32.354+0000] {subprocess.py:93} INFO -   File "/home/***/.local/lib/python3.10/site-packages/dbt/parser/manifest.py", line 2115, in parse_manifest
[2025-07-25T18:38:32.354+0000] {subprocess.py:93} INFO -     manifest = ManifestLoader.get_full_manifest(
[2025-07-25T18:38:32.355+0000] {subprocess.py:93} INFO -   File "/home/***/.local/lib/python3.10/site-packages/dbt/parser/manifest.py", line 315, in get_full_manifest
[2025-07-25T18:38:32.355+0000] {subprocess.py:93} INFO -     manifest = loader.load()
[2025-07-25T18:38:32.356+0000] {subprocess.py:93} INFO -   File "/home/***/.local/lib/python3.10/site-packages/dbt/parser/manifest.py", line 513, in load
[2025-07-25T18:38:32.356+0000] {subprocess.py:93} INFO -     self.write_manifest_for_partial_parse()
[2025-07-25T18:38:32.357+0000] {subprocess.py:93} INFO -   File "/home/***/.local/lib/python3.10/site-packages/dbt/parser/manifest.py", line 823, in write_manifest_for_partial_parse
[2025-07-25T18:38:32.357+0000] {subprocess.py:93} INFO -     with open(path, "wb") as fp:
[2025-07-25T18:38:32.358+0000] {subprocess.py:93} INFO - PermissionError: [Errno 13] Permission denied: '/opt/dbt/target/partial_parse.msgpack'
[2025-07-25T18:38:32.359+0000] {subprocess.py:93} INFO - 
[2025-07-25T18:38:35.115+0000] {subprocess.py:97} INFO - Command exited with return code 2
[2025-07-25T18:38:35.136+0000] {taskinstance.py:2698} ERROR - Task failed with exception
Traceback (most recent call last):
  File "/home/airflow/.local/lib/python3.10/site-packages/airflow/models/taskinstance.py", line 433, in _execute_task
    result = execute_callable(context=context, **execute_callable_kwargs)
  File "/home/airflow/.local/lib/python3.10/site-packages/airflow/operators/bash.py", line 212, in execute
    raise AirflowException(
airflow.exceptions.AirflowException: Bash command failed. The command returned a non-zero exit code 2.
[2025-07-25T18:38:35.140+0000] {taskinstance.py:1138} INFO - Marking task as FAILED. dag_id=pl001_ingest_crypto_postgres, task_id=dbt_run, execution_date=20250725T183820, start_date=20250725T183822, end_date=20250725T183835
[2025-07-25T18:38:35.159+0000] {standard_task_runner.py:107} ERROR - Failed to execute job 43 for task dbt_run (Bash command failed. The command returned a non-zero exit code 2.; 370)
[2025-07-25T18:38:35.198+0000] {local_task_job_runner.py:234} INFO - Task exited with return code 1
[2025-07-25T18:38:35.222+0000] {taskinstance.py:3280} INFO - 0 downstream tasks scheduled from follow-on schedule check
