[2025-07-25T19:27:09.254+0000] {taskinstance.py:1956} INFO - Dependencies all met for dep_context=non-requeueable deps ti=<TaskInstance: pl001_ingest_crypto_postgres.dbt_run manual__2025-07-25T19:27:06.778895+00:00 [queued]>
[2025-07-25T19:27:09.271+0000] {taskinstance.py:1956} INFO - Dependencies all met for dep_context=requeueable deps ti=<TaskInstance: pl001_ingest_crypto_postgres.dbt_run manual__2025-07-25T19:27:06.778895+00:00 [queued]>
[2025-07-25T19:27:09.272+0000] {taskinstance.py:2170} INFO - Starting attempt 1 of 1
[2025-07-25T19:27:09.301+0000] {taskinstance.py:2191} INFO - Executing <Task(BashOperator): dbt_run> on 2025-07-25 19:27:06.778895+00:00
[2025-07-25T19:27:09.312+0000] {standard_task_runner.py:60} INFO - Started process 204 to run task
[2025-07-25T19:27:09.320+0000] {standard_task_runner.py:87} INFO - Running: ['***', 'tasks', 'run', 'pl001_ingest_crypto_postgres', 'dbt_run', 'manual__2025-07-25T19:27:06.778895+00:00', '--job-id', '54', '--raw', '--subdir', 'DAGS_FOLDER/***_pipeline.py', '--cfg-path', '/tmp/tmp9dgxqnr0']
[2025-07-25T19:27:09.327+0000] {standard_task_runner.py:88} INFO - Job 54: Subtask dbt_run
[2025-07-25T19:27:09.365+0000] {logging_mixin.py:188} WARNING - /home/***/.local/lib/python3.10/site-packages/***/settings.py:194 DeprecationWarning: The sql_alchemy_conn option in [core] has been moved to the sql_alchemy_conn option in [database] - the old setting has been used, but please update your config.
[2025-07-25T19:27:09.688+0000] {task_command.py:423} INFO - Running <TaskInstance: pl001_ingest_crypto_postgres.dbt_run manual__2025-07-25T19:27:06.778895+00:00 [running]> on host 2db9737fc3e6
[2025-07-25T19:27:11.816+0000] {taskinstance.py:2480} INFO - Exporting env vars: AIRFLOW_CTX_DAG_OWNER='***' AIRFLOW_CTX_DAG_ID='pl001_ingest_crypto_postgres' AIRFLOW_CTX_TASK_ID='dbt_run' AIRFLOW_CTX_EXECUTION_DATE='2025-07-25T19:27:06.778895+00:00' AIRFLOW_CTX_TRY_NUMBER='1' AIRFLOW_CTX_DAG_RUN_ID='manual__2025-07-25T19:27:06.778895+00:00'
[2025-07-25T19:27:11.848+0000] {subprocess.py:63} INFO - Tmp dir root location: /tmp
[2025-07-25T19:27:11.898+0000] {subprocess.py:75} INFO - Running command: ['/usr/bin/bash', '-c', 'cd /opt/dbt && dbt run']
[2025-07-25T19:27:12.268+0000] {subprocess.py:86} INFO - Output:
[2025-07-25T19:27:19.151+0000] {subprocess.py:93} INFO - [0m19:27:19  Running with dbt=1.10.5
[2025-07-25T19:27:19.166+0000] {subprocess.py:93} INFO - [0m19:27:19  Encountered an error:
[2025-07-25T19:27:19.167+0000] {subprocess.py:93} INFO - Runtime Error
[2025-07-25T19:27:19.167+0000] {subprocess.py:93} INFO -   Could not find profile named 'dbt_crypto_project'
[2025-07-25T19:27:21.094+0000] {subprocess.py:97} INFO - Command exited with return code 2
[2025-07-25T19:27:21.124+0000] {taskinstance.py:2698} ERROR - Task failed with exception
Traceback (most recent call last):
  File "/home/airflow/.local/lib/python3.10/site-packages/airflow/models/taskinstance.py", line 433, in _execute_task
    result = execute_callable(context=context, **execute_callable_kwargs)
  File "/home/airflow/.local/lib/python3.10/site-packages/airflow/operators/bash.py", line 212, in execute
    raise AirflowException(
airflow.exceptions.AirflowException: Bash command failed. The command returned a non-zero exit code 2.
[2025-07-25T19:27:21.132+0000] {taskinstance.py:1138} INFO - Marking task as FAILED. dag_id=pl001_ingest_crypto_postgres, task_id=dbt_run, execution_date=20250725T192706, start_date=20250725T192709, end_date=20250725T192721
[2025-07-25T19:27:21.181+0000] {standard_task_runner.py:107} ERROR - Failed to execute job 54 for task dbt_run (Bash command failed. The command returned a non-zero exit code 2.; 204)
[2025-07-25T19:27:21.232+0000] {local_task_job_runner.py:234} INFO - Task exited with return code 1
[2025-07-25T19:27:21.269+0000] {taskinstance.py:3280} INFO - 0 downstream tasks scheduled from follow-on schedule check
