[2025-07-25T12:27:10.077+0000] {taskinstance.py:1956} INFO - Dependencies all met for dep_context=non-requeueable deps ti=<TaskInstance: pl001_ingest_crypto_postgres.execute_python_script manual__2025-07-25T12:27:07.639124+00:00 [queued]>
[2025-07-25T12:27:10.237+0000] {taskinstance.py:1956} INFO - Dependencies all met for dep_context=requeueable deps ti=<TaskInstance: pl001_ingest_crypto_postgres.execute_python_script manual__2025-07-25T12:27:07.639124+00:00 [queued]>
[2025-07-25T12:27:10.277+0000] {taskinstance.py:2170} INFO - Starting attempt 1 of 1
[2025-07-25T12:27:10.662+0000] {taskinstance.py:2191} INFO - Executing <Task(BashOperator): execute_python_script> on 2025-07-25 12:27:07.639124+00:00
[2025-07-25T12:27:10.755+0000] {standard_task_runner.py:60} INFO - Started process 2376 to run task
[2025-07-25T12:27:10.837+0000] {standard_task_runner.py:87} INFO - Running: ['***', 'tasks', 'run', 'pl001_ingest_crypto_postgres', 'execute_python_script', 'manual__2025-07-25T12:27:07.639124+00:00', '--job-id', '16', '--raw', '--subdir', 'DAGS_FOLDER/***_pipeline.py', '--cfg-path', '/tmp/tmpikw1tq40']
[2025-07-25T12:27:10.889+0000] {standard_task_runner.py:88} INFO - Job 16: Subtask execute_python_script
[2025-07-25T12:27:11.323+0000] {logging_mixin.py:188} WARNING - /home/***/.local/lib/python3.10/site-packages/***/settings.py:194 DeprecationWarning: The sql_alchemy_conn option in [core] has been moved to the sql_alchemy_conn option in [database] - the old setting has been used, but please update your config.
[2025-07-25T12:27:12.322+0000] {task_command.py:423} INFO - Running <TaskInstance: pl001_ingest_crypto_postgres.execute_python_script manual__2025-07-25T12:27:07.639124+00:00 [running]> on host 6ea5ff505acc
[2025-07-25T12:27:13.281+0000] {taskinstance.py:2480} INFO - Exporting env vars: AIRFLOW_CTX_DAG_OWNER='***' AIRFLOW_CTX_DAG_ID='pl001_ingest_crypto_postgres' AIRFLOW_CTX_TASK_ID='execute_python_script' AIRFLOW_CTX_EXECUTION_DATE='2025-07-25T12:27:07.639124+00:00' AIRFLOW_CTX_TRY_NUMBER='1' AIRFLOW_CTX_DAG_RUN_ID='manual__2025-07-25T12:27:07.639124+00:00'
[2025-07-25T12:27:13.284+0000] {subprocess.py:63} INFO - Tmp dir root location: /tmp
[2025-07-25T12:27:13.287+0000] {subprocess.py:75} INFO - Running command: ['/usr/bin/bash', '-c', 'python /opt/scripts/ingest_crypto_data.py']
[2025-07-25T12:27:13.309+0000] {subprocess.py:86} INFO - Output:
[2025-07-25T12:29:25.361+0000] {subprocess.py:93} INFO - Loaded 10 rows into market_metrics table
[2025-07-25T12:29:25.363+0000] {subprocess.py:93} INFO - coin id: binancecoin
[2025-07-25T12:29:25.364+0000] {subprocess.py:93} INFO - Sleeping.....
[2025-07-25T12:29:25.365+0000] {subprocess.py:93} INFO - coin id: binancecoin
[2025-07-25T12:29:25.365+0000] {subprocess.py:93} INFO - Sleeping.....
[2025-07-25T12:29:25.366+0000] {subprocess.py:93} INFO - coin id: binancecoin
[2025-07-25T12:29:25.367+0000] {subprocess.py:93} INFO - Sleeping.....
[2025-07-25T12:29:25.368+0000] {subprocess.py:93} INFO - coin id: usd-coin
[2025-07-25T12:29:25.370+0000] {subprocess.py:93} INFO - Sleeping.....
[2025-07-25T12:29:25.371+0000] {subprocess.py:93} INFO - coin id: usd-coin
[2025-07-25T12:29:25.372+0000] {subprocess.py:93} INFO - Sleeping.....
[2025-07-25T12:29:25.373+0000] {subprocess.py:93} INFO - coin id: usd-coin
[2025-07-25T12:29:25.373+0000] {subprocess.py:93} INFO - Sleeping.....
[2025-07-25T12:29:25.374+0000] {subprocess.py:93} INFO - Loaded 1208 rows into coin_historical table
[2025-07-25T12:29:25.537+0000] {subprocess.py:97} INFO - Command exited with return code 0
[2025-07-25T12:29:25.600+0000] {taskinstance.py:1138} INFO - Marking task as SUCCESS. dag_id=pl001_ingest_crypto_postgres, task_id=execute_python_script, execution_date=20250725T122707, start_date=20250725T122710, end_date=20250725T122925
[2025-07-25T12:29:25.641+0000] {local_task_job_runner.py:234} INFO - Task exited with return code 0
[2025-07-25T12:29:25.665+0000] {taskinstance.py:3280} INFO - 0 downstream tasks scheduled from follow-on schedule check
