[2025-07-25T14:12:28.672+0000] {taskinstance.py:1956} INFO - Dependencies all met for dep_context=non-requeueable deps ti=<TaskInstance: pl001_ingest_crypto_postgres.python_ingestion manual__2025-07-25T14:12:26.936951+00:00 [queued]>
[2025-07-25T14:12:28.699+0000] {taskinstance.py:1956} INFO - Dependencies all met for dep_context=requeueable deps ti=<TaskInstance: pl001_ingest_crypto_postgres.python_ingestion manual__2025-07-25T14:12:26.936951+00:00 [queued]>
[2025-07-25T14:12:28.701+0000] {taskinstance.py:2170} INFO - Starting attempt 1 of 1
[2025-07-25T14:12:28.789+0000] {taskinstance.py:2191} INFO - Executing <Task(BashOperator): python_ingestion> on 2025-07-25 14:12:26.936951+00:00
[2025-07-25T14:12:28.813+0000] {standard_task_runner.py:60} INFO - Started process 706 to run task
[2025-07-25T14:12:28.831+0000] {standard_task_runner.py:87} INFO - Running: ['***', 'tasks', 'run', 'pl001_ingest_crypto_postgres', 'python_ingestion', 'manual__2025-07-25T14:12:26.936951+00:00', '--job-id', '19', '--raw', '--subdir', 'DAGS_FOLDER/***_pipeline.py', '--cfg-path', '/tmp/tmp8_al54_3']
[2025-07-25T14:12:28.844+0000] {standard_task_runner.py:88} INFO - Job 19: Subtask python_ingestion
[2025-07-25T14:12:28.916+0000] {logging_mixin.py:188} WARNING - /home/***/.local/lib/python3.10/site-packages/***/settings.py:194 DeprecationWarning: The sql_alchemy_conn option in [core] has been moved to the sql_alchemy_conn option in [database] - the old setting has been used, but please update your config.
[2025-07-25T14:12:29.079+0000] {task_command.py:423} INFO - Running <TaskInstance: pl001_ingest_crypto_postgres.python_ingestion manual__2025-07-25T14:12:26.936951+00:00 [running]> on host f4ef4bddc65d
[2025-07-25T14:12:29.562+0000] {taskinstance.py:2480} INFO - Exporting env vars: AIRFLOW_CTX_DAG_OWNER='***' AIRFLOW_CTX_DAG_ID='pl001_ingest_crypto_postgres' AIRFLOW_CTX_TASK_ID='python_ingestion' AIRFLOW_CTX_EXECUTION_DATE='2025-07-25T14:12:26.936951+00:00' AIRFLOW_CTX_TRY_NUMBER='1' AIRFLOW_CTX_DAG_RUN_ID='manual__2025-07-25T14:12:26.936951+00:00'
[2025-07-25T14:12:29.565+0000] {subprocess.py:63} INFO - Tmp dir root location: /tmp
[2025-07-25T14:12:29.568+0000] {subprocess.py:75} INFO - Running command: ['/usr/bin/bash', '-c', 'python /opt/scripts/ingest_crypto_data.py']
[2025-07-25T14:12:29.590+0000] {subprocess.py:86} INFO - Output:
[2025-07-25T14:14:56.047+0000] {subprocess.py:93} INFO - Loaded 10 rows into market_metrics table
[2025-07-25T14:14:56.049+0000] {subprocess.py:93} INFO - coin id: binancecoin
[2025-07-25T14:14:56.053+0000] {subprocess.py:93} INFO - Sleeping.....
[2025-07-25T14:14:56.054+0000] {subprocess.py:93} INFO - coin id: binancecoin
[2025-07-25T14:14:56.055+0000] {subprocess.py:93} INFO - Sleeping.....
[2025-07-25T14:14:56.056+0000] {subprocess.py:93} INFO - coin id: binancecoin
[2025-07-25T14:14:56.057+0000] {subprocess.py:93} INFO - Sleeping.....
[2025-07-25T14:14:56.058+0000] {subprocess.py:93} INFO - coin id: tron
[2025-07-25T14:14:56.061+0000] {subprocess.py:93} INFO - Sleeping.....
[2025-07-25T14:14:56.062+0000] {subprocess.py:93} INFO - coin id: tron
[2025-07-25T14:14:56.063+0000] {subprocess.py:93} INFO - Sleeping.....
[2025-07-25T14:14:56.064+0000] {subprocess.py:93} INFO - coin id: tron
[2025-07-25T14:14:56.065+0000] {subprocess.py:93} INFO - Sleeping.....
[2025-07-25T14:14:56.066+0000] {subprocess.py:93} INFO - Loaded 1207 rows into coin_historical table
[2025-07-25T14:14:56.261+0000] {subprocess.py:97} INFO - Command exited with return code 0
[2025-07-25T14:14:56.310+0000] {taskinstance.py:1138} INFO - Marking task as SUCCESS. dag_id=pl001_ingest_crypto_postgres, task_id=python_ingestion, execution_date=20250725T141226, start_date=20250725T141228, end_date=20250725T141456
[2025-07-25T14:14:56.349+0000] {local_task_job_runner.py:234} INFO - Task exited with return code 0
[2025-07-25T14:14:56.380+0000] {taskinstance.py:3280} INFO - 1 downstream tasks scheduled from follow-on schedule check
