[2025-07-25T19:08:43.899+0000] {taskinstance.py:1956} INFO - Dependencies all met for dep_context=non-requeueable deps ti=<TaskInstance: pl001_ingest_crypto_postgres.dbt_run manual__2025-07-25T19:08:41.057906+00:00 [queued]>
[2025-07-25T19:08:43.914+0000] {taskinstance.py:1956} INFO - Dependencies all met for dep_context=requeueable deps ti=<TaskInstance: pl001_ingest_crypto_postgres.dbt_run manual__2025-07-25T19:08:41.057906+00:00 [queued]>
[2025-07-25T19:08:43.915+0000] {taskinstance.py:2170} INFO - Starting attempt 1 of 1
[2025-07-25T19:08:43.940+0000] {taskinstance.py:2191} INFO - Executing <Task(BashOperator): dbt_run> on 2025-07-25 19:08:41.057906+00:00
[2025-07-25T19:08:43.967+0000] {standard_task_runner.py:60} INFO - Started process 348 to run task
[2025-07-25T19:08:43.990+0000] {standard_task_runner.py:87} INFO - Running: ['***', 'tasks', 'run', 'pl001_ingest_crypto_postgres', 'dbt_run', 'manual__2025-07-25T19:08:41.057906+00:00', '--job-id', '49', '--raw', '--subdir', 'DAGS_FOLDER/***_pipeline.py', '--cfg-path', '/tmp/tmp8zrg8sxg']
[2025-07-25T19:08:44.021+0000] {standard_task_runner.py:88} INFO - Job 49: Subtask dbt_run
[2025-07-25T19:08:44.150+0000] {logging_mixin.py:188} WARNING - /home/***/.local/lib/python3.10/site-packages/***/settings.py:194 DeprecationWarning: The sql_alchemy_conn option in [core] has been moved to the sql_alchemy_conn option in [database] - the old setting has been used, but please update your config.
[2025-07-25T19:08:44.385+0000] {task_command.py:423} INFO - Running <TaskInstance: pl001_ingest_crypto_postgres.dbt_run manual__2025-07-25T19:08:41.057906+00:00 [running]> on host e2684426014d
[2025-07-25T19:08:44.841+0000] {taskinstance.py:2480} INFO - Exporting env vars: AIRFLOW_CTX_DAG_OWNER='***' AIRFLOW_CTX_DAG_ID='pl001_ingest_crypto_postgres' AIRFLOW_CTX_TASK_ID='dbt_run' AIRFLOW_CTX_EXECUTION_DATE='2025-07-25T19:08:41.057906+00:00' AIRFLOW_CTX_TRY_NUMBER='1' AIRFLOW_CTX_DAG_RUN_ID='manual__2025-07-25T19:08:41.057906+00:00'
[2025-07-25T19:08:44.859+0000] {subprocess.py:63} INFO - Tmp dir root location: /tmp
[2025-07-25T19:08:44.889+0000] {subprocess.py:75} INFO - Running command: ['/usr/bin/bash', '-c', 'cd /opt/dbt/dbt_crypto_project && dbt run --profiles-dir /root/.dbt']
[2025-07-25T19:08:45.077+0000] {subprocess.py:86} INFO - Output:
[2025-07-25T19:08:45.228+0000] {subprocess.py:93} INFO - /usr/bin/bash: line 1: cd: /opt/dbt/dbt_crypto_project: No such file or directory
[2025-07-25T19:08:45.235+0000] {subprocess.py:97} INFO - Command exited with return code 1
[2025-07-25T19:08:45.472+0000] {taskinstance.py:2698} ERROR - Task failed with exception
Traceback (most recent call last):
  File "/home/airflow/.local/lib/python3.10/site-packages/airflow/models/taskinstance.py", line 433, in _execute_task
    result = execute_callable(context=context, **execute_callable_kwargs)
  File "/home/airflow/.local/lib/python3.10/site-packages/airflow/operators/bash.py", line 212, in execute
    raise AirflowException(
airflow.exceptions.AirflowException: Bash command failed. The command returned a non-zero exit code 1.
[2025-07-25T19:08:45.530+0000] {taskinstance.py:1138} INFO - Marking task as FAILED. dag_id=pl001_ingest_crypto_postgres, task_id=dbt_run, execution_date=20250725T190841, start_date=20250725T190843, end_date=20250725T190845
[2025-07-25T19:08:45.691+0000] {standard_task_runner.py:107} ERROR - Failed to execute job 49 for task dbt_run (Bash command failed. The command returned a non-zero exit code 1.; 348)
[2025-07-25T19:08:45.920+0000] {local_task_job_runner.py:234} INFO - Task exited with return code 1
[2025-07-25T19:08:46.087+0000] {taskinstance.py:3280} INFO - 0 downstream tasks scheduled from follow-on schedule check
