[2025-07-25T18:25:27.890+0000] {taskinstance.py:1956} INFO - Dependencies all met for dep_context=non-requeueable deps ti=<TaskInstance: pl001_ingest_crypto_postgres.dbt_curated_transformation manual__2025-07-25T18:25:26.287265+00:00 [queued]>
[2025-07-25T18:25:27.905+0000] {taskinstance.py:1956} INFO - Dependencies all met for dep_context=requeueable deps ti=<TaskInstance: pl001_ingest_crypto_postgres.dbt_curated_transformation manual__2025-07-25T18:25:26.287265+00:00 [queued]>
[2025-07-25T18:25:27.906+0000] {taskinstance.py:2170} INFO - Starting attempt 1 of 1
[2025-07-25T18:25:27.929+0000] {taskinstance.py:2191} INFO - Executing <Task(BashOperator): dbt_curated_transformation> on 2025-07-25 18:25:26.287265+00:00
[2025-07-25T18:25:27.935+0000] {standard_task_runner.py:60} INFO - Started process 232 to run task
[2025-07-25T18:25:27.947+0000] {standard_task_runner.py:87} INFO - Running: ['***', 'tasks', 'run', 'pl001_ingest_crypto_postgres', 'dbt_curated_transformation', 'manual__2025-07-25T18:25:26.287265+00:00', '--job-id', '42', '--raw', '--subdir', 'DAGS_FOLDER/***_pipeline.py', '--cfg-path', '/tmp/tmp2jwbzhxh']
[2025-07-25T18:25:27.953+0000] {standard_task_runner.py:88} INFO - Job 42: Subtask dbt_curated_transformation
[2025-07-25T18:25:27.992+0000] {logging_mixin.py:188} WARNING - /home/***/.local/lib/python3.10/site-packages/***/settings.py:194 DeprecationWarning: The sql_alchemy_conn option in [core] has been moved to the sql_alchemy_conn option in [database] - the old setting has been used, but please update your config.
[2025-07-25T18:25:28.061+0000] {task_command.py:423} INFO - Running <TaskInstance: pl001_ingest_crypto_postgres.dbt_curated_transformation manual__2025-07-25T18:25:26.287265+00:00 [running]> on host 64bb790f69ea
[2025-07-25T18:25:28.212+0000] {taskinstance.py:2480} INFO - Exporting env vars: AIRFLOW_CTX_DAG_OWNER='***' AIRFLOW_CTX_DAG_ID='pl001_ingest_crypto_postgres' AIRFLOW_CTX_TASK_ID='dbt_curated_transformation' AIRFLOW_CTX_EXECUTION_DATE='2025-07-25T18:25:26.287265+00:00' AIRFLOW_CTX_TRY_NUMBER='1' AIRFLOW_CTX_DAG_RUN_ID='manual__2025-07-25T18:25:26.287265+00:00'
[2025-07-25T18:25:28.214+0000] {subprocess.py:63} INFO - Tmp dir root location: /tmp
[2025-07-25T18:25:28.216+0000] {subprocess.py:75} INFO - Running command: ['/usr/bin/bash', '-c', 'cd /opt/dbt && dbt run']
[2025-07-25T18:25:28.228+0000] {subprocess.py:86} INFO - Output:
[2025-07-25T18:25:30.757+0000] {subprocess.py:93} INFO - [0m18:25:30  Encountered an error:
[2025-07-25T18:25:30.757+0000] {subprocess.py:93} INFO - [Errno 13] Permission denied: '/opt/dbt/logs/dbt.log'
[2025-07-25T18:25:30.760+0000] {subprocess.py:93} INFO - [0m18:25:30  Traceback (most recent call last):
[2025-07-25T18:25:30.761+0000] {subprocess.py:93} INFO -   File "/home/***/.local/lib/python3.10/site-packages/dbt/cli/requires.py", line 178, in wrapper
[2025-07-25T18:25:30.761+0000] {subprocess.py:93} INFO -     result, success = func(*args, **kwargs)
[2025-07-25T18:25:30.762+0000] {subprocess.py:93} INFO -   File "/home/***/.local/lib/python3.10/site-packages/dbt/cli/requires.py", line 101, in wrapper
[2025-07-25T18:25:30.763+0000] {subprocess.py:93} INFO -     setup_event_logger(flags=flags, callbacks=callbacks)
[2025-07-25T18:25:30.763+0000] {subprocess.py:93} INFO -   File "/home/***/.local/lib/python3.10/site-packages/dbt/events/logging.py", line 100, in setup_event_logger
[2025-07-25T18:25:30.764+0000] {subprocess.py:93} INFO -     add_logger_to_manager(
[2025-07-25T18:25:30.764+0000] {subprocess.py:93} INFO -   File "/home/***/.local/lib/python3.10/site-packages/dbt_common/events/event_manager_client.py", line 15, in add_logger_to_manager
[2025-07-25T18:25:30.765+0000] {subprocess.py:93} INFO -     _EVENT_MANAGER.add_logger(logger)
[2025-07-25T18:25:30.765+0000] {subprocess.py:93} INFO -   File "/home/***/.local/lib/python3.10/site-packages/dbt_common/events/event_manager.py", line 88, in add_logger
[2025-07-25T18:25:30.766+0000] {subprocess.py:93} INFO -     _JsonLogger(config) if config.line_format == LineFormat.Json else _TextLogger(config)
[2025-07-25T18:25:30.766+0000] {subprocess.py:93} INFO -   File "/home/***/.local/lib/python3.10/site-packages/dbt_common/events/logger.py", line 147, in __init__
[2025-07-25T18:25:30.767+0000] {subprocess.py:93} INFO -     super().__init__(config)
[2025-07-25T18:25:30.768+0000] {subprocess.py:93} INFO -   File "/home/***/.local/lib/python3.10/site-packages/dbt_common/events/logger.py", line 107, in __init__
[2025-07-25T18:25:30.768+0000] {subprocess.py:93} INFO -     file_handler = RotatingFileHandler(
[2025-07-25T18:25:30.768+0000] {subprocess.py:93} INFO -   File "/usr/local/lib/python3.10/logging/handlers.py", line 155, in __init__
[2025-07-25T18:25:30.769+0000] {subprocess.py:93} INFO -     BaseRotatingHandler.__init__(self, filename, mode, encoding=encoding,
[2025-07-25T18:25:30.769+0000] {subprocess.py:93} INFO -   File "/usr/local/lib/python3.10/logging/handlers.py", line 58, in __init__
[2025-07-25T18:25:30.770+0000] {subprocess.py:93} INFO -     logging.FileHandler.__init__(self, filename, mode=mode,
[2025-07-25T18:25:30.771+0000] {subprocess.py:93} INFO -   File "/usr/local/lib/python3.10/logging/__init__.py", line 1169, in __init__
[2025-07-25T18:25:30.771+0000] {subprocess.py:93} INFO -     StreamHandler.__init__(self, self._open())
[2025-07-25T18:25:30.772+0000] {subprocess.py:93} INFO -   File "/usr/local/lib/python3.10/logging/__init__.py", line 1201, in _open
[2025-07-25T18:25:30.773+0000] {subprocess.py:93} INFO -     return open_func(self.baseFilename, self.mode,
[2025-07-25T18:25:30.773+0000] {subprocess.py:93} INFO - PermissionError: [Errno 13] Permission denied: '/opt/dbt/logs/dbt.log'
[2025-07-25T18:25:30.774+0000] {subprocess.py:93} INFO - 
[2025-07-25T18:25:31.089+0000] {subprocess.py:97} INFO - Command exited with return code 2
[2025-07-25T18:25:31.114+0000] {taskinstance.py:2698} ERROR - Task failed with exception
Traceback (most recent call last):
  File "/home/airflow/.local/lib/python3.10/site-packages/airflow/models/taskinstance.py", line 433, in _execute_task
    result = execute_callable(context=context, **execute_callable_kwargs)
  File "/home/airflow/.local/lib/python3.10/site-packages/airflow/operators/bash.py", line 212, in execute
    raise AirflowException(
airflow.exceptions.AirflowException: Bash command failed. The command returned a non-zero exit code 2.
[2025-07-25T18:25:31.118+0000] {taskinstance.py:1138} INFO - Marking task as FAILED. dag_id=pl001_ingest_crypto_postgres, task_id=dbt_curated_transformation, execution_date=20250725T182526, start_date=20250725T182527, end_date=20250725T182531
[2025-07-25T18:25:31.139+0000] {standard_task_runner.py:107} ERROR - Failed to execute job 42 for task dbt_curated_transformation (Bash command failed. The command returned a non-zero exit code 2.; 232)
[2025-07-25T18:25:31.181+0000] {local_task_job_runner.py:234} INFO - Task exited with return code 1
[2025-07-25T18:25:31.208+0000] {taskinstance.py:3280} INFO - 0 downstream tasks scheduled from follow-on schedule check
