[2025-07-26T18:00:58.865+0000] {taskinstance.py:1956} INFO - Dependencies all met for dep_context=non-requeueable deps ti=<TaskInstance: pl001_ingest_crypto_postgres.dbt_curated_transformation manual__2025-07-26T18:00:56.627236+00:00 [queued]>
[2025-07-26T18:00:58.880+0000] {taskinstance.py:1956} INFO - Dependencies all met for dep_context=requeueable deps ti=<TaskInstance: pl001_ingest_crypto_postgres.dbt_curated_transformation manual__2025-07-26T18:00:56.627236+00:00 [queued]>
[2025-07-26T18:00:58.881+0000] {taskinstance.py:2170} INFO - Starting attempt 1 of 1
[2025-07-26T18:00:58.901+0000] {taskinstance.py:2191} INFO - Executing <Task(BashOperator): dbt_curated_transformation> on 2025-07-26 18:00:56.627236+00:00
[2025-07-26T18:00:58.911+0000] {standard_task_runner.py:60} INFO - Started process 1155 to run task
[2025-07-26T18:00:58.915+0000] {standard_task_runner.py:87} INFO - Running: ['***', 'tasks', 'run', 'pl001_ingest_crypto_postgres', 'dbt_curated_transformation', 'manual__2025-07-26T18:00:56.627236+00:00', '--job-id', '79', '--raw', '--subdir', 'DAGS_FOLDER/***_pipeline.py', '--cfg-path', '/tmp/tmpe4v3odlu']
[2025-07-26T18:00:58.919+0000] {standard_task_runner.py:88} INFO - Job 79: Subtask dbt_curated_transformation
[2025-07-26T18:00:58.958+0000] {logging_mixin.py:188} WARNING - /home/***/.local/lib/python3.10/site-packages/***/settings.py:194 DeprecationWarning: The sql_alchemy_conn option in [core] has been moved to the sql_alchemy_conn option in [database] - the old setting has been used, but please update your config.
[2025-07-26T18:00:59.066+0000] {task_command.py:423} INFO - Running <TaskInstance: pl001_ingest_crypto_postgres.dbt_curated_transformation manual__2025-07-26T18:00:56.627236+00:00 [running]> on host dfd1c4a1c4e4
[2025-07-26T18:00:59.461+0000] {taskinstance.py:2480} INFO - Exporting env vars: AIRFLOW_CTX_DAG_OWNER='***' AIRFLOW_CTX_DAG_ID='pl001_ingest_crypto_postgres' AIRFLOW_CTX_TASK_ID='dbt_curated_transformation' AIRFLOW_CTX_EXECUTION_DATE='2025-07-26T18:00:56.627236+00:00' AIRFLOW_CTX_TRY_NUMBER='1' AIRFLOW_CTX_DAG_RUN_ID='manual__2025-07-26T18:00:56.627236+00:00'
[2025-07-26T18:00:59.866+0000] {subprocess.py:63} INFO - Tmp dir root location: /tmp
[2025-07-26T18:00:59.914+0000] {subprocess.py:75} INFO - Running command: ['/usr/bin/bash', '-c', '\n        export DBT_LOG_PATH=/tmp/dbt &&         mkdir -p /tmp/dbt &&         cd /opt/***/dbt &&         dbt run \n        ']
[2025-07-26T18:01:00.101+0000] {subprocess.py:86} INFO - Output:
[2025-07-26T18:01:09.206+0000] {subprocess.py:93} INFO - [0m18:01:09  Running with dbt=1.7.14
[2025-07-26T18:01:09.743+0000] {subprocess.py:93} INFO - [0m18:01:09  Registered adapter: postgres=1.7.14
[2025-07-26T18:01:10.746+0000] {subprocess.py:93} INFO - [0m18:01:10  Found 5 models, 5 tests, 2 sources, 0 exposures, 0 metrics, 401 macros, 0 groups, 0 semantic models
[2025-07-26T18:01:10.749+0000] {subprocess.py:93} INFO - [0m18:01:10
[2025-07-26T18:01:12.024+0000] {subprocess.py:93} INFO - [0m18:01:12  Concurrency: 4 threads (target='dev')
[2025-07-26T18:01:12.045+0000] {subprocess.py:93} INFO - [0m18:01:12
[2025-07-26T18:01:12.516+0000] {subprocess.py:93} INFO - [0m18:01:12  2 of 5 START sql table model core_curated.market_data .......................... [RUN]
[2025-07-26T18:01:12.531+0000] {subprocess.py:93} INFO - [0m18:01:12  1 of 5 START sql table model core_curated.historical_data ...................... [RUN]
[2025-07-26T18:01:14.430+0000] {subprocess.py:93} INFO - [0m18:01:14  2 of 5 OK created sql table model core_curated.market_data ..................... [[32mSELECT 10[0m in 1.89s]
[2025-07-26T18:01:14.432+0000] {subprocess.py:93} INFO - [0m18:01:14  1 of 5 OK created sql table model core_curated.historical_data ................. [[32mSELECT 1209[0m in 1.86s]
[2025-07-26T18:01:14.442+0000] {subprocess.py:93} INFO - [0m18:01:14  3 of 5 START sql table model core_pro.dim_coin ................................. [RUN]
[2025-07-26T18:01:14.445+0000] {subprocess.py:93} INFO - [0m18:01:14  4 of 5 START sql table model core_processed.dim_date ........................... [RUN]
[2025-07-26T18:01:14.654+0000] {subprocess.py:93} INFO - [0m18:01:14  4 of 5 OK created sql table model core_processed.dim_date ...................... [[32mSELECT 6[0m in 0.20s]
[2025-07-26T18:01:14.671+0000] {subprocess.py:93} INFO - [0m18:01:14  3 of 5 OK created sql table model core_pro.dim_coin ............................ [[32mSELECT 10[0m in 0.22s]
[2025-07-26T18:01:14.679+0000] {subprocess.py:93} INFO - [0m18:01:14  5 of 5 START sql incremental model core_pro.fact_coins ......................... [RUN]
[2025-07-26T18:01:14.843+0000] {subprocess.py:93} INFO - [0m18:01:14  5 of 5 OK created sql incremental model core_pro.fact_coins .................... [[32mSELECT 1209[0m in 0.16s]
[2025-07-26T18:01:14.868+0000] {subprocess.py:93} INFO - [0m18:01:14
[2025-07-26T18:01:14.872+0000] {subprocess.py:93} INFO - [0m18:01:14  Finished running 4 table models, 1 incremental model in 0 hours 0 minutes and 4.12 seconds (4.12s).
[2025-07-26T18:01:14.907+0000] {subprocess.py:93} INFO - [0m18:01:14
[2025-07-26T18:01:14.908+0000] {subprocess.py:93} INFO - [0m18:01:14  [32mCompleted successfully[0m
[2025-07-26T18:01:14.909+0000] {subprocess.py:93} INFO - [0m18:01:14
[2025-07-26T18:01:14.910+0000] {subprocess.py:93} INFO - [0m18:01:14  Done. PASS=5 WARN=0 ERROR=0 SKIP=0 TOTAL=5
[2025-07-26T18:01:16.658+0000] {subprocess.py:97} INFO - Command exited with return code 0
[2025-07-26T18:01:16.756+0000] {taskinstance.py:1138} INFO - Marking task as SUCCESS. dag_id=pl001_ingest_crypto_postgres, task_id=dbt_curated_transformation, execution_date=20250726T180056, start_date=20250726T180058, end_date=20250726T180116
[2025-07-26T18:01:16.831+0000] {local_task_job_runner.py:234} INFO - Task exited with return code 0
[2025-07-26T18:01:16.949+0000] {taskinstance.py:3280} INFO - 0 downstream tasks scheduled from follow-on schedule check
