[2025-07-26T17:52:56.429+0000] {taskinstance.py:1956} INFO - Dependencies all met for dep_context=non-requeueable deps ti=<TaskInstance: pl001_ingest_crypto_postgres.dbt_curated_transformation manual__2025-07-26T17:52:54.464515+00:00 [queued]>
[2025-07-26T17:52:56.449+0000] {taskinstance.py:1956} INFO - Dependencies all met for dep_context=requeueable deps ti=<TaskInstance: pl001_ingest_crypto_postgres.dbt_curated_transformation manual__2025-07-26T17:52:54.464515+00:00 [queued]>
[2025-07-26T17:52:56.451+0000] {taskinstance.py:2170} INFO - Starting attempt 1 of 1
[2025-07-26T17:52:56.478+0000] {taskinstance.py:2191} INFO - Executing <Task(BashOperator): dbt_curated_transformation> on 2025-07-26 17:52:54.464515+00:00
[2025-07-26T17:52:56.489+0000] {standard_task_runner.py:60} INFO - Started process 999 to run task
[2025-07-26T17:52:56.493+0000] {standard_task_runner.py:87} INFO - Running: ['***', 'tasks', 'run', 'pl001_ingest_crypto_postgres', 'dbt_curated_transformation', 'manual__2025-07-26T17:52:54.464515+00:00', '--job-id', '74', '--raw', '--subdir', 'DAGS_FOLDER/***_pipeline.py', '--cfg-path', '/tmp/tmpjx82rvrt']
[2025-07-26T17:52:56.499+0000] {standard_task_runner.py:88} INFO - Job 74: Subtask dbt_curated_transformation
[2025-07-26T17:52:56.543+0000] {logging_mixin.py:188} WARNING - /home/***/.local/lib/python3.10/site-packages/***/settings.py:194 DeprecationWarning: The sql_alchemy_conn option in [core] has been moved to the sql_alchemy_conn option in [database] - the old setting has been used, but please update your config.
[2025-07-26T17:52:56.608+0000] {task_command.py:423} INFO - Running <TaskInstance: pl001_ingest_crypto_postgres.dbt_curated_transformation manual__2025-07-26T17:52:54.464515+00:00 [running]> on host dfd1c4a1c4e4
[2025-07-26T17:52:56.772+0000] {taskinstance.py:2480} INFO - Exporting env vars: AIRFLOW_CTX_DAG_OWNER='***' AIRFLOW_CTX_DAG_ID='pl001_ingest_crypto_postgres' AIRFLOW_CTX_TASK_ID='dbt_curated_transformation' AIRFLOW_CTX_EXECUTION_DATE='2025-07-26T17:52:54.464515+00:00' AIRFLOW_CTX_TRY_NUMBER='1' AIRFLOW_CTX_DAG_RUN_ID='manual__2025-07-26T17:52:54.464515+00:00'
[2025-07-26T17:52:56.775+0000] {subprocess.py:63} INFO - Tmp dir root location: /tmp
[2025-07-26T17:52:56.778+0000] {subprocess.py:75} INFO - Running command: ['/usr/bin/bash', '-c', '\n        export DBT_LOG_PATH=/tmp/dbt &&         mkdir -p /tmp/dbt &&         cd /opt/***/dbt &&         dbt run \n        ']
[2025-07-26T17:52:56.794+0000] {subprocess.py:86} INFO - Output:
[2025-07-26T17:53:00.505+0000] {subprocess.py:93} INFO - [0m17:53:00  Running with dbt=1.7.14
[2025-07-26T17:53:00.909+0000] {subprocess.py:93} INFO - [0m17:53:00  Registered adapter: postgres=1.7.14
[2025-07-26T17:53:00.957+0000] {subprocess.py:93} INFO - [0m17:53:00  Unable to do partial parsing because a project config has changed
[2025-07-26T17:53:02.861+0000] {subprocess.py:93} INFO - [0m17:53:02  Encountered an error:
[2025-07-26T17:53:02.862+0000] {subprocess.py:93} INFO - Compilation Error in model fact_coins (models/processed/fact_coins.sql)
[2025-07-26T17:53:02.868+0000] {subprocess.py:93} INFO -   Encountered unknown tag 'end'. Jinja was looking for the following tags: 'elif' or 'else' or 'endif'. The innermost block that needs to be closed is 'if'.
[2025-07-26T17:53:02.869+0000] {subprocess.py:93} INFO -     line 18
[2025-07-26T17:53:02.869+0000] {subprocess.py:93} INFO -       {% end if %}
[2025-07-26T17:53:05.708+0000] {subprocess.py:97} INFO - Command exited with return code 2
[2025-07-26T17:53:05.734+0000] {taskinstance.py:2698} ERROR - Task failed with exception
Traceback (most recent call last):
  File "/home/airflow/.local/lib/python3.10/site-packages/airflow/models/taskinstance.py", line 433, in _execute_task
    result = execute_callable(context=context, **execute_callable_kwargs)
  File "/home/airflow/.local/lib/python3.10/site-packages/airflow/operators/bash.py", line 212, in execute
    raise AirflowException(
airflow.exceptions.AirflowException: Bash command failed. The command returned a non-zero exit code 2.
[2025-07-26T17:53:05.740+0000] {taskinstance.py:1138} INFO - Marking task as FAILED. dag_id=pl001_ingest_crypto_postgres, task_id=dbt_curated_transformation, execution_date=20250726T175254, start_date=20250726T175256, end_date=20250726T175305
[2025-07-26T17:53:05.775+0000] {standard_task_runner.py:107} ERROR - Failed to execute job 74 for task dbt_curated_transformation (Bash command failed. The command returned a non-zero exit code 2.; 999)
[2025-07-26T17:53:05.819+0000] {local_task_job_runner.py:234} INFO - Task exited with return code 1
[2025-07-26T17:53:05.850+0000] {taskinstance.py:3280} INFO - 0 downstream tasks scheduled from follow-on schedule check
