[2025-07-26T06:25:32.067+0000] {taskinstance.py:1956} INFO - Dependencies all met for dep_context=non-requeueable deps ti=<TaskInstance: pl001_ingest_crypto_postgres.python_ingestion manual__2025-07-26T06:25:30.066985+00:00 [queued]>
[2025-07-26T06:25:32.119+0000] {taskinstance.py:1956} INFO - Dependencies all met for dep_context=requeueable deps ti=<TaskInstance: pl001_ingest_crypto_postgres.python_ingestion manual__2025-07-26T06:25:30.066985+00:00 [queued]>
[2025-07-26T06:25:32.133+0000] {taskinstance.py:2170} INFO - Starting attempt 1 of 1
[2025-07-26T06:25:32.225+0000] {taskinstance.py:2191} INFO - Executing <Task(BashOperator): python_ingestion> on 2025-07-26 06:25:30.066985+00:00
[2025-07-26T06:25:32.250+0000] {standard_task_runner.py:60} INFO - Started process 620 to run task
[2025-07-26T06:25:32.263+0000] {standard_task_runner.py:87} INFO - Running: ['***', 'tasks', 'run', 'pl001_ingest_crypto_postgres', 'python_ingestion', 'manual__2025-07-26T06:25:30.066985+00:00', '--job-id', '65', '--raw', '--subdir', 'DAGS_FOLDER/***_pipeline.py', '--cfg-path', '/tmp/tmpwk9xgjim']
[2025-07-26T06:25:32.277+0000] {standard_task_runner.py:88} INFO - Job 65: Subtask python_ingestion
[2025-07-26T06:25:32.333+0000] {logging_mixin.py:188} WARNING - /home/***/.local/lib/python3.10/site-packages/***/settings.py:194 DeprecationWarning: The sql_alchemy_conn option in [core] has been moved to the sql_alchemy_conn option in [database] - the old setting has been used, but please update your config.
[2025-07-26T06:25:32.439+0000] {task_command.py:423} INFO - Running <TaskInstance: pl001_ingest_crypto_postgres.python_ingestion manual__2025-07-26T06:25:30.066985+00:00 [running]> on host ebcd77d52c19
[2025-07-26T06:25:32.606+0000] {taskinstance.py:2480} INFO - Exporting env vars: AIRFLOW_CTX_DAG_OWNER='***' AIRFLOW_CTX_DAG_ID='pl001_ingest_crypto_postgres' AIRFLOW_CTX_TASK_ID='python_ingestion' AIRFLOW_CTX_EXECUTION_DATE='2025-07-26T06:25:30.066985+00:00' AIRFLOW_CTX_TRY_NUMBER='1' AIRFLOW_CTX_DAG_RUN_ID='manual__2025-07-26T06:25:30.066985+00:00'
[2025-07-26T06:25:32.608+0000] {subprocess.py:63} INFO - Tmp dir root location: /tmp
[2025-07-26T06:25:32.610+0000] {subprocess.py:75} INFO - Running command: ['/usr/bin/bash', '-c', 'python /opt/scripts/ingest_crypto_data.py']
[2025-07-26T06:25:32.624+0000] {subprocess.py:86} INFO - Output:
[2025-07-26T06:25:32.666+0000] {subprocess.py:93} INFO - python: can't open file '/opt/scripts/ingest_crypto_data.py': [Errno 2] No such file or directory
[2025-07-26T06:25:32.672+0000] {subprocess.py:97} INFO - Command exited with return code 2
[2025-07-26T06:25:32.695+0000] {taskinstance.py:2698} ERROR - Task failed with exception
Traceback (most recent call last):
  File "/home/airflow/.local/lib/python3.10/site-packages/airflow/models/taskinstance.py", line 433, in _execute_task
    result = execute_callable(context=context, **execute_callable_kwargs)
  File "/home/airflow/.local/lib/python3.10/site-packages/airflow/operators/bash.py", line 212, in execute
    raise AirflowException(
airflow.exceptions.AirflowException: Bash command failed. The command returned a non-zero exit code 2.
[2025-07-26T06:25:32.699+0000] {taskinstance.py:1138} INFO - Marking task as FAILED. dag_id=pl001_ingest_crypto_postgres, task_id=python_ingestion, execution_date=20250726T062530, start_date=20250726T062532, end_date=20250726T062532
[2025-07-26T06:25:32.718+0000] {standard_task_runner.py:107} ERROR - Failed to execute job 65 for task python_ingestion (Bash command failed. The command returned a non-zero exit code 2.; 620)
[2025-07-26T06:25:32.762+0000] {local_task_job_runner.py:234} INFO - Task exited with return code 1
[2025-07-26T06:25:32.799+0000] {taskinstance.py:3280} INFO - 0 downstream tasks scheduled from follow-on schedule check
