[2025-07-25T19:16:08.521+0000] {taskinstance.py:1956} INFO - Dependencies all met for dep_context=non-requeueable deps ti=<TaskInstance: pl001_ingest_crypto_postgres.dbt_run manual__2025-07-25T19:16:06.599805+00:00 [queued]>
[2025-07-25T19:16:08.538+0000] {taskinstance.py:1956} INFO - Dependencies all met for dep_context=requeueable deps ti=<TaskInstance: pl001_ingest_crypto_postgres.dbt_run manual__2025-07-25T19:16:06.599805+00:00 [queued]>
[2025-07-25T19:16:08.538+0000] {taskinstance.py:2170} INFO - Starting attempt 1 of 1
[2025-07-25T19:16:08.562+0000] {taskinstance.py:2191} INFO - Executing <Task(BashOperator): dbt_run> on 2025-07-25 19:16:06.599805+00:00
[2025-07-25T19:16:08.572+0000] {standard_task_runner.py:60} INFO - Started process 430 to run task
[2025-07-25T19:16:08.578+0000] {standard_task_runner.py:87} INFO - Running: ['***', 'tasks', 'run', 'pl001_ingest_crypto_postgres', 'dbt_run', 'manual__2025-07-25T19:16:06.599805+00:00', '--job-id', '51', '--raw', '--subdir', 'DAGS_FOLDER/***_pipeline.py', '--cfg-path', '/tmp/tmps54y6urf']
[2025-07-25T19:16:08.582+0000] {standard_task_runner.py:88} INFO - Job 51: Subtask dbt_run
[2025-07-25T19:16:08.615+0000] {logging_mixin.py:188} WARNING - /home/***/.local/lib/python3.10/site-packages/***/settings.py:194 DeprecationWarning: The sql_alchemy_conn option in [core] has been moved to the sql_alchemy_conn option in [database] - the old setting has been used, but please update your config.
[2025-07-25T19:16:08.722+0000] {task_command.py:423} INFO - Running <TaskInstance: pl001_ingest_crypto_postgres.dbt_run manual__2025-07-25T19:16:06.599805+00:00 [running]> on host e2684426014d
[2025-07-25T19:16:08.887+0000] {taskinstance.py:2480} INFO - Exporting env vars: AIRFLOW_CTX_DAG_OWNER='***' AIRFLOW_CTX_DAG_ID='pl001_ingest_crypto_postgres' AIRFLOW_CTX_TASK_ID='dbt_run' AIRFLOW_CTX_EXECUTION_DATE='2025-07-25T19:16:06.599805+00:00' AIRFLOW_CTX_TRY_NUMBER='1' AIRFLOW_CTX_DAG_RUN_ID='manual__2025-07-25T19:16:06.599805+00:00'
[2025-07-25T19:16:08.889+0000] {subprocess.py:63} INFO - Tmp dir root location: /tmp
[2025-07-25T19:16:08.890+0000] {subprocess.py:75} INFO - Running command: ['/usr/bin/bash', '-c', 'cd /opt/dbt && dbt run --profiles-dir /root/.dbt']
[2025-07-25T19:16:08.904+0000] {subprocess.py:86} INFO - Output:
[2025-07-25T19:16:18.228+0000] {subprocess.py:93} INFO - [0m19:16:18  Running with dbt=1.10.5
[2025-07-25T19:16:18.244+0000] {subprocess.py:93} INFO - [0m19:16:18  Encountered an error:
[2025-07-25T19:16:18.246+0000] {subprocess.py:93} INFO - Runtime Error
[2025-07-25T19:16:18.247+0000] {subprocess.py:93} INFO -   Could not find profile named 'dbt_crypto_project'
[2025-07-25T19:16:20.918+0000] {subprocess.py:97} INFO - Command exited with return code 2
[2025-07-25T19:16:20.953+0000] {taskinstance.py:2698} ERROR - Task failed with exception
Traceback (most recent call last):
  File "/home/airflow/.local/lib/python3.10/site-packages/airflow/models/taskinstance.py", line 433, in _execute_task
    result = execute_callable(context=context, **execute_callable_kwargs)
  File "/home/airflow/.local/lib/python3.10/site-packages/airflow/operators/bash.py", line 212, in execute
    raise AirflowException(
airflow.exceptions.AirflowException: Bash command failed. The command returned a non-zero exit code 2.
[2025-07-25T19:16:20.960+0000] {taskinstance.py:1138} INFO - Marking task as FAILED. dag_id=pl001_ingest_crypto_postgres, task_id=dbt_run, execution_date=20250725T191606, start_date=20250725T191608, end_date=20250725T191620
[2025-07-25T19:16:21.011+0000] {standard_task_runner.py:107} ERROR - Failed to execute job 51 for task dbt_run (Bash command failed. The command returned a non-zero exit code 2.; 430)
[2025-07-25T19:16:21.038+0000] {local_task_job_runner.py:234} INFO - Task exited with return code 1
[2025-07-25T19:16:21.074+0000] {taskinstance.py:3280} INFO - 0 downstream tasks scheduled from follow-on schedule check
