[2025-07-26T06:41:18.451+0000] {taskinstance.py:1956} INFO - Dependencies all met for dep_context=non-requeueable deps ti=<TaskInstance: pl001_ingest_crypto_postgres.python_ingestion manual__2025-07-26T06:41:16.324915+00:00 [queued]>
[2025-07-26T06:41:18.491+0000] {taskinstance.py:1956} INFO - Dependencies all met for dep_context=requeueable deps ti=<TaskInstance: pl001_ingest_crypto_postgres.python_ingestion manual__2025-07-26T06:41:16.324915+00:00 [queued]>
[2025-07-26T06:41:18.503+0000] {taskinstance.py:2170} INFO - Starting attempt 1 of 1
[2025-07-26T06:41:18.618+0000] {taskinstance.py:2191} INFO - Executing <Task(BashOperator): python_ingestion> on 2025-07-26 06:41:16.324915+00:00
[2025-07-26T06:41:18.711+0000] {standard_task_runner.py:60} INFO - Started process 175 to run task
[2025-07-26T06:41:18.753+0000] {standard_task_runner.py:87} INFO - Running: ['***', 'tasks', 'run', 'pl001_ingest_crypto_postgres', 'python_ingestion', 'manual__2025-07-26T06:41:16.324915+00:00', '--job-id', '68', '--raw', '--subdir', 'DAGS_FOLDER/***_pipeline.py', '--cfg-path', '/tmp/tmph6s9bkxu']
[2025-07-26T06:41:18.801+0000] {standard_task_runner.py:88} INFO - Job 68: Subtask python_ingestion
[2025-07-26T06:41:19.070+0000] {logging_mixin.py:188} WARNING - /home/***/.local/lib/python3.10/site-packages/***/settings.py:194 DeprecationWarning: The sql_alchemy_conn option in [core] has been moved to the sql_alchemy_conn option in [database] - the old setting has been used, but please update your config.
[2025-07-26T06:41:20.507+0000] {task_command.py:423} INFO - Running <TaskInstance: pl001_ingest_crypto_postgres.python_ingestion manual__2025-07-26T06:41:16.324915+00:00 [running]> on host 74550b21a8fe
[2025-07-26T06:41:22.243+0000] {taskinstance.py:2480} INFO - Exporting env vars: AIRFLOW_CTX_DAG_OWNER='***' AIRFLOW_CTX_DAG_ID='pl001_ingest_crypto_postgres' AIRFLOW_CTX_TASK_ID='python_ingestion' AIRFLOW_CTX_EXECUTION_DATE='2025-07-26T06:41:16.324915+00:00' AIRFLOW_CTX_TRY_NUMBER='1' AIRFLOW_CTX_DAG_RUN_ID='manual__2025-07-26T06:41:16.324915+00:00'
[2025-07-26T06:41:22.254+0000] {subprocess.py:63} INFO - Tmp dir root location: /tmp
[2025-07-26T06:41:22.261+0000] {subprocess.py:75} INFO - Running command: ['/usr/bin/bash', '-c', 'python /opt/scripts/ingest_crypto_data.py']
[2025-07-26T06:41:22.300+0000] {subprocess.py:86} INFO - Output:
[2025-07-26T06:43:40.426+0000] {subprocess.py:93} INFO - Loaded 10 rows into market_metrics table
[2025-07-26T06:43:40.427+0000] {subprocess.py:93} INFO - coin id: binancecoin
[2025-07-26T06:43:40.428+0000] {subprocess.py:93} INFO - Sleeping.....
[2025-07-26T06:43:40.429+0000] {subprocess.py:93} INFO - coin id: binancecoin
[2025-07-26T06:43:40.429+0000] {subprocess.py:93} INFO - Sleeping.....
[2025-07-26T06:43:40.430+0000] {subprocess.py:93} INFO - coin id: binancecoin
[2025-07-26T06:43:40.430+0000] {subprocess.py:93} INFO - Sleeping.....
[2025-07-26T06:43:40.431+0000] {subprocess.py:93} INFO - coin id: staked-ether
[2025-07-26T06:43:40.432+0000] {subprocess.py:93} INFO - Sleeping.....
[2025-07-26T06:43:40.432+0000] {subprocess.py:93} INFO - coin id: staked-ether
[2025-07-26T06:43:40.433+0000] {subprocess.py:93} INFO - Sleeping.....
[2025-07-26T06:43:40.433+0000] {subprocess.py:93} INFO - coin id: staked-ether
[2025-07-26T06:43:40.434+0000] {subprocess.py:93} INFO - Sleeping.....
[2025-07-26T06:43:40.435+0000] {subprocess.py:93} INFO - Loaded 1208 rows into coin_historical table
[2025-07-26T06:43:40.592+0000] {subprocess.py:97} INFO - Command exited with return code 0
[2025-07-26T06:43:40.656+0000] {taskinstance.py:1138} INFO - Marking task as SUCCESS. dag_id=pl001_ingest_crypto_postgres, task_id=python_ingestion, execution_date=20250726T064116, start_date=20250726T064118, end_date=20250726T064340
[2025-07-26T06:43:40.709+0000] {local_task_job_runner.py:234} INFO - Task exited with return code 0
[2025-07-26T06:43:40.741+0000] {taskinstance.py:3280} INFO - 1 downstream tasks scheduled from follow-on schedule check
