[2025-07-25T19:25:07.265+0000] {taskinstance.py:1956} INFO - Dependencies all met for dep_context=non-requeueable deps ti=<TaskInstance: pl001_ingest_crypto_postgres.dbt_run manual__2025-07-25T19:25:02.160107+00:00 [queued]>
[2025-07-25T19:25:07.437+0000] {taskinstance.py:1956} INFO - Dependencies all met for dep_context=requeueable deps ti=<TaskInstance: pl001_ingest_crypto_postgres.dbt_run manual__2025-07-25T19:25:02.160107+00:00 [queued]>
[2025-07-25T19:25:07.469+0000] {taskinstance.py:2170} INFO - Starting attempt 1 of 1
[2025-07-25T19:25:07.647+0000] {taskinstance.py:2191} INFO - Executing <Task(BashOperator): dbt_run> on 2025-07-25 19:25:02.160107+00:00
[2025-07-25T19:25:07.704+0000] {standard_task_runner.py:60} INFO - Started process 180 to run task
[2025-07-25T19:25:07.742+0000] {standard_task_runner.py:87} INFO - Running: ['***', 'tasks', 'run', 'pl001_ingest_crypto_postgres', 'dbt_run', 'manual__2025-07-25T19:25:02.160107+00:00', '--job-id', '53', '--raw', '--subdir', 'DAGS_FOLDER/***_pipeline.py', '--cfg-path', '/tmp/tmpmd6cbs14']
[2025-07-25T19:25:07.753+0000] {standard_task_runner.py:88} INFO - Job 53: Subtask dbt_run
[2025-07-25T19:25:07.875+0000] {logging_mixin.py:188} WARNING - /home/***/.local/lib/python3.10/site-packages/***/settings.py:194 DeprecationWarning: The sql_alchemy_conn option in [core] has been moved to the sql_alchemy_conn option in [database] - the old setting has been used, but please update your config.
[2025-07-25T19:25:08.258+0000] {task_command.py:423} INFO - Running <TaskInstance: pl001_ingest_crypto_postgres.dbt_run manual__2025-07-25T19:25:02.160107+00:00 [running]> on host 2db9737fc3e6
[2025-07-25T19:25:11.022+0000] {taskinstance.py:2480} INFO - Exporting env vars: AIRFLOW_CTX_DAG_OWNER='***' AIRFLOW_CTX_DAG_ID='pl001_ingest_crypto_postgres' AIRFLOW_CTX_TASK_ID='dbt_run' AIRFLOW_CTX_EXECUTION_DATE='2025-07-25T19:25:02.160107+00:00' AIRFLOW_CTX_TRY_NUMBER='1' AIRFLOW_CTX_DAG_RUN_ID='manual__2025-07-25T19:25:02.160107+00:00'
[2025-07-25T19:25:11.101+0000] {subprocess.py:63} INFO - Tmp dir root location: /tmp
[2025-07-25T19:25:11.162+0000] {subprocess.py:75} INFO - Running command: ['/usr/bin/bash', '-c', 'cd /opt/dbt && dbt run --profiles-dir /root/.dbt']
[2025-07-25T19:25:11.316+0000] {subprocess.py:86} INFO - Output:
[2025-07-25T19:25:20.564+0000] {subprocess.py:93} INFO - [0m19:25:20  Running with dbt=1.10.5
[2025-07-25T19:25:20.693+0000] {subprocess.py:93} INFO - [0m19:25:20  Encountered an error:
[2025-07-25T19:25:20.696+0000] {subprocess.py:93} INFO - Runtime Error
[2025-07-25T19:25:20.706+0000] {subprocess.py:93} INFO -   Could not find profile named 'dbt_crypto_project'
[2025-07-25T19:25:23.504+0000] {subprocess.py:97} INFO - Command exited with return code 2
[2025-07-25T19:25:23.531+0000] {taskinstance.py:2698} ERROR - Task failed with exception
Traceback (most recent call last):
  File "/home/airflow/.local/lib/python3.10/site-packages/airflow/models/taskinstance.py", line 433, in _execute_task
    result = execute_callable(context=context, **execute_callable_kwargs)
  File "/home/airflow/.local/lib/python3.10/site-packages/airflow/operators/bash.py", line 212, in execute
    raise AirflowException(
airflow.exceptions.AirflowException: Bash command failed. The command returned a non-zero exit code 2.
[2025-07-25T19:25:23.536+0000] {taskinstance.py:1138} INFO - Marking task as FAILED. dag_id=pl001_ingest_crypto_postgres, task_id=dbt_run, execution_date=20250725T192502, start_date=20250725T192507, end_date=20250725T192523
[2025-07-25T19:25:23.558+0000] {standard_task_runner.py:107} ERROR - Failed to execute job 53 for task dbt_run (Bash command failed. The command returned a non-zero exit code 2.; 180)
[2025-07-25T19:25:23.581+0000] {local_task_job_runner.py:234} INFO - Task exited with return code 1
[2025-07-25T19:25:23.624+0000] {taskinstance.py:3280} INFO - 0 downstream tasks scheduled from follow-on schedule check
