[2025-07-26T05:53:57.186+0000] {taskinstance.py:1956} INFO - Dependencies all met for dep_context=non-requeueable deps ti=<TaskInstance: pl001_ingest_crypto_postgres.dbt_curated_transformation manual__2025-07-26T05:53:55.318389+00:00 [queued]>
[2025-07-26T05:53:57.199+0000] {taskinstance.py:1956} INFO - Dependencies all met for dep_context=requeueable deps ti=<TaskInstance: pl001_ingest_crypto_postgres.dbt_curated_transformation manual__2025-07-26T05:53:55.318389+00:00 [queued]>
[2025-07-26T05:53:57.200+0000] {taskinstance.py:2170} INFO - Starting attempt 1 of 1
[2025-07-26T05:53:57.219+0000] {taskinstance.py:2191} INFO - Executing <Task(BashOperator): dbt_curated_transformation> on 2025-07-26 05:53:55.318389+00:00
[2025-07-26T05:53:57.231+0000] {standard_task_runner.py:60} INFO - Started process 231 to run task
[2025-07-26T05:53:57.237+0000] {standard_task_runner.py:87} INFO - Running: ['***', 'tasks', 'run', 'pl001_ingest_crypto_postgres', 'dbt_curated_transformation', 'manual__2025-07-26T05:53:55.318389+00:00', '--job-id', '60', '--raw', '--subdir', 'DAGS_FOLDER/***_pipeline.py', '--cfg-path', '/tmp/tmpxo4c_dm9']
[2025-07-26T05:53:57.241+0000] {standard_task_runner.py:88} INFO - Job 60: Subtask dbt_curated_transformation
[2025-07-26T05:53:57.387+0000] {logging_mixin.py:188} WARNING - /home/***/.local/lib/python3.10/site-packages/***/settings.py:194 DeprecationWarning: The sql_alchemy_conn option in [core] has been moved to the sql_alchemy_conn option in [database] - the old setting has been used, but please update your config.
[2025-07-26T05:53:57.475+0000] {task_command.py:423} INFO - Running <TaskInstance: pl001_ingest_crypto_postgres.dbt_curated_transformation manual__2025-07-26T05:53:55.318389+00:00 [running]> on host ebcd77d52c19
[2025-07-26T05:53:57.658+0000] {taskinstance.py:2480} INFO - Exporting env vars: AIRFLOW_CTX_DAG_OWNER='***' AIRFLOW_CTX_DAG_ID='pl001_ingest_crypto_postgres' AIRFLOW_CTX_TASK_ID='dbt_curated_transformation' AIRFLOW_CTX_EXECUTION_DATE='2025-07-26T05:53:55.318389+00:00' AIRFLOW_CTX_TRY_NUMBER='1' AIRFLOW_CTX_DAG_RUN_ID='manual__2025-07-26T05:53:55.318389+00:00'
[2025-07-26T05:53:57.661+0000] {subprocess.py:63} INFO - Tmp dir root location: /tmp
[2025-07-26T05:53:57.665+0000] {subprocess.py:75} INFO - Running command: ['/usr/bin/bash', '-c', '\n        export DBT_LOG_PATH=/tmp/dbt &&         mkdir -p /tmp/dbt &&         cd /opt/***/dbt &&         dbt run --profiles-dir /opt/***/dbt/profiles\n        ']
[2025-07-26T05:53:57.682+0000] {subprocess.py:86} INFO - Output:
[2025-07-26T05:54:05.153+0000] {subprocess.py:93} INFO - [0m05:54:05  Running with dbt=1.7.14
[2025-07-26T05:54:05.639+0000] {subprocess.py:93} INFO - [0m05:54:05  Registered adapter: postgres=1.7.14
[2025-07-26T05:54:05.686+0000] {subprocess.py:93} INFO - [0m05:54:05  Unable to do partial parsing because of a version mismatch
[2025-07-26T05:54:10.442+0000] {subprocess.py:93} INFO - [0m05:54:10  Encountered an error:
[2025-07-26T05:54:10.444+0000] {subprocess.py:93} INFO - [Errno 13] Permission denied: '/opt/***/dbt/target/partial_parse.msgpack'
[2025-07-26T05:54:10.448+0000] {subprocess.py:93} INFO - [0m05:54:10  Traceback (most recent call last):
[2025-07-26T05:54:10.449+0000] {subprocess.py:93} INFO -   File "/home/***/.local/lib/python3.10/site-packages/dbt/cli/requires.py", line 91, in wrapper
[2025-07-26T05:54:10.450+0000] {subprocess.py:93} INFO -     result, success = func(*args, **kwargs)
[2025-07-26T05:54:10.452+0000] {subprocess.py:93} INFO -   File "/home/***/.local/lib/python3.10/site-packages/dbt/cli/requires.py", line 76, in wrapper
[2025-07-26T05:54:10.454+0000] {subprocess.py:93} INFO -     return func(*args, **kwargs)
[2025-07-26T05:54:10.455+0000] {subprocess.py:93} INFO -   File "/home/***/.local/lib/python3.10/site-packages/dbt/cli/requires.py", line 169, in wrapper
[2025-07-26T05:54:10.456+0000] {subprocess.py:93} INFO -     return func(*args, **kwargs)
[2025-07-26T05:54:10.457+0000] {subprocess.py:93} INFO -   File "/home/***/.local/lib/python3.10/site-packages/dbt/cli/requires.py", line 198, in wrapper
[2025-07-26T05:54:10.458+0000] {subprocess.py:93} INFO -     return func(*args, **kwargs)
[2025-07-26T05:54:10.461+0000] {subprocess.py:93} INFO -   File "/home/***/.local/lib/python3.10/site-packages/dbt/cli/requires.py", line 245, in wrapper
[2025-07-26T05:54:10.462+0000] {subprocess.py:93} INFO -     return func(*args, **kwargs)
[2025-07-26T05:54:10.463+0000] {subprocess.py:93} INFO -   File "/home/***/.local/lib/python3.10/site-packages/dbt/cli/requires.py", line 271, in wrapper
[2025-07-26T05:54:10.464+0000] {subprocess.py:93} INFO -     ctx.obj["manifest"] = parse_manifest(
[2025-07-26T05:54:10.465+0000] {subprocess.py:93} INFO -   File "/home/***/.local/lib/python3.10/site-packages/dbt/parser/manifest.py", line 1790, in parse_manifest
[2025-07-26T05:54:10.466+0000] {subprocess.py:93} INFO -     manifest = ManifestLoader.get_full_manifest(
[2025-07-26T05:54:10.467+0000] {subprocess.py:93} INFO -   File "/home/***/.local/lib/python3.10/site-packages/dbt/parser/manifest.py", line 318, in get_full_manifest
[2025-07-26T05:54:10.469+0000] {subprocess.py:93} INFO -     manifest = loader.load()
[2025-07-26T05:54:10.471+0000] {subprocess.py:93} INFO -   File "/home/***/.local/lib/python3.10/site-packages/dbt/parser/manifest.py", line 567, in load
[2025-07-26T05:54:10.472+0000] {subprocess.py:93} INFO -     self.write_manifest_for_partial_parse()
[2025-07-26T05:54:10.473+0000] {subprocess.py:93} INFO -   File "/home/***/.local/lib/python3.10/site-packages/dbt/parser/manifest.py", line 754, in write_manifest_for_partial_parse
[2025-07-26T05:54:10.474+0000] {subprocess.py:93} INFO -     with open(path, "wb") as fp:
[2025-07-26T05:54:10.477+0000] {subprocess.py:93} INFO - PermissionError: [Errno 13] Permission denied: '/opt/***/dbt/target/partial_parse.msgpack'
[2025-07-26T05:54:10.478+0000] {subprocess.py:93} INFO - 
[2025-07-26T05:54:12.107+0000] {subprocess.py:97} INFO - Command exited with return code 2
[2025-07-26T05:54:12.127+0000] {taskinstance.py:2698} ERROR - Task failed with exception
Traceback (most recent call last):
  File "/home/airflow/.local/lib/python3.10/site-packages/airflow/models/taskinstance.py", line 433, in _execute_task
    result = execute_callable(context=context, **execute_callable_kwargs)
  File "/home/airflow/.local/lib/python3.10/site-packages/airflow/operators/bash.py", line 212, in execute
    raise AirflowException(
airflow.exceptions.AirflowException: Bash command failed. The command returned a non-zero exit code 2.
[2025-07-26T05:54:12.132+0000] {taskinstance.py:1138} INFO - Marking task as FAILED. dag_id=pl001_ingest_crypto_postgres, task_id=dbt_curated_transformation, execution_date=20250726T055355, start_date=20250726T055357, end_date=20250726T055412
[2025-07-26T05:54:12.156+0000] {standard_task_runner.py:107} ERROR - Failed to execute job 60 for task dbt_curated_transformation (Bash command failed. The command returned a non-zero exit code 2.; 231)
[2025-07-26T05:54:12.175+0000] {local_task_job_runner.py:234} INFO - Task exited with return code 1
[2025-07-26T05:54:12.201+0000] {taskinstance.py:3280} INFO - 0 downstream tasks scheduled from follow-on schedule check
