[2025-07-26T06:13:31.870+0000] {taskinstance.py:1956} INFO - Dependencies all met for dep_context=non-requeueable deps ti=<TaskInstance: pl001_ingest_crypto_postgres.dbt_curated_transformation manual__2025-07-26T06:13:28.906737+00:00 [queued]>
[2025-07-26T06:13:31.927+0000] {taskinstance.py:1956} INFO - Dependencies all met for dep_context=requeueable deps ti=<TaskInstance: pl001_ingest_crypto_postgres.dbt_curated_transformation manual__2025-07-26T06:13:28.906737+00:00 [queued]>
[2025-07-26T06:13:31.933+0000] {taskinstance.py:2170} INFO - Starting attempt 1 of 1
[2025-07-26T06:13:31.967+0000] {taskinstance.py:2191} INFO - Executing <Task(BashOperator): dbt_curated_transformation> on 2025-07-26 06:13:28.906737+00:00
[2025-07-26T06:13:31.984+0000] {standard_task_runner.py:60} INFO - Started process 448 to run task
[2025-07-26T06:13:31.991+0000] {standard_task_runner.py:87} INFO - Running: ['***', 'tasks', 'run', 'pl001_ingest_crypto_postgres', 'dbt_curated_transformation', 'manual__2025-07-26T06:13:28.906737+00:00', '--job-id', '62', '--raw', '--subdir', 'DAGS_FOLDER/***_pipeline.py', '--cfg-path', '/tmp/tmph069styz']
[2025-07-26T06:13:31.996+0000] {standard_task_runner.py:88} INFO - Job 62: Subtask dbt_curated_transformation
[2025-07-26T06:13:32.043+0000] {logging_mixin.py:188} WARNING - /home/***/.local/lib/python3.10/site-packages/***/settings.py:194 DeprecationWarning: The sql_alchemy_conn option in [core] has been moved to the sql_alchemy_conn option in [database] - the old setting has been used, but please update your config.
[2025-07-26T06:13:32.144+0000] {task_command.py:423} INFO - Running <TaskInstance: pl001_ingest_crypto_postgres.dbt_curated_transformation manual__2025-07-26T06:13:28.906737+00:00 [running]> on host ebcd77d52c19
[2025-07-26T06:13:32.633+0000] {taskinstance.py:2480} INFO - Exporting env vars: AIRFLOW_CTX_DAG_OWNER='***' AIRFLOW_CTX_DAG_ID='pl001_ingest_crypto_postgres' AIRFLOW_CTX_TASK_ID='dbt_curated_transformation' AIRFLOW_CTX_EXECUTION_DATE='2025-07-26T06:13:28.906737+00:00' AIRFLOW_CTX_TRY_NUMBER='1' AIRFLOW_CTX_DAG_RUN_ID='manual__2025-07-26T06:13:28.906737+00:00'
[2025-07-26T06:13:32.646+0000] {subprocess.py:63} INFO - Tmp dir root location: /tmp
[2025-07-26T06:13:32.651+0000] {subprocess.py:75} INFO - Running command: ['/usr/bin/bash', '-c', '\n        export DBT_LOG_PATH=/tmp/dbt &&         mkdir -p /tmp/dbt &&         cd /opt/***/dbt &&         dbt run \n        ']
[2025-07-26T06:13:32.688+0000] {subprocess.py:86} INFO - Output:
[2025-07-26T06:13:38.886+0000] {subprocess.py:93} INFO - [0m06:13:38  Running with dbt=1.7.14
[2025-07-26T06:13:39.262+0000] {subprocess.py:93} INFO - [0m06:13:39  Registered adapter: postgres=1.7.14
[2025-07-26T06:13:39.539+0000] {subprocess.py:93} INFO - [0m06:13:39  Found 3 models, 2 sources, 0 exposures, 0 metrics, 401 macros, 0 groups, 0 semantic models
[2025-07-26T06:13:39.543+0000] {subprocess.py:93} INFO - [0m06:13:39
[2025-07-26T06:13:40.094+0000] {subprocess.py:93} INFO - [0m06:13:40  Concurrency: 4 threads (target='dev')
[2025-07-26T06:13:40.097+0000] {subprocess.py:93} INFO - [0m06:13:40
[2025-07-26T06:13:40.150+0000] {subprocess.py:93} INFO - [0m06:13:40  1 of 3 START sql table model core_curated.market_data .......................... [RUN]
[2025-07-26T06:13:40.154+0000] {subprocess.py:93} INFO - [0m06:13:40  2 of 3 START sql table model core.my_first_dbt_model ........................... [RUN]
[2025-07-26T06:13:41.887+0000] {subprocess.py:93} INFO - [0m06:13:41  1 of 3 OK created sql table model core_curated.market_data ..................... [[32mSELECT 10[0m in 1.71s]
[2025-07-26T06:13:41.893+0000] {subprocess.py:93} INFO - [0m06:13:41  2 of 3 OK created sql table model core.my_first_dbt_model ...................... [[32mSELECT 2[0m in 1.72s]
[2025-07-26T06:13:41.919+0000] {subprocess.py:93} INFO - [0m06:13:41  3 of 3 START sql view model core.my_second_dbt_model ........................... [RUN]
[2025-07-26T06:13:42.318+0000] {subprocess.py:93} INFO - [0m06:13:42  3 of 3 OK created sql view model core.my_second_dbt_model ...................... [[32mCREATE VIEW[0m in 0.39s]
[2025-07-26T06:13:42.343+0000] {subprocess.py:93} INFO - [0m06:13:42
[2025-07-26T06:13:42.344+0000] {subprocess.py:93} INFO - [0m06:13:42  Finished running 2 table models, 1 view model in 0 hours 0 minutes and 2.80 seconds (2.80s).
[2025-07-26T06:13:42.376+0000] {subprocess.py:93} INFO - [0m06:13:42
[2025-07-26T06:13:42.377+0000] {subprocess.py:93} INFO - [0m06:13:42  [32mCompleted successfully[0m
[2025-07-26T06:13:42.378+0000] {subprocess.py:93} INFO - [0m06:13:42
[2025-07-26T06:13:42.378+0000] {subprocess.py:93} INFO - [0m06:13:42  Done. PASS=3 WARN=0 ERROR=0 SKIP=0 TOTAL=3
[2025-07-26T06:13:44.027+0000] {subprocess.py:97} INFO - Command exited with return code 0
[2025-07-26T06:13:44.125+0000] {taskinstance.py:1138} INFO - Marking task as SUCCESS. dag_id=pl001_ingest_crypto_postgres, task_id=dbt_curated_transformation, execution_date=20250726T061328, start_date=20250726T061331, end_date=20250726T061344
[2025-07-26T06:13:44.208+0000] {local_task_job_runner.py:234} INFO - Task exited with return code 0
[2025-07-26T06:13:44.258+0000] {taskinstance.py:3280} INFO - 0 downstream tasks scheduled from follow-on schedule check
