[2025-07-26T17:56:16.351+0000] {taskinstance.py:1956} INFO - Dependencies all met for dep_context=non-requeueable deps ti=<TaskInstance: pl001_ingest_crypto_postgres.dbt_curated_transformation manual__2025-07-26T17:56:14.079447+00:00 [queued]>
[2025-07-26T17:56:16.363+0000] {taskinstance.py:1956} INFO - Dependencies all met for dep_context=requeueable deps ti=<TaskInstance: pl001_ingest_crypto_postgres.dbt_curated_transformation manual__2025-07-26T17:56:14.079447+00:00 [queued]>
[2025-07-26T17:56:16.366+0000] {taskinstance.py:2170} INFO - Starting attempt 1 of 1
[2025-07-26T17:56:16.387+0000] {taskinstance.py:2191} INFO - Executing <Task(BashOperator): dbt_curated_transformation> on 2025-07-26 17:56:14.079447+00:00
[2025-07-26T17:56:16.396+0000] {standard_task_runner.py:60} INFO - Started process 1054 to run task
[2025-07-26T17:56:16.442+0000] {standard_task_runner.py:87} INFO - Running: ['***', 'tasks', 'run', 'pl001_ingest_crypto_postgres', 'dbt_curated_transformation', 'manual__2025-07-26T17:56:14.079447+00:00', '--job-id', '76', '--raw', '--subdir', 'DAGS_FOLDER/***_pipeline.py', '--cfg-path', '/tmp/tmpiha4k3rl']
[2025-07-26T17:56:16.487+0000] {standard_task_runner.py:88} INFO - Job 76: Subtask dbt_curated_transformation
[2025-07-26T17:56:16.647+0000] {logging_mixin.py:188} WARNING - /home/***/.local/lib/python3.10/site-packages/***/settings.py:194 DeprecationWarning: The sql_alchemy_conn option in [core] has been moved to the sql_alchemy_conn option in [database] - the old setting has been used, but please update your config.
[2025-07-26T17:56:16.876+0000] {task_command.py:423} INFO - Running <TaskInstance: pl001_ingest_crypto_postgres.dbt_curated_transformation manual__2025-07-26T17:56:14.079447+00:00 [running]> on host dfd1c4a1c4e4
[2025-07-26T17:56:17.142+0000] {taskinstance.py:2480} INFO - Exporting env vars: AIRFLOW_CTX_DAG_OWNER='***' AIRFLOW_CTX_DAG_ID='pl001_ingest_crypto_postgres' AIRFLOW_CTX_TASK_ID='dbt_curated_transformation' AIRFLOW_CTX_EXECUTION_DATE='2025-07-26T17:56:14.079447+00:00' AIRFLOW_CTX_TRY_NUMBER='1' AIRFLOW_CTX_DAG_RUN_ID='manual__2025-07-26T17:56:14.079447+00:00'
[2025-07-26T17:56:17.147+0000] {subprocess.py:63} INFO - Tmp dir root location: /tmp
[2025-07-26T17:56:17.149+0000] {subprocess.py:75} INFO - Running command: ['/usr/bin/bash', '-c', '\n        export DBT_LOG_PATH=/tmp/dbt &&         mkdir -p /tmp/dbt &&         cd /opt/***/dbt &&         dbt run \n        ']
[2025-07-26T17:56:17.165+0000] {subprocess.py:86} INFO - Output:
[2025-07-26T17:56:28.240+0000] {subprocess.py:93} INFO - [0m17:56:28  Running with dbt=1.7.14
[2025-07-26T17:56:28.694+0000] {subprocess.py:93} INFO - [0m17:56:28  Registered adapter: postgres=1.7.14
[2025-07-26T17:56:28.786+0000] {subprocess.py:93} INFO - [0m17:56:28  Unable to do partial parsing because a project config has changed
[2025-07-26T17:56:34.332+0000] {subprocess.py:93} INFO - [0m17:56:34  Encountered an error:
[2025-07-26T17:56:34.333+0000] {subprocess.py:93} INFO - Compilation Error in model fact_coins (models/processed/fact_coins.sql)
[2025-07-26T17:56:34.334+0000] {subprocess.py:93} INFO -   The name argument to ref() must be a string, got <class 'dbt.clients.jinja.create_undefined.<locals>.Undefined'>
[2025-07-26T17:56:36.035+0000] {subprocess.py:97} INFO - Command exited with return code 2
[2025-07-26T17:56:36.055+0000] {taskinstance.py:2698} ERROR - Task failed with exception
Traceback (most recent call last):
  File "/home/airflow/.local/lib/python3.10/site-packages/airflow/models/taskinstance.py", line 433, in _execute_task
    result = execute_callable(context=context, **execute_callable_kwargs)
  File "/home/airflow/.local/lib/python3.10/site-packages/airflow/operators/bash.py", line 212, in execute
    raise AirflowException(
airflow.exceptions.AirflowException: Bash command failed. The command returned a non-zero exit code 2.
[2025-07-26T17:56:36.060+0000] {taskinstance.py:1138} INFO - Marking task as FAILED. dag_id=pl001_ingest_crypto_postgres, task_id=dbt_curated_transformation, execution_date=20250726T175614, start_date=20250726T175616, end_date=20250726T175636
[2025-07-26T17:56:36.099+0000] {standard_task_runner.py:107} ERROR - Failed to execute job 76 for task dbt_curated_transformation (Bash command failed. The command returned a non-zero exit code 2.; 1054)
[2025-07-26T17:56:36.136+0000] {local_task_job_runner.py:234} INFO - Task exited with return code 1
[2025-07-26T17:56:36.171+0000] {taskinstance.py:3280} INFO - 0 downstream tasks scheduled from follow-on schedule check
