[2025-07-26T17:54:14.105+0000] {taskinstance.py:1956} INFO - Dependencies all met for dep_context=non-requeueable deps ti=<TaskInstance: pl001_ingest_crypto_postgres.dbt_curated_transformation manual__2025-07-26T17:54:11.414362+00:00 [queued]>
[2025-07-26T17:54:14.126+0000] {taskinstance.py:1956} INFO - Dependencies all met for dep_context=requeueable deps ti=<TaskInstance: pl001_ingest_crypto_postgres.dbt_curated_transformation manual__2025-07-26T17:54:11.414362+00:00 [queued]>
[2025-07-26T17:54:14.130+0000] {taskinstance.py:2170} INFO - Starting attempt 1 of 1
[2025-07-26T17:54:14.217+0000] {taskinstance.py:2191} INFO - Executing <Task(BashOperator): dbt_curated_transformation> on 2025-07-26 17:54:11.414362+00:00
[2025-07-26T17:54:14.249+0000] {standard_task_runner.py:60} INFO - Started process 1024 to run task
[2025-07-26T17:54:14.319+0000] {standard_task_runner.py:87} INFO - Running: ['***', 'tasks', 'run', 'pl001_ingest_crypto_postgres', 'dbt_curated_transformation', 'manual__2025-07-26T17:54:11.414362+00:00', '--job-id', '75', '--raw', '--subdir', 'DAGS_FOLDER/***_pipeline.py', '--cfg-path', '/tmp/tmpvac5k1y4']
[2025-07-26T17:54:14.401+0000] {standard_task_runner.py:88} INFO - Job 75: Subtask dbt_curated_transformation
[2025-07-26T17:54:14.606+0000] {logging_mixin.py:188} WARNING - /home/***/.local/lib/python3.10/site-packages/***/settings.py:194 DeprecationWarning: The sql_alchemy_conn option in [core] has been moved to the sql_alchemy_conn option in [database] - the old setting has been used, but please update your config.
[2025-07-26T17:54:15.007+0000] {task_command.py:423} INFO - Running <TaskInstance: pl001_ingest_crypto_postgres.dbt_curated_transformation manual__2025-07-26T17:54:11.414362+00:00 [running]> on host dfd1c4a1c4e4
[2025-07-26T17:54:15.649+0000] {taskinstance.py:2480} INFO - Exporting env vars: AIRFLOW_CTX_DAG_OWNER='***' AIRFLOW_CTX_DAG_ID='pl001_ingest_crypto_postgres' AIRFLOW_CTX_TASK_ID='dbt_curated_transformation' AIRFLOW_CTX_EXECUTION_DATE='2025-07-26T17:54:11.414362+00:00' AIRFLOW_CTX_TRY_NUMBER='1' AIRFLOW_CTX_DAG_RUN_ID='manual__2025-07-26T17:54:11.414362+00:00'
[2025-07-26T17:54:15.653+0000] {subprocess.py:63} INFO - Tmp dir root location: /tmp
[2025-07-26T17:54:15.659+0000] {subprocess.py:75} INFO - Running command: ['/usr/bin/bash', '-c', '\n        export DBT_LOG_PATH=/tmp/dbt &&         mkdir -p /tmp/dbt &&         cd /opt/***/dbt &&         dbt run \n        ']
[2025-07-26T17:54:15.697+0000] {subprocess.py:86} INFO - Output:
[2025-07-26T17:54:25.288+0000] {subprocess.py:93} INFO - [0m17:54:25  Running with dbt=1.7.14
[2025-07-26T17:54:25.754+0000] {subprocess.py:93} INFO - [0m17:54:25  Registered adapter: postgres=1.7.14
[2025-07-26T17:54:25.815+0000] {subprocess.py:93} INFO - [0m17:54:25  Unable to do partial parsing because a project config has changed
[2025-07-26T17:54:29.836+0000] {subprocess.py:93} INFO - [0m17:54:29  Encountered an error:
[2025-07-26T17:54:29.837+0000] {subprocess.py:93} INFO - Compilation Error in model fact_coins (models/processed/fact_coins.sql)
[2025-07-26T17:54:29.837+0000] {subprocess.py:93} INFO -   The name argument to ref() must be a string, got <class 'dbt.clients.jinja.create_undefined.<locals>.Undefined'>
[2025-07-26T17:54:31.462+0000] {subprocess.py:97} INFO - Command exited with return code 2
[2025-07-26T17:54:31.487+0000] {taskinstance.py:2698} ERROR - Task failed with exception
Traceback (most recent call last):
  File "/home/airflow/.local/lib/python3.10/site-packages/airflow/models/taskinstance.py", line 433, in _execute_task
    result = execute_callable(context=context, **execute_callable_kwargs)
  File "/home/airflow/.local/lib/python3.10/site-packages/airflow/operators/bash.py", line 212, in execute
    raise AirflowException(
airflow.exceptions.AirflowException: Bash command failed. The command returned a non-zero exit code 2.
[2025-07-26T17:54:31.494+0000] {taskinstance.py:1138} INFO - Marking task as FAILED. dag_id=pl001_ingest_crypto_postgres, task_id=dbt_curated_transformation, execution_date=20250726T175411, start_date=20250726T175414, end_date=20250726T175431
[2025-07-26T17:54:31.526+0000] {standard_task_runner.py:107} ERROR - Failed to execute job 75 for task dbt_curated_transformation (Bash command failed. The command returned a non-zero exit code 2.; 1024)
[2025-07-26T17:54:31.576+0000] {local_task_job_runner.py:234} INFO - Task exited with return code 1
[2025-07-26T17:54:31.624+0000] {taskinstance.py:3280} INFO - 0 downstream tasks scheduled from follow-on schedule check
