[2025-07-26T18:39:34.282+0000] {taskinstance.py:1956} INFO - Dependencies all met for dep_context=non-requeueable deps ti=<TaskInstance: pl001_ingest_crypto_postgres.dbt_curated_transformation manual__2025-07-26T18:39:31.904574+00:00 [queued]>
[2025-07-26T18:39:34.305+0000] {taskinstance.py:1956} INFO - Dependencies all met for dep_context=requeueable deps ti=<TaskInstance: pl001_ingest_crypto_postgres.dbt_curated_transformation manual__2025-07-26T18:39:31.904574+00:00 [queued]>
[2025-07-26T18:39:34.306+0000] {taskinstance.py:2170} INFO - Starting attempt 1 of 1
[2025-07-26T18:39:34.332+0000] {taskinstance.py:2191} INFO - Executing <Task(BashOperator): dbt_curated_transformation> on 2025-07-26 18:39:31.904574+00:00
[2025-07-26T18:39:34.343+0000] {standard_task_runner.py:60} INFO - Started process 1708 to run task
[2025-07-26T18:39:34.349+0000] {standard_task_runner.py:87} INFO - Running: ['***', 'tasks', 'run', 'pl001_ingest_crypto_postgres', 'dbt_curated_transformation', 'manual__2025-07-26T18:39:31.904574+00:00', '--job-id', '91', '--raw', '--subdir', 'DAGS_FOLDER/***_pipeline.py', '--cfg-path', '/tmp/tmpzonlwbu5']
[2025-07-26T18:39:34.355+0000] {standard_task_runner.py:88} INFO - Job 91: Subtask dbt_curated_transformation
[2025-07-26T18:39:34.394+0000] {logging_mixin.py:188} WARNING - /home/***/.local/lib/python3.10/site-packages/***/settings.py:194 DeprecationWarning: The sql_alchemy_conn option in [core] has been moved to the sql_alchemy_conn option in [database] - the old setting has been used, but please update your config.
[2025-07-26T18:39:34.468+0000] {task_command.py:423} INFO - Running <TaskInstance: pl001_ingest_crypto_postgres.dbt_curated_transformation manual__2025-07-26T18:39:31.904574+00:00 [running]> on host dfd1c4a1c4e4
[2025-07-26T18:39:34.606+0000] {taskinstance.py:2480} INFO - Exporting env vars: AIRFLOW_CTX_DAG_OWNER='***' AIRFLOW_CTX_DAG_ID='pl001_ingest_crypto_postgres' AIRFLOW_CTX_TASK_ID='dbt_curated_transformation' AIRFLOW_CTX_EXECUTION_DATE='2025-07-26T18:39:31.904574+00:00' AIRFLOW_CTX_TRY_NUMBER='1' AIRFLOW_CTX_DAG_RUN_ID='manual__2025-07-26T18:39:31.904574+00:00'
[2025-07-26T18:39:34.608+0000] {subprocess.py:63} INFO - Tmp dir root location: /tmp
[2025-07-26T18:39:34.609+0000] {subprocess.py:75} INFO - Running command: ['/usr/bin/bash', '-c', '\n        export DBT_LOG_PATH=/tmp/dbt &&         mkdir -p /tmp/dbt &&         cd /opt/***/dbt &&         dbt run \n        ']
[2025-07-26T18:39:34.625+0000] {subprocess.py:86} INFO - Output:
[2025-07-26T18:39:45.552+0000] {subprocess.py:93} INFO - [0m18:39:45  Running with dbt=1.7.14
[2025-07-26T18:39:46.057+0000] {subprocess.py:93} INFO - [0m18:39:46  Registered adapter: postgres=1.7.14
[2025-07-26T18:39:46.444+0000] {subprocess.py:93} INFO - [0m18:39:46  Found 5 models, 5 tests, 2 sources, 0 exposures, 0 metrics, 401 macros, 0 groups, 0 semantic models
[2025-07-26T18:39:46.448+0000] {subprocess.py:93} INFO - [0m18:39:46
[2025-07-26T18:39:46.899+0000] {subprocess.py:93} INFO - [0m18:39:46  Concurrency: 4 threads (target='dev')
[2025-07-26T18:39:46.900+0000] {subprocess.py:93} INFO - [0m18:39:46
[2025-07-26T18:39:46.918+0000] {subprocess.py:93} INFO - [0m18:39:46  1 of 5 START sql table model core_curated.historical_data ...................... [RUN]
[2025-07-26T18:39:46.920+0000] {subprocess.py:93} INFO - [0m18:39:46  2 of 5 START sql table model core_curated.market_data .......................... [RUN]
[2025-07-26T18:39:47.357+0000] {subprocess.py:93} INFO - [0m18:39:47  2 of 5 OK created sql table model core_curated.market_data ..................... [[32mSELECT 10[0m in 0.43s]
[2025-07-26T18:39:47.364+0000] {subprocess.py:93} INFO - [0m18:39:47  1 of 5 OK created sql table model core_curated.historical_data ................. [[32mSELECT 1209[0m in 0.44s]
[2025-07-26T18:39:47.371+0000] {subprocess.py:93} INFO - [0m18:39:47  3 of 5 START sql table model core_pro.dim_coin ................................. [RUN]
[2025-07-26T18:39:47.373+0000] {subprocess.py:93} INFO - [0m18:39:47  4 of 5 START sql table model core_pro.dim_date ................................. [RUN]
[2025-07-26T18:39:47.566+0000] {subprocess.py:93} INFO - [0m18:39:47  4 of 5 OK created sql table model core_pro.dim_date ............................ [[32mSELECT 6[0m in 0.18s]
[2025-07-26T18:39:47.575+0000] {subprocess.py:93} INFO - [0m18:39:47  3 of 5 OK created sql table model core_pro.dim_coin ............................ [[32mSELECT 10[0m in 0.20s]
[2025-07-26T18:39:47.580+0000] {subprocess.py:93} INFO - [0m18:39:47  5 of 5 START sql incremental model core_pro.fact_coins ......................... [RUN]
[2025-07-26T18:39:47.856+0000] {subprocess.py:93} INFO - [0m18:39:47  5 of 5 OK created sql incremental model core_pro.fact_coins .................... [[32mSELECT 1209[0m in 0.26s]
[2025-07-26T18:39:48.044+0000] {subprocess.py:93} INFO - [0m18:39:48
[2025-07-26T18:39:48.049+0000] {subprocess.py:93} INFO - [0m18:39:48  Finished running 4 table models, 1 incremental model in 0 hours 0 minutes and 1.59 seconds (1.59s).
[2025-07-26T18:39:48.214+0000] {subprocess.py:93} INFO - [0m18:39:48
[2025-07-26T18:39:48.218+0000] {subprocess.py:93} INFO - [0m18:39:48  [32mCompleted successfully[0m
[2025-07-26T18:39:48.221+0000] {subprocess.py:93} INFO - [0m18:39:48
[2025-07-26T18:39:48.224+0000] {subprocess.py:93} INFO - [0m18:39:48  Done. PASS=5 WARN=0 ERROR=0 SKIP=0 TOTAL=5
[2025-07-26T18:39:50.713+0000] {subprocess.py:97} INFO - Command exited with return code 0
[2025-07-26T18:39:50.757+0000] {taskinstance.py:1138} INFO - Marking task as SUCCESS. dag_id=pl001_ingest_crypto_postgres, task_id=dbt_curated_transformation, execution_date=20250726T183931, start_date=20250726T183934, end_date=20250726T183950
[2025-07-26T18:39:50.798+0000] {local_task_job_runner.py:234} INFO - Task exited with return code 0
[2025-07-26T18:39:50.823+0000] {taskinstance.py:3280} INFO - 0 downstream tasks scheduled from follow-on schedule check
